os/freertos/NTZ/freertos_kernel/event_groups.c:519:13:xEventGroupSetBits.part.0	32	static
os/freertos/NTZ/freertos_kernel/event_groups.c:665:6:vEventGroupClearBitsCallback	16	static
os/freertos/NTZ/freertos_kernel/event_groups.c:657:6:vEventGroupSetBitsCallback	8	static
os/freertos/NTZ/freertos_kernel/event_groups.c:93:21:xEventGroupCreateStatic	16	static
os/freertos/NTZ/freertos_kernel/event_groups.c:145:21:xEventGroupCreate	16	static
os/freertos/NTZ/freertos_kernel/event_groups.c:191:13:xEventGroupSync	24	static
os/freertos/NTZ/freertos_kernel/event_groups.c:311:13:xEventGroupWaitBits	24	static
os/freertos/NTZ/freertos_kernel/event_groups.c:461:13:xEventGroupClearBits	16	static
os/freertos/NTZ/freertos_kernel/event_groups.c:490:13:xEventGroupClearBitsFromISR	0	static
os/freertos/NTZ/freertos_kernel/event_groups.c:503:13:xEventGroupGetBitsFromISR	8	static
os/freertos/NTZ/freertos_kernel/event_groups.c:519:13:xEventGroupSetBits	8	static
os/freertos/NTZ/freertos_kernel/event_groups.c:613:6:vEventGroupDelete	16	static
os/freertos/NTZ/freertos_kernel/event_groups.c:708:13:xEventGroupSetBitsFromISR	4	static
os/freertos/NTZ/freertos_kernel/event_groups.c:723:14:uxEventGroupGetNumber	0	static
os/freertos/NTZ/freertos_kernel/event_groups.c:745:7:vEventGroupSetNumber	0	static
