app/scenario_app/timed_interrupt_fatfs/timed_interrupt_fatfs.c:217:13:dp_app_cv_eventhdl_cb	48	static
app/scenario_app/timed_interrupt_fatfs/timed_interrupt_fatfs.c:151:13:hello_task1	8	static
app/scenario_app/timed_interrupt_fatfs/timed_interrupt_fatfs.c:160:13:interrupt_task	8	static
app/scenario_app/timed_interrupt_fatfs/timed_interrupt_fatfs.c:362:6:app_start_state	24	static
app/scenario_app/timed_interrupt_fatfs/timed_interrupt_fatfs.c:176:13:main_task	8	static
app/scenario_app/timed_interrupt_fatfs/timed_interrupt_fatfs.c:407:5:app_main	16	static
