Archive member included to satisfy reference by file (symbol)

obj_epii_evb_icv30_bdv10/gnu_epii_evb_WLCSP65/libtrustzone_cfg.a(trustzone_cfg.o)
                              obj_epii_evb_icv30_bdv10/gnu_epii_evb_WLCSP65/device/system_WE2_ARMCM55.o (TZ_SAU_Setup)
obj_epii_evb_icv30_bdv10/gnu_epii_evb_WLCSP65/libdriver.a(hx_drv_hw2x2.o)
                              obj_epii_evb_icv30_bdv10/gnu_epii_evb_WLCSP65/board/epii_evb/platform_driver_init.o (hx_drv_hw2x2_init)
obj_epii_evb_icv30_bdv10/gnu_epii_evb_WLCSP65/libdriver.a(hx_drv_hw5x5.o)
                              obj_epii_evb_icv30_bdv10/gnu_epii_evb_WLCSP65/board/epii_evb/platform_driver_init.o (hx_drv_hw5x5_init)
obj_epii_evb_icv30_bdv10/gnu_epii_evb_WLCSP65/libdriver.a(hx_drv_cdm.o)
                              obj_epii_evb_icv30_bdv10/gnu_epii_evb_WLCSP65/board/epii_evb/platform_driver_init.o (hx_drv_cdm_init)
obj_epii_evb_icv30_bdv10/gnu_epii_evb_WLCSP65/libdriver.a(hx_drv_csirx.o)
                              obj_epii_evb_icv30_bdv10/gnu_epii_evb_WLCSP65/board/epii_evb/platform_driver_init.o (hx_drv_csirx_init)
obj_epii_evb_icv30_bdv10/gnu_epii_evb_WLCSP65/libdriver.a(hx_drv_csitx.o)
                              obj_epii_evb_icv30_bdv10/gnu_epii_evb_WLCSP65/board/epii_evb/platform_driver_init.o (hx_drv_csitx_init)
obj_epii_evb_icv30_bdv10/gnu_epii_evb_WLCSP65/libdriver.a(hx_drv_damc.o)
                              obj_epii_evb_icv30_bdv10/gnu_epii_evb_WLCSP65/board/epii_evb/platform_driver_init.o (hx_drv_dmac_init)
obj_epii_evb_icv30_bdv10/gnu_epii_evb_WLCSP65/libdriver.a(hx_drv_dp.o)
                              obj_epii_evb_icv30_bdv10/gnu_epii_evb_WLCSP65/board/epii_evb/platform_driver_init.o (hx_drv_dp_init)
obj_epii_evb_icv30_bdv10/gnu_epii_evb_WLCSP65/libdriver.a(hx_drv_edm.o)
                              obj_epii_evb_icv30_bdv10/gnu_epii_evb_WLCSP65/board/epii_evb/platform_driver_init.o (hx_drv_edm_init_regbase)
obj_epii_evb_icv30_bdv10/gnu_epii_evb_WLCSP65/libdriver.a(hx_drv_gpio.o)
                              obj_epii_evb_icv30_bdv10/gnu_epii_evb_WLCSP65/board/epii_evb/platform_driver_init.o (hx_drv_gpio_init)
obj_epii_evb_icv30_bdv10/gnu_epii_evb_WLCSP65/libdriver.a(gpio.o)
                              obj_epii_evb_icv30_bdv10/gnu_epii_evb_WLCSP65/libdriver.a(hx_drv_gpio.o) (gpio_direction_input)
obj_epii_evb_icv30_bdv10/gnu_epii_evb_WLCSP65/libdriver.a(hx_drv_hxautoi2c_mst.o)
                              obj_epii_evb_icv30_bdv10/gnu_epii_evb_WLCSP65/board/epii_evb/platform_driver_init.o (hx_drv_hxautoi2c_init)
obj_epii_evb_icv30_bdv10/gnu_epii_evb_WLCSP65/libdriver.a(hx_drv_iic.o)
                              obj_epii_evb_icv30_bdv10/gnu_epii_evb_WLCSP65/board/epii_evb/platform_driver_init.o (hx_drv_i2cm_init)
obj_epii_evb_icv30_bdv10/gnu_epii_evb_WLCSP65/libdriver.a(dw_iic.o)
                              obj_epii_evb_icv30_bdv10/gnu_epii_evb_WLCSP65/libdriver.a(hx_drv_iic.o) (dw_iic_open)
obj_epii_evb_icv30_bdv10/gnu_epii_evb_WLCSP65/libdriver.a(hx_drv_inp.o)
                              obj_epii_evb_icv30_bdv10/gnu_epii_evb_WLCSP65/board/epii_evb/platform_driver_init.o (hx_drv_inp_init)
obj_epii_evb_icv30_bdv10/gnu_epii_evb_WLCSP65/libdriver.a(hx_drv_inp1bitparser.o)
                              obj_epii_evb_icv30_bdv10/gnu_epii_evb_WLCSP65/board/epii_evb/platform_driver_init.o (hx_drv_inp1bitparser_init)
obj_epii_evb_icv30_bdv10/gnu_epii_evb_WLCSP65/libdriver.a(hx_drv_inpovparser.o)
                              obj_epii_evb_icv30_bdv10/gnu_epii_evb_WLCSP65/board/epii_evb/platform_driver_init.o (hx_drv_inpovparser_init)
obj_epii_evb_icv30_bdv10/gnu_epii_evb_WLCSP65/libdriver.a(hx_drv_jpeg.o)
                              obj_epii_evb_icv30_bdv10/gnu_epii_evb_WLCSP65/board/epii_evb/platform_driver_init.o (hx_drv_jpeg_init)
obj_epii_evb_icv30_bdv10/gnu_epii_evb_WLCSP65/libdriver.a(hx_drv_mb.o)
                              obj_epii_evb_icv30_bdv10/gnu_epii_evb_WLCSP65/board/epii_evb/platform_driver_init.o (hx_drv_mb_init)
obj_epii_evb_icv30_bdv10/gnu_epii_evb_WLCSP65/libdriver.a(hx_drv_mpc.o)
                              obj_epii_evb_icv30_bdv10/gnu_epii_evb_WLCSP65/libtrustzone_cfg.a(trustzone_cfg.o) (hx_drv_mpc_set_sram0_irq_clear)
obj_epii_evb_icv30_bdv10/gnu_epii_evb_WLCSP65/libdriver.a(hx_drv_ppc.o)
                              obj_epii_evb_icv30_bdv10/gnu_epii_evb_WLCSP65/libtrustzone_cfg.a(trustzone_cfg.o) (hx_drv_ppc_get_dwc)
obj_epii_evb_icv30_bdv10/gnu_epii_evb_WLCSP65/libdriver.a(hx_drv_pwm.o)
                              obj_epii_evb_icv30_bdv10/gnu_epii_evb_WLCSP65/board/epii_evb/platform_driver_init.o (hx_drv_pwm_init)
obj_epii_evb_icv30_bdv10/gnu_epii_evb_WLCSP65/libdriver.a(hx_drv_rtc.o)
                              obj_epii_evb_icv30_bdv10/gnu_epii_evb_WLCSP65/board/epii_evb/platform_driver_init.o (hx_drv_rtc_init)
obj_epii_evb_icv30_bdv10/gnu_epii_evb_WLCSP65/libdriver.a(hx_drv_scu.o)
[...]
Memory Configuration

Name             Origin             Length             Attributes
CM55M_S_APP_ROM  0x10000000         0x00040000         xr
CM55M_S_APP_DATA 0x30000000         0x00040000         xrw
CM55M_S_SRAM     0x3401f000         0x001e1000         xrw
*default*        0x00000000         0xffffffff

Linker script and memory map

LOAD /home/tobyntobyn/arm-gnu-toolchain-13.2.Rel1-x86_64-arm-none-eabi/bin/../lib/gcc/arm-none-eabi/13.2.1/thumb/v8-m.main+dp/hard/crti.o
LOAD /home/tobyntobyn/arm-gnu-toolchain-13.2.Rel1-x86_64-arm-none-eabi/bin/../lib/gcc/arm-none-eabi/13.2.1/thumb/v8-m.main+dp/hard/crtbegin.o
LOAD /home/tobyntobyn/arm-gnu-toolchain-13.2.Rel1-x86_64-arm-none-eabi/bin/../lib/gcc/arm-none-eabi/13.2.1/../../../../arm-none-eabi/lib/thumb/v8-m.main+dp/hard/crt0.o
LOAD obj_epii_evb_icv30_bdv10/gnu_epii_evb_WLCSP65/device/WE2_core.o
LOAD obj_epii_evb_icv30_bdv10/gnu_epii_evb_WLCSP65/device/system_WE2_ARMCM55.o
LOAD obj_epii_evb_icv30_bdv10/gnu_epii_evb_WLCSP65/device/clib/console_io.o
LOAD obj_epii_evb_icv30_bdv10/gnu_epii_evb_WLCSP65/device/clib/retarget.o
LOAD obj_epii_evb_icv30_bdv10/gnu_epii_evb_WLCSP65/device/clib/gnu/retarget_io.o
LOAD obj_epii_evb_icv30_bdv10/gnu_epii_evb_WLCSP65/device/startup_WE2_ARMCM55.o
LOAD obj_epii_evb_icv30_bdv10/gnu_epii_evb_WLCSP65/board/epii_evb/board.o
LOAD obj_epii_evb_icv30_bdv10/gnu_epii_evb_WLCSP65/board/epii_evb/pinmux_init.o
LOAD obj_epii_evb_icv30_bdv10/gnu_epii_evb_WLCSP65/board/epii_evb/platform_driver_init.o
LOAD obj_epii_evb_icv30_bdv10/gnu_epii_evb_WLCSP65/app/scenario_app/i2c_slave_app/i2c_slave_app.o
LOAD obj_epii_evb_icv30_bdv10/gnu_epii_evb_WLCSP65/app/main.o
LOAD obj_epii_evb_icv30_bdv10/gnu_epii_evb_WLCSP65/interface/driver_interface.o
LOAD obj_epii_evb_icv30_bdv10/gnu_epii_evb_WLCSP65/interface/timer_interface.o
START GROUP
LOAD obj_epii_evb_icv30_bdv10/gnu_epii_evb_WLCSP65/libtrustzone_cfg.a
LOAD obj_epii_evb_icv30_bdv10/gnu_epii_evb_WLCSP65/libdriver.a
LOAD obj_epii_evb_icv30_bdv10/gnu_epii_evb_WLCSP65/libcommon.a
LOAD obj_epii_evb_icv30_bdv10/gnu_epii_evb_WLCSP65/libhxevent.a
LOAD obj_epii_evb_icv30_bdv10/gnu_epii_evb_WLCSP65/libpwrmgmt.a
LOAD obj_epii_evb_icv30_bdv10/gnu_epii_evb_WLCSP65/lib_spi_eeprom.a
LOAD obj_epii_evb_icv30_bdv10/gnu_epii_evb_WLCSP65/lib_spi_ptl.a
LOAD obj_epii_evb_icv30_bdv10/gnu_epii_evb_WLCSP65/lib_cmsis_nn.a
LOAD obj_epii_evb_icv30_bdv10/gnu_epii_evb_WLCSP65/libextdevice.a
LOAD obj_epii_evb_icv30_bdv10/gnu_epii_evb_WLCSP65/libcustomer.a
LOAD /home/tobyntobyn/arm-gnu-toolchain-13.2.Rel1-x86_64-arm-none-eabi/bin/../lib/gcc/arm-none-eabi/13.2.1/../../../../arm-none-eabi/lib/thumb/v8-m.main+dp/hard/libm.a
LOAD /home/tobyntobyn/arm-gnu-toolchain-13.2.Rel1-x86_64-arm-none-eabi/bin/../lib/gcc/arm-none-eabi/13.2.1/../../../../arm-none-eabi/lib/thumb/v8-m.main+dp/hard/libc_nano.a
LOAD /home/tobyntobyn/arm-gnu-toolchain-13.2.Rel1-x86_64-arm-none-eabi/bin/../lib/gcc/arm-none-eabi/13.2.1/thumb/v8-m.main+dp/hard/libgcc.a
LOAD /home/tobyntobyn/arm-gnu-toolchain-13.2.Rel1-x86_64-arm-none-eabi/bin/../lib/gcc/arm-none-eabi/13.2.1/../../../../arm-none-eabi/lib/thumb/v8-m.main+dp/hard/libstdc++_nano.a
END GROUP
START GROUP
LOAD /home/tobyntobyn/arm-gnu-toolchain-13.2.Rel1-x86_64-arm-none-eabi/bin/../lib/gcc/arm-none-eabi/13.2.1/thumb/v8-m.main+dp/hard/libgcc.a
LOAD /home/tobyntobyn/arm-gnu-toolchain-13.2.Rel1-x86_64-arm-none-eabi/bin/../lib/gcc/arm-none-eabi/13.2.1/../../../../arm-none-eabi/lib/thumb/v8-m.main+dp/hard/libc_nano.a
END GROUP
START GROUP
LOAD /home/tobyntobyn/arm-gnu-toolchain-13.2.Rel1-x86_64-arm-none-eabi/bin/../lib/gcc/arm-none-eabi/13.2.1/thumb/v8-m.main+dp/hard/libgcc.a
LOAD /home/tobyntobyn/arm-gnu-toolchain-13.2.Rel1-x86_64-arm-none-eabi/bin/../lib/gcc/arm-none-eabi/13.2.1/../../../../arm-none-eabi/lib/thumb/v8-m.main+dp/hard/libc_nano.a
END GROUP
LOAD /home/tobyntobyn/arm-gnu-toolchain-13.2.Rel1-x86_64-arm-none-eabi/bin/../lib/gcc/arm-none-eabi/13.2.1/thumb/v8-m.main+dp/hard/crtend.o
LOAD /home/tobyntobyn/arm-gnu-toolchain-13.2.Rel1-x86_64-arm-none-eabi/bin/../lib/gcc/arm-none-eabi/13.2.1/thumb/v8-m.main+dp/hard/crtn.o
                0x00010000                        __HEAP_SIZE = 0x10000
                0x00010000                        __STACK_SIZE = 0x10000

.table          0x10000000      0x7c0
 FILL mask 0xff
                0x10000000                        __vectors_start__ = ABSOLUTE (.)
 *(SORT_BY_ALIGNMENT(.vectors))
 .vectors       0x10000000      0x7c0 obj_epii_evb_icv30_bdv10/gnu_epii_evb_WLCSP65/device/startup_WE2_ARMCM55.o
                0x10000000                __Vectors
 *(SORT_BY_ALIGNMENT(.after_vectors*))
                0x100007c0                        . = ALIGN (0x20)
                0x100007c0                        __privileged_functions_start__ = .
 *(SORT_BY_ALIGNMENT(privileged_functions))
 *(SORT_BY_ALIGNMENT(privileged_functions*))
                0x100007c0                        . = ALIGN (0x20)
                0x100007bf                        __privileged_functions_end__ = (. - 0x1)
                0x100007c0                        . = ALIGN (0x20)
                0x100007c0                        __syscalls_flash_start__ = .
 *(SORT_BY_ALIGNMENT(freertos_system_calls))
 *(SORT_BY_ALIGNMENT(freertos_system_calls*))
                0x100007c0                        . = ALIGN (0x20)
                0x100007bf                        __syscalls_flash_end__ = (. - 0x1)
                0x100007c0                        __unprivileged_flash_start__ = .

.text           0x100007c0     0xea9c
 *(SORT_BY_ALIGNMENT(.text*))
 .text.TZ_Set_ALL_Secure
                0x100007c0      0x340 obj_epii_evb_icv30_bdv10/gnu_epii_evb_WLCSP65/libtrustzone_cfg.a(trustzone_cfg.o)
                0x100007c0                TZ_Set_ALL_Secure
 .text.hx_drv_scu_get_all_pinmux_cfg
                0x10000b00      0x294 obj_epii_evb_icv30_bdv10/gnu_epii_evb_WLCSP65/libdriver.a(hx_drv_scu.o)
                0x10000b00                hx_drv_scu_get_all_pinmux_cfg
 *fill*         0x10000d94        0x4 
 .text.dw_uart_0_install
                0x10000d98       0xc0 obj_epii_evb_icv30_bdv10/gnu_epii_evb_WLCSP65/libdriver.a(hx_drv_uart.o)
 .text.dw_uart_1_install
                0x10000e58       0xc0 obj_epii_evb_icv30_bdv10/gnu_epii_evb_WLCSP65/libdriver.a(hx_drv_uart.o)
 .text.dw_uart_2_install
                0x10000f18       0xc0 obj_epii_evb_icv30_bdv10/gnu_epii_evb_WLCSP65/libdriver.a(hx_drv_uart.o)
 .text.HX_DRV_DMAC_OPEN
                0x10000fd8      0x128 obj_epii_evb_icv30_bdv10/gnu_epii_evb_WLCSP65/libdriver.a(DMAC.o)
                0x10000fd8                HX_DRV_DMAC_OPEN
 .text.deregister_tm_clones
                0x10001100       0x1c /home/tobyntobyn/arm-gnu-toolchain-13.2.Rel1-x86_64-arm-none-eabi/bin/../lib/gcc/arm-none-eabi/13.2.1/thumb/v8-m.main+dp/hard/crtbegin.o
 .text.register_tm_clones
                0x1000111c       0x28 /home/tobyntobyn/arm-gnu-toolchain-13.2.Rel1-x86_64-arm-none-eabi/bin/../lib/gcc/arm-none-eabi/13.2.1/thumb/v8-m.main+dp/hard/crtbegin.o
 .text.__do_global_dtors_aux
                0x10001144       0x28 /home/tobyntobyn/arm-gnu-toolchain-13.2.Rel1-x86_64-arm-none-eabi/bin/../lib/gcc/arm-none-eabi/13.2.1/thumb/v8-m.main+dp/hard/crtbegin.o
 .text.frame_dummy
                0x1000116c       0x24 /home/tobyntobyn/arm-gnu-toolchain-13.2.Rel1-x86_64-arm-none-eabi/bin/../lib/gcc/arm-none-eabi/13.2.1/thumb/v8-m.main+dp/hard/crtbegin.o
 .text          0x10001190       0x7c /home/tobyntobyn/arm-gnu-toolchain-13.2.Rel1-x86_64-arm-none-eabi/bin/../lib/gcc/arm-none-eabi/13.2.1/../../../../arm-none-eabi/lib/thumb/v8-m.main+dp/hard/crt0.o
                0x10001190                _stack_init
                0x10001198                _mainCRTStartup
                0x10001198                _start
 .text.SVC_Handler_Main_CORE
                0x1000120c       0x1c obj_epii_evb_icv30_bdv10/gnu_epii_evb_WLCSP65/device/WE2_core.o
                0x1000120c                SVC_Handler_Main_CORE
 .text.SVC_Handler
                0x10001228       0x14 obj_epii_evb_icv30_bdv10/gnu_epii_evb_WLCSP65/device/WE2_core.o
                0x10001228                SVC_Handler
 .text.EPII_QSPIXIP_MEM_Attribute_S
                0x1000123c       0x78 obj_epii_evb_icv30_bdv10/gnu_epii_evb_WLCSP65/device/WE2_core.o
                0x1000123c                EPII_QSPIXIP_MEM_Attribute_S
 .text.EPII_OSPIXIP_MEM_Attribute_S
                0x100012b4       0x78 obj_epii_evb_icv30_bdv10/gnu_epii_evb_WLCSP65/device/WE2_core.o
                0x100012b4                EPII_OSPIXIP_MEM_Attribute_S
 .text.EPII_MPU_Enable
                0x1000132c       0x54 obj_epii_evb_icv30_bdv10/gnu_epii_evb_WLCSP65/device/WE2_core.o
                0x1000132c                EPII_MPU_Enable
 .text.EPII_NVIC_SetVector
                0x10001380       0xac obj_epii_evb_icv30_bdv10/gnu_epii_evb_WLCSP65/device/WE2_core.o
                0x10001380                EPII_NVIC_SetVector
 .text.hx_set_memory
                0x1000142c        0x4 obj_epii_evb_icv30_bdv10/gnu_epii_evb_WLCSP65/device/WE2_core.o
                0x1000142c                hx_set_memory
 .text.hx_get_memory
                0x10001430        0x4 obj_epii_evb_icv30_bdv10/gnu_epii_evb_WLCSP65/device/WE2_core.o
                0x10001430                hx_get_memory
 .text.EPII_cpu_nop_us
                0x10001434       0x30 obj_epii_evb_icv30_bdv10/gnu_epii_evb_WLCSP65/device/WE2_core.o
                0x10001434                EPII_cpu_nop_us
 .text.hx_CleanDCache_by_Addr
                0x10001464       0x70 obj_epii_evb_icv30_bdv10/gnu_epii_evb_WLCSP65/device/WE2_core.o
                0x10001464                hx_CleanDCache_by_Addr
 .text.hx_InvalidateDCache_by_Addr
                0x100014d4       0x70 obj_epii_evb_icv30_bdv10/gnu_epii_evb_WLCSP65/device/WE2_core.o
                0x100014d4                hx_InvalidateDCache_by_Addr
 .text.SysTick_Handler
                0x10001544       0x18 obj_epii_evb_icv30_bdv10/gnu_epii_evb_WLCSP65/device/system_WE2_ARMCM55.o
                0x10001544                SysTick_Handler
 .text.SystemCoreClockUpdate
                0x1000155c       0x38 obj_epii_evb_icv30_bdv10/gnu_epii_evb_WLCSP65/device/system_WE2_ARMCM55.o
                0x1000155c                SystemCoreClockUpdate
 .text.SystemInit
                0x10001594       0xc4 obj_epii_evb_icv30_bdv10/gnu_epii_evb_WLCSP65/device/system_WE2_ARMCM55.o
                0x10001594                SystemInit
 .text.console_putchar
                0x10001658       0x2c obj_epii_evb_icv30_bdv10/gnu_epii_evb_WLCSP65/device/clib/console_io.o
                0x10001658                console_putchar
 .text.console_getchar
                0x10001684       0x30 obj_epii_evb_icv30_bdv10/gnu_epii_evb_WLCSP65/device/clib/console_io.o
                0x10001684                console_getchar
 .text.console_setup
                0x100016b4       0x2c obj_epii_evb_icv30_bdv10/gnu_epii_evb_WLCSP65/device/clib/console_io.o
                0x100016b4                console_setup
 .text.stdout_putchar
                0x100016e0       0x10 obj_epii_evb_icv30_bdv10/gnu_epii_evb_WLCSP65/device/clib/retarget.o
                0x100016e0                stdout_putchar
 .text._exit    0x100016f0       0x38 obj_epii_evb_icv30_bdv10/gnu_epii_evb_WLCSP65/device/clib/gnu/retarget_io.o
                0x100016f0                _exit
 .text.HardFault_Handler
                0x10001728        0x4 obj_epii_evb_icv30_bdv10/gnu_epii_evb_WLCSP65/device/startup_WE2_ARMCM55.o
                0x10001728                HardFault_Handler
 .text.Default_Handler
                0x1000172c        0x4 obj_epii_evb_icv30_bdv10/gnu_epii_evb_WLCSP65/device/startup_WE2_ARMCM55.o
                0x1000172c                DebugMon_Handler
                0x1000172c                PendSV_Handler
                0x1000172c                NMI_Handler
                0x1000172c                Interrupt3_Handler
                0x1000172c                Interrupt8_Handler
                0x1000172c                Interrupt5_Handler
                0x1000172c                UsageFault_Handler
                0x1000172c                Interrupt7_Handler
                0x1000172c                Interrupt2_Handler
                0x1000172c                Interrupt0_Handler
                0x1000172c                Interrupt4_Handler
                0x1000172c                SecureFault_Handler
                0x1000172c                Default_Handler
                0x1000172c                Interrupt9_Handler
                0x1000172c                Interrupt6_Handler
                0x1000172c                MemManage_Handler
                0x1000172c                Interrupt1_Handler
                0x1000172c                BusFault_Handler
 .text.Reset_Handler
                0x10001730      0x1a0 obj_epii_evb_icv30_bdv10/gnu_epii_evb_WLCSP65/device/startup_WE2_ARMCM55.o
                0x10001730                Reset_Handler
 .text.board_init
                0x100018d0       0x1c obj_epii_evb_icv30_bdv10/gnu_epii_evb_WLCSP65/board/epii_evb/board.o
                0x100018d0                board_init
 .text.pinmux_init
                0x100018ec       0x20 obj_epii_evb_icv30_bdv10/gnu_epii_evb_WLCSP65/board/epii_evb/pinmux_init.o
                0x100018ec                pinmux_init
 .text.platform_driver_init
                0x1000190c      0x2b8 obj_epii_evb_icv30_bdv10/gnu_epii_evb_WLCSP65/board/epii_evb/platform_driver_init.o
                0x1000190c                platform_driver_init
 .text.i2c_s_callback_fun_tx
                0x10001bc4       0x1c obj_epii_evb_icv30_bdv10/gnu_epii_evb_WLCSP65/app/scenario_app/i2c_slave_app/i2c_slave_app.o
 .text.i2c_s_callback_fun_err
                0x10001be0       0x88 obj_epii_evb_icv30_bdv10/gnu_epii_evb_WLCSP65/app/scenario_app/i2c_slave_app/i2c_slave_app.o
 .text.i2c_s_callback_fun_rx
                0x10001c68      0x128 obj_epii_evb_icv30_bdv10/gnu_epii_evb_WLCSP65/app/scenario_app/i2c_slave_app/i2c_slave_app.o
 .text.I2C_SLV_Init
                0x10001d90       0x94 obj_epii_evb_icv30_bdv10/gnu_epii_evb_WLCSP65/app/scenario_app/i2c_slave_app/i2c_slave_app.o
                0x10001d90                I2C_SLV_Init
 .text.i2cs_tx_timeout_cb
                0x10001e24       0x28 obj_epii_evb_icv30_bdv10/gnu_epii_evb_WLCSP65/app/scenario_app/i2c_slave_app/i2c_slave_app.o
                0x10001e24                i2cs_tx_timeout_cb
 .text.i2cs_task
                0x10001e4c       0x28 obj_epii_evb_icv30_bdv10/gnu_epii_evb_WLCSP65/app/scenario_app/i2c_slave_app/i2c_slave_app.o
                0x10001e4c                i2cs_task
 .text.app_main
                0x10001e74       0x14 obj_epii_evb_icv30_bdv10/gnu_epii_evb_WLCSP65/app/scenario_app/i2c_slave_app/i2c_slave_app.o
                0x10001e74                app_main
 .text.startup.main
                0x10001e88       0x10 obj_epii_evb_icv30_bdv10/gnu_epii_evb_WLCSP65/app/main.o
                0x10001e88                main
 .text.drv_interface_get_freq
                0x10001e98       0x10 obj_epii_evb_icv30_bdv10/gnu_epii_evb_WLCSP65/interface/driver_interface.o
                0x10001e98                drv_interface_get_freq
 .text.drv_interface_set_timer_ctrl
                0x10001ea8       0x10 obj_epii_evb_icv30_bdv10/gnu_epii_evb_WLCSP65/interface/driver_interface.o
                0x10001ea8                drv_interface_set_timer_ctrl
 .text.drv_interface_set_timer_clk_en
                0x10001eb8       0x10 obj_epii_evb_icv30_bdv10/gnu_epii_evb_WLCSP65/interface/driver_interface.o
                0x10001eb8                drv_interface_set_timer_clk_en
 .text.drv_interface_set_timer_clkdiv
                0x10001ec8       0x10 obj_epii_evb_icv30_bdv10/gnu_epii_evb_WLCSP65/interface/driver_interface.o
                0x10001ec8                drv_interface_set_timer_clkdiv
 .text.drv_interface_get_pdlsc_clken_cfg
                0x10001ed8        0xc obj_epii_evb_icv30_bdv10/gnu_epii_evb_WLCSP65/interface/driver_interface.o
                0x10001ed8                drv_interface_get_pdlsc_clken_cfg
 .text.drv_interface_set_LSC_swreset
                0x10001ee4       0x30 obj_epii_evb_icv30_bdv10/gnu_epii_evb_WLCSP65/interface/driver_interface.o
                0x10001ee4                drv_interface_set_LSC_swreset
 .text.TZ_PPC_DWC_CB
                0x10001f14        0x4 obj_epii_evb_icv30_bdv10/gnu_epii_evb_WLCSP65/libtrustzone_cfg.a(trustzone_cfg.o)
                0x10001f14                TZ_PPC_DWC_CB
 .text.TZ_PPC_ISP_CB
                0x10001f18        0x4 obj_epii_evb_icv30_bdv10/gnu_epii_evb_WLCSP65/libtrustzone_cfg.a(trustzone_cfg.o)
                0x10001f18                TZ_PPC_ISP_CB
 .text.TZ_PPC_AHB3_CB
                0x10001f1c        0x4 obj_epii_evb_icv30_bdv10/gnu_epii_evb_WLCSP65/libtrustzone_cfg.a(trustzone_cfg.o)
                0x10001f1c                TZ_PPC_AHB3_CB
 .text.TZ_PPC_AHB1M4_CB
                0x10001f20        0x4 obj_epii_evb_icv30_bdv10/gnu_epii_evb_WLCSP65/libtrustzone_cfg.a(trustzone_cfg.o)
                0x10001f20                TZ_PPC_AHB1M4_CB
 .text.TZ_PPC_APB0NS_CB
                0x10001f24        0x4 obj_epii_evb_icv30_bdv10/gnu_epii_evb_WLCSP65/libtrustzone_cfg.a(trustzone_cfg.o)
                0x10001f24                TZ_PPC_APB0NS_CB
 .text.TZ_PPC_APB0PS_CB
                0x10001f28        0x4 obj_epii_evb_icv30_bdv10/gnu_epii_evb_WLCSP65/libtrustzone_cfg.a(trustzone_cfg.o)
                0x10001f28                TZ_PPC_APB0PS_CB
 .text.TZ_PPC_APB1NS_CB
                0x10001f2c        0x4 obj_epii_evb_icv30_bdv10/gnu_epii_evb_WLCSP65/libtrustzone_cfg.a(trustzone_cfg.o)
                0x10001f2c                TZ_PPC_APB1NS_CB
 .text.TZ_PPC_APB1PS_CB
                0x10001f30        0x4 obj_epii_evb_icv30_bdv10/gnu_epii_evb_WLCSP65/libtrustzone_cfg.a(trustzone_cfg.o)
                0x10001f30                TZ_PPC_APB1PS_CB
 .text.TZ_PPC_APB2_CB
                0x10001f34        0x4 obj_epii_evb_icv30_bdv10/gnu_epii_evb_WLCSP65/libtrustzone_cfg.a(trustzone_cfg.o)
                0x10001f34                TZ_PPC_APB2_CB
 .text.TZ_PPC_APB1_AON_CB
                0x10001f38        0x4 obj_epii_evb_icv30_bdv10/gnu_epii_evb_WLCSP65/libtrustzone_cfg.a(trustzone_cfg.o)
                0x10001f38                TZ_PPC_APB1_AON_CB
 .text.TZ_MPC_SRAM0_CB
                0x10001f3c        0x4 obj_epii_evb_icv30_bdv10/gnu_epii_evb_WLCSP65/libtrustzone_cfg.a(trustzone_cfg.o)
                0x10001f3c                TZ_MPC_SRAM0_CB
 .text.TZ_MPC_SRAM1_CB
                0x10001f40        0x4 obj_epii_evb_icv30_bdv10/gnu_epii_evb_WLCSP65/libtrustzone_cfg.a(trustzone_cfg.o)
                0x10001f40                TZ_MPC_SRAM1_CB
 .text.TZ_MPC_SRAM2_CB
                0x10001f44        0x4 obj_epii_evb_icv30_bdv10/gnu_epii_evb_WLCSP65/libtrustzone_cfg.a(trustzone_cfg.o)
                0x10001f44                TZ_MPC_SRAM2_CB
 .text.TZ_MPC_FLASH1_CB
                0x10001f48        0x4 obj_epii_evb_icv30_bdv10/gnu_epii_evb_WLCSP65/libtrustzone_cfg.a(trustzone_cfg.o)
                0x10001f48                TZ_MPC_FLASH1_CB
 .text.TZ_MPC_FLASH2_CB
                0x10001f4c        0x4 obj_epii_evb_icv30_bdv10/gnu_epii_evb_WLCSP65/libtrustzone_cfg.a(trustzone_cfg.o)
                0x10001f4c                TZ_MPC_FLASH2_CB
 .text.TZ_SAU_Setup
                0x10001f50       0x70 obj_epii_evb_icv30_bdv10/gnu_epii_evb_WLCSP65/libtrustzone_cfg.a(trustzone_cfg.o)
                0x10001f50                TZ_SAU_Setup
 .text.TZ_mpc_register
                0x10001fc0      0x124 obj_epii_evb_icv30_bdv10/gnu_epii_evb_WLCSP65/libtrustzone_cfg.a(trustzone_cfg.o)
                0x10001fc0                TZ_mpc_register
 .text.hx_drv_hw2x2_init
                0x100020e4       0x10 obj_epii_evb_icv30_bdv10/gnu_epii_evb_WLCSP65/libdriver.a(hx_drv_hw2x2.o)
                0x100020e4                hx_drv_hw2x2_init
 .text.hx_drv_hw5x5_init
                0x100020f4       0x10 obj_epii_evb_icv30_bdv10/gnu_epii_evb_WLCSP65/libdriver.a(hx_drv_hw5x5.o)
                0x100020f4                hx_drv_hw5x5_init
 .text.hx_drv_cdm_init
                0x10002104       0x10 obj_epii_evb_icv30_bdv10/gnu_epii_evb_WLCSP65/libdriver.a(hx_drv_cdm.o)
                0x10002104                hx_drv_cdm_init
 .text.hx_drv_csirx_init
                0x10002114       0x1c obj_epii_evb_icv30_bdv10/gnu_epii_evb_WLCSP65/libdriver.a(hx_drv_csirx.o)
                0x10002114                hx_drv_csirx_init
 .text.hx_drv_csitx_init
                0x10002130       0x28 obj_epii_evb_icv30_bdv10/gnu_epii_evb_WLCSP65/libdriver.a(hx_drv_csitx.o)
                0x10002130                hx_drv_csitx_init
 .text.hx_dmac_0_err
                0x10002158        0x4 obj_epii_evb_icv30_bdv10/gnu_epii_evb_WLCSP65/libdriver.a(hx_drv_damc.o)
 .text.dmac_0_install
                0x1000215c       0xa0 obj_epii_evb_icv30_bdv10/gnu_epii_evb_WLCSP65/libdriver.a(hx_drv_damc.o)
 .text.dmac_1_install
                0x100021fc       0xa4 obj_epii_evb_icv30_bdv10/gnu_epii_evb_WLCSP65/libdriver.a(hx_drv_damc.o)
 .text.dmac_2_install
                0x100022a0       0xa4 obj_epii_evb_icv30_bdv10/gnu_epii_evb_WLCSP65/libdriver.a(hx_drv_damc.o)
 .text.dmac_3_install
                0x10002344       0xa4 obj_epii_evb_icv30_bdv10/gnu_epii_evb_WLCSP65/libdriver.a(hx_drv_damc.o)
 .text.hx_dmac_0_isr
                0x100023e8        0xc obj_epii_evb_icv30_bdv10/gnu_epii_evb_WLCSP65/libdriver.a(hx_drv_damc.o)
                0x100023e8                hx_dmac_0_isr
 .text.hx_dmac_1_isr
                0x100023f4        0xc obj_epii_evb_icv30_bdv10/gnu_epii_evb_WLCSP65/libdriver.a(hx_drv_damc.o)
                0x100023f4                hx_dmac_1_isr
 .text.hx_dmac_2_isr
                0x10002400        0xc obj_epii_evb_icv30_bdv10/gnu_epii_evb_WLCSP65/libdriver.a(hx_drv_damc.o)
                0x10002400                hx_dmac_2_isr
 .text.hx_dmac_3_isr
                0x1000240c        0xc obj_epii_evb_icv30_bdv10/gnu_epii_evb_WLCSP65/libdriver.a(hx_drv_damc.o)
                0x1000240c                hx_dmac_3_isr
 .text.hx_dmac_0_peritransfer_prerolling
                0x10002418       0x30 obj_epii_evb_icv30_bdv10/gnu_epii_evb_WLCSP65/libdriver.a(hx_drv_damc.o)
 .text.hx_dmac_1_peritransfer_prerolling
                0x10002448       0x30 obj_epii_evb_icv30_bdv10/gnu_epii_evb_WLCSP65/libdriver.a(hx_drv_damc.o)
 .text.hx_dmac_2_peritransfer_prerolling
                0x10002478       0x30 obj_epii_evb_icv30_bdv10/gnu_epii_evb_WLCSP65/libdriver.a(hx_drv_damc.o)
 .text.hx_dmac_3_peritransfer_prerolling
                0x100024a8       0x30 obj_epii_evb_icv30_bdv10/gnu_epii_evb_WLCSP65/libdriver.a(hx_drv_damc.o)
 .text.hx_dmac_0_lliperitransfer
                0x100024d8       0x2c obj_epii_evb_icv30_bdv10/gnu_epii_evb_WLCSP65/libdriver.a(hx_drv_damc.o)
 .text.hx_dmac_1_lliperitransfer
                0x10002504       0x2c obj_epii_evb_icv30_bdv10/gnu_epii_evb_WLCSP65/libdriver.a(hx_drv_damc.o)
 .text.hx_dmac_2_lliperitransfer
                0x10002530       0x2c obj_epii_evb_icv30_bdv10/gnu_epii_evb_WLCSP65/libdriver.a(hx_drv_damc.o)
 .text.hx_dmac_3_lliperitransfer
                0x1000255c       0x2c obj_epii_evb_icv30_bdv10/gnu_epii_evb_WLCSP65/libdriver.a(hx_drv_damc.o)
 .text.hx_dmac_0_m2ptransfer
                0x10002588       0x28 obj_epii_evb_icv30_bdv10/gnu_epii_evb_WLCSP65/libdriver.a(hx_drv_damc.o)
 .text.hx_dmac_1_m2ptransfer
                0x100025b0       0x28 obj_epii_evb_icv30_bdv10/gnu_epii_evb_WLCSP65/libdriver.a(hx_drv_damc.o)
 .text.hx_dmac_2_m2ptransfer
                0x100025d8       0x28 obj_epii_evb_icv30_bdv10/gnu_epii_evb_WLCSP65/libdriver.a(hx_drv_damc.o)
 .text.hx_dmac_3_m2ptransfer
                0x10002600       0x28 obj_epii_evb_icv30_bdv10/gnu_epii_evb_WLCSP65/libdriver.a(hx_drv_damc.o)
 .text.hx_dmac_0_llim2mtransfer
                0x10002628       0x2c obj_epii_evb_icv30_bdv10/gnu_epii_evb_WLCSP65/libdriver.a(hx_drv_damc.o)
 .text.hx_dmac_1_llim2mtransfer
                0x10002654       0x2c obj_epii_evb_icv30_bdv10/gnu_epii_evb_WLCSP65/libdriver.a(hx_drv_damc.o)
 .text.hx_dmac_2_llim2mtransfer
                0x10002680       0x2c obj_epii_evb_icv30_bdv10/gnu_epii_evb_WLCSP65/libdriver.a(hx_drv_damc.o)
 .text.hx_dmac_3_llim2mtransfer
                0x100026ac       0x2c obj_epii_evb_icv30_bdv10/gnu_epii_evb_WLCSP65/libdriver.a(hx_drv_damc.o)
 .text.hx_dmac_0_memtransfer
                0x100026d8       0x28 obj_epii_evb_icv30_bdv10/gnu_epii_evb_WLCSP65/libdriver.a(hx_drv_damc.o)
 .text.hx_dmac_1_memtransfer
                0x10002700       0x28 obj_epii_evb_icv30_bdv10/gnu_epii_evb_WLCSP65/libdriver.a(hx_drv_damc.o)
 .text.hx_dmac_2_memtransfer
                0x10002728       0x28 obj_epii_evb_icv30_bdv10/gnu_epii_evb_WLCSP65/libdriver.a(hx_drv_damc.o)
 .text.hx_dmac_3_memtransfer
                0x10002750       0x28 obj_epii_evb_icv30_bdv10/gnu_epii_evb_WLCSP65/libdriver.a(hx_drv_damc.o)
 .text.hx_dmac_0_halttransfer
                0x10002778       0x10 obj_epii_evb_icv30_bdv10/gnu_epii_evb_WLCSP65/libdriver.a(hx_drv_damc.o)
 .text.hx_dmac_1_halttransfer
                0x10002788       0x10 obj_epii_evb_icv30_bdv10/gnu_epii_evb_WLCSP65/libdriver.a(hx_drv_damc.o)
 .text.hx_dmac_2_halttransfer
                0x10002798       0x10 obj_epii_evb_icv30_bdv10/gnu_epii_evb_WLCSP65/libdriver.a(hx_drv_damc.o)
 .text.hx_dmac_3_halttransfer
                0x100027a8       0x10 obj_epii_evb_icv30_bdv10/gnu_epii_evb_WLCSP65/libdriver.a(hx_drv_damc.o)
 .text.hx_dmac_0_control
                0x100027b8       0x18 obj_epii_evb_icv30_bdv10/gnu_epii_evb_WLCSP65/libdriver.a(hx_drv_damc.o)
 .text.hx_dmac_1_control
                0x100027d0       0x18 obj_epii_evb_icv30_bdv10/gnu_epii_evb_WLCSP65/libdriver.a(hx_drv_damc.o)
 .text.hx_dmac_2_control
                0x100027e8       0x18 obj_epii_evb_icv30_bdv10/gnu_epii_evb_WLCSP65/libdriver.a(hx_drv_damc.o)
 .text.hx_dmac_3_control
                0x10002800       0x18 obj_epii_evb_icv30_bdv10/gnu_epii_evb_WLCSP65/libdriver.a(hx_drv_damc.o)
 .text.hx_dmac_0_close
                0x10002818       0x10 obj_epii_evb_icv30_bdv10/gnu_epii_evb_WLCSP65/libdriver.a(hx_drv_damc.o)
 .text.hx_dmac_1_close
                0x10002828       0x10 obj_epii_evb_icv30_bdv10/gnu_epii_evb_WLCSP65/libdriver.a(hx_drv_damc.o)
 .text.hx_dmac_2_close
                0x10002838       0x10 obj_epii_evb_icv30_bdv10/gnu_epii_evb_WLCSP65/libdriver.a(hx_drv_damc.o)
 .text.hx_dmac_3_close
                0x10002848       0x10 obj_epii_evb_icv30_bdv10/gnu_epii_evb_WLCSP65/libdriver.a(hx_drv_damc.o)
 .text.hx_dmac_0_open
                0x10002858       0x10 obj_epii_evb_icv30_bdv10/gnu_epii_evb_WLCSP65/libdriver.a(hx_drv_damc.o)
 .text.hx_dmac_1_open
                0x10002868       0x10 obj_epii_evb_icv30_bdv10/gnu_epii_evb_WLCSP65/libdriver.a(hx_drv_damc.o)
 .text.hx_dmac_2_open
                0x10002878       0x10 obj_epii_evb_icv30_bdv10/gnu_epii_evb_WLCSP65/libdriver.a(hx_drv_damc.o)
 .text.hx_dmac_3_open
                0x10002888       0x10 obj_epii_evb_icv30_bdv10/gnu_epii_evb_WLCSP65/libdriver.a(hx_drv_damc.o)
 .text.hx_dmac_3_err
                0x10002898        0x4 obj_epii_evb_icv30_bdv10/gnu_epii_evb_WLCSP65/libdriver.a(hx_drv_damc.o)
 .text.hx_dmac_1_err
                0x1000289c        0x4 obj_epii_evb_icv30_bdv10/gnu_epii_evb_WLCSP65/libdriver.a(hx_drv_damc.o)
 .text.hx_dmac_2_err
                0x100028a0        0x4 obj_epii_evb_icv30_bdv10/gnu_epii_evb_WLCSP65/libdriver.a(hx_drv_damc.o)
 .text.hx_drv_dmac_init
                0x100028a4       0x90 obj_epii_evb_icv30_bdv10/gnu_epii_evb_WLCSP65/libdriver.a(hx_drv_damc.o)
                0x100028a4                hx_drv_dmac_init
 .text.hx_drv_dmac_get_dev
                0x10002934       0x84 obj_epii_evb_icv30_bdv10/gnu_epii_evb_WLCSP65/libdriver.a(hx_drv_damc.o)
                0x10002934                hx_drv_dmac_get_dev
 .text.hx_drv_dp_init
                0x100029b8       0x28 obj_epii_evb_icv30_bdv10/gnu_epii_evb_WLCSP65/libdriver.a(hx_drv_dp.o)
                0x100029b8                hx_drv_dp_init
 .text.hx_drv_edm_init_regbase
                0x100029e0       0x14 obj_epii_evb_icv30_bdv10/gnu_epii_evb_WLCSP65/libdriver.a(hx_drv_edm.o)
                0x100029e0                hx_drv_edm_init_regbase
 .text.gpio_group_5_isr
                0x100029f4       0x5c obj_epii_evb_icv30_bdv10/gnu_epii_evb_WLCSP65/libdriver.a(hx_drv_gpio.o)
 .text.gpio_group_4_isr
                0x10002a50       0x5c obj_epii_evb_icv30_bdv10/gnu_epii_evb_WLCSP65/libdriver.a(hx_drv_gpio.o)
 .text.gpio_group_3_isr
                0x10002aac       0x5c obj_epii_evb_icv30_bdv10/gnu_epii_evb_WLCSP65/libdriver.a(hx_drv_gpio.o)
 .text.gpio_group_2_isr
                0x10002b08       0x5c obj_epii_evb_icv30_bdv10/gnu_epii_evb_WLCSP65/libdriver.a(hx_drv_gpio.o)
 .text.gpio_group_1_isr
                0x10002b64       0x5c obj_epii_evb_icv30_bdv10/gnu_epii_evb_WLCSP65/libdriver.a(hx_drv_gpio.o)
 .text.gpio_group_0_isr
                0x10002bc0       0x5c obj_epii_evb_icv30_bdv10/gnu_epii_evb_WLCSP65/libdriver.a(hx_drv_gpio.o)
 .text.hx_drv_gpio_init
                0x10002c1c       0xa0 obj_epii_evb_icv30_bdv10/gnu_epii_evb_WLCSP65/libdriver.a(hx_drv_gpio.o)
                0x10002c1c                hx_drv_gpio_init
 .text.gpio_get_int_status
                0x10002cbc        0x8 obj_epii_evb_icv30_bdv10/gnu_epii_evb_WLCSP65/libdriver.a(gpio.o)
                0x10002cbc                gpio_get_int_status
 .text.gpio_clr_int_status
                0x10002cc4       0x28 obj_epii_evb_icv30_bdv10/gnu_epii_evb_WLCSP65/libdriver.a(gpio.o)
                0x10002cc4                gpio_clr_int_status
 .text.hx_drv_hxautoi2c_init
                0x10002cec       0x10 obj_epii_evb_icv30_bdv10/gnu_epii_evb_WLCSP65/libdriver.a(hx_drv_hxautoi2c_mst.o)
                0x10002cec                hx_drv_hxautoi2c_init
 .text.dw_iic_mst0_install
                0x10002cfc       0x98 obj_epii_evb_icv30_bdv10/gnu_epii_evb_WLCSP65/libdriver.a(hx_drv_iic.o)
 .text.dw_iic_mst1_install
                0x10002d94       0x98 obj_epii_evb_icv30_bdv10/gnu_epii_evb_WLCSP65/libdriver.a(hx_drv_iic.o)
 .text.dw_iic_slv0_install
                0x10002e2c       0x98 obj_epii_evb_icv30_bdv10/gnu_epii_evb_WLCSP65/libdriver.a(hx_drv_iic.o)
 .text.dw_iic_slv1_install
                0x10002ec4       0x98 obj_epii_evb_icv30_bdv10/gnu_epii_evb_WLCSP65/libdriver.a(hx_drv_iic.o)
 .text.dw_iic_mst0_read
                0x10002f5c       0x10 obj_epii_evb_icv30_bdv10/gnu_epii_evb_WLCSP65/libdriver.a(hx_drv_iic.o)
 .text.dw_iic_mst1_read
                0x10002f6c       0x10 obj_epii_evb_icv30_bdv10/gnu_epii_evb_WLCSP65/libdriver.a(hx_drv_iic.o)
 .text.dw_iic_slv0_read
                0x10002f7c       0x10 obj_epii_evb_icv30_bdv10/gnu_epii_evb_WLCSP65/libdriver.a(hx_drv_iic.o)
 .text.dw_iic_slv1_read
                0x10002f8c       0x10 obj_epii_evb_icv30_bdv10/gnu_epii_evb_WLCSP65/libdriver.a(hx_drv_iic.o)
 .text.dw_iic_mst0_write
                0x10002f9c       0x10 obj_epii_evb_icv30_bdv10/gnu_epii_evb_WLCSP65/libdriver.a(hx_drv_iic.o)
 .text.dw_iic_mst1_write
                0x10002fac       0x10 obj_epii_evb_icv30_bdv10/gnu_epii_evb_WLCSP65/libdriver.a(hx_drv_iic.o)
 .text.dw_iic_slv0_write
                0x10002fbc       0x10 obj_epii_evb_icv30_bdv10/gnu_epii_evb_WLCSP65/libdriver.a(hx_drv_iic.o)
 .text.dw_iic_slv1_write
                0x10002fcc       0x10 obj_epii_evb_icv30_bdv10/gnu_epii_evb_WLCSP65/libdriver.a(hx_drv_iic.o)
 .text.dw_iic_mst0_control
                0x10002fdc       0x10 obj_epii_evb_icv30_bdv10/gnu_epii_evb_WLCSP65/libdriver.a(hx_drv_iic.o)
 .text.dw_iic_mst1_control
                0x10002fec       0x10 obj_epii_evb_icv30_bdv10/gnu_epii_evb_WLCSP65/libdriver.a(hx_drv_iic.o)
 .text.dw_iic_slv0_control
                0x10002ffc       0x10 obj_epii_evb_icv30_bdv10/gnu_epii_evb_WLCSP65/libdriver.a(hx_drv_iic.o)
 .text.dw_iic_slv1_control
                0x1000300c       0x10 obj_epii_evb_icv30_bdv10/gnu_epii_evb_WLCSP65/libdriver.a(hx_drv_iic.o)
 .text.dw_iic_mst0_close
                0x1000301c        0xc obj_epii_evb_icv30_bdv10/gnu_epii_evb_WLCSP65/libdriver.a(hx_drv_iic.o)
 .text.dw_iic_mst1_close
                0x10003028        0xc obj_epii_evb_icv30_bdv10/gnu_epii_evb_WLCSP65/libdriver.a(hx_drv_iic.o)
 .text.dw_iic_slv0_close
                0x10003034        0xc obj_epii_evb_icv30_bdv10/gnu_epii_evb_WLCSP65/libdriver.a(hx_drv_iic.o)
 .text.dw_iic_slv1_close
                0x10003040        0xc obj_epii_evb_icv30_bdv10/gnu_epii_evb_WLCSP65/libdriver.a(hx_drv_iic.o)
 .text.dw_iic_mst0_open
                0x1000304c       0x10 obj_epii_evb_icv30_bdv10/gnu_epii_evb_WLCSP65/libdriver.a(hx_drv_iic.o)
 .text.dw_iic_mst1_open
                0x1000305c       0x10 obj_epii_evb_icv30_bdv10/gnu_epii_evb_WLCSP65/libdriver.a(hx_drv_iic.o)
 .text.dw_iic_slv0_open
                0x1000306c       0x10 obj_epii_evb_icv30_bdv10/gnu_epii_evb_WLCSP65/libdriver.a(hx_drv_iic.o)
 .text.dw_iic_slv1_open
                0x1000307c       0x10 obj_epii_evb_icv30_bdv10/gnu_epii_evb_WLCSP65/libdriver.a(hx_drv_iic.o)
 .text.dw_iic_mst0_isr
                0x1000308c        0xc obj_epii_evb_icv30_bdv10/gnu_epii_evb_WLCSP65/libdriver.a(hx_drv_iic.o)
 .text.dw_iic_mst1_isr
                0x10003098        0xc obj_epii_evb_icv30_bdv10/gnu_epii_evb_WLCSP65/libdriver.a(hx_drv_iic.o)
 .text.dw_iic_slv0_isr
                0x100030a4        0xc obj_epii_evb_icv30_bdv10/gnu_epii_evb_WLCSP65/libdriver.a(hx_drv_iic.o)
                0x100030a4                dw_iic_slv0_isr
 .text.dw_iic_slv1_isr
                0x100030b0        0xc obj_epii_evb_icv30_bdv10/gnu_epii_evb_WLCSP65/libdriver.a(hx_drv_iic.o)
                0x100030b0                dw_iic_slv1_isr
 .text.hx_drv_i2cm_deinit
                0x100030bc       0x78 obj_epii_evb_icv30_bdv10/gnu_epii_evb_WLCSP65/libdriver.a(hx_drv_iic.o)
                0x100030bc                hx_drv_i2cm_deinit
 .text.hx_drv_i2cm_init
                0x10003134       0x9c obj_epii_evb_icv30_bdv10/gnu_epii_evb_WLCSP65/libdriver.a(hx_drv_iic.o)
                0x10003134                hx_drv_i2cm_init
 .text.hx_drv_i2cs_reset
                0x100031d0       0x94 obj_epii_evb_icv30_bdv10/gnu_epii_evb_WLCSP65/libdriver.a(hx_drv_iic.o)
                0x100031d0                hx_drv_i2cs_reset
 .text.hx_drv_i2cs_get_dev
                0x10003264       0x44 obj_epii_evb_icv30_bdv10/gnu_epii_evb_WLCSP65/libdriver.a(hx_drv_iic.o)
                0x10003264                hx_drv_i2cs_get_dev
 .text.hx_drv_i2cs_deinit
                0x100032a8       0x78 obj_epii_evb_icv30_bdv10/gnu_epii_evb_WLCSP65/libdriver.a(hx_drv_iic.o)
                0x100032a8                hx_drv_i2cs_deinit
 .text.hx_drv_i2cs_init
                0x10003320       0x94 obj_epii_evb_icv30_bdv10/gnu_epii_evb_WLCSP65/libdriver.a(hx_drv_iic.o)
                0x10003320                hx_drv_i2cs_init
 .text.hx_drv_i2cs_interrupt_write
                0x100033b4       0x9c obj_epii_evb_icv30_bdv10/gnu_epii_evb_WLCSP65/libdriver.a(hx_drv_iic.o)
                0x100033b4                hx_drv_i2cs_interrupt_write
 .text.hx_drv_i2cs_interrupt_read
                0x10003450       0x9c obj_epii_evb_icv30_bdv10/gnu_epii_evb_WLCSP65/libdriver.a(hx_drv_iic.o)
                0x10003450                hx_drv_i2cs_interrupt_read
 .text.dw_iic_mst_chkerr
                0x100034ec       0x4c obj_epii_evb_icv30_bdv10/gnu_epii_evb_WLCSP65/libdriver.a(dw_iic.o)
 .text.dw_iic_slv_chkerr
                0x10003538       0x48 obj_epii_evb_icv30_bdv10/gnu_epii_evb_WLCSP65/libdriver.a(dw_iic.o)
 .text.dw_iic_dis_cbr.isra.0
                0x10003580       0x90 obj_epii_evb_icv30_bdv10/gnu_epii_evb_WLCSP65/libdriver.a(dw_iic.o)
 .text.dw_iic_abort_rx
                0x10003610       0x30 obj_epii_evb_icv30_bdv10/gnu_epii_evb_WLCSP65/libdriver.a(dw_iic.o)
 .text.dw_iic_abort_tx
                0x10003640       0x30 obj_epii_evb_icv30_bdv10/gnu_epii_evb_WLCSP65/libdriver.a(dw_iic.o)
 .text.dw_iic_disable_interrupt
                0x10003670       0x50 obj_epii_evb_icv30_bdv10/gnu_epii_evb_WLCSP65/libdriver.a(dw_iic.o)
 .text.dw_iic_ena_cbr.isra.0
                0x100036c0       0xa0 obj_epii_evb_icv30_bdv10/gnu_epii_evb_WLCSP65/libdriver.a(dw_iic.o)
 .text.dw_iic_mst_read_data
                0x10003760       0x90 obj_epii_evb_icv30_bdv10/gnu_epii_evb_WLCSP65/libdriver.a(dw_iic.o)
 .text.dw_iic_calc_spklen
                0x100037f0       0x5c obj_epii_evb_icv30_bdv10/gnu_epii_evb_WLCSP65/libdriver.a(dw_iic.o)
                0x100037f0                dw_iic_calc_spklen
 .text.dw_iic_calc_sclcnt
                0x1000384c      0x148 obj_epii_evb_icv30_bdv10/gnu_epii_evb_WLCSP65/libdriver.a(dw_iic.o)
                0x1000384c                dw_iic_calc_sclcnt
 .text.dw_iic_open
                0x10003994      0x308 obj_epii_evb_icv30_bdv10/gnu_epii_evb_WLCSP65/libdriver.a(dw_iic.o)
                0x10003994                dw_iic_open
 .text.dw_iic_close
                0x10003c9c       0x70 obj_epii_evb_icv30_bdv10/gnu_epii_evb_WLCSP65/libdriver.a(dw_iic.o)
                0x10003c9c                dw_iic_close
 .text.dw_iic_control
                0x10003d0c      0x9a8 obj_epii_evb_icv30_bdv10/gnu_epii_evb_WLCSP65/libdriver.a(dw_iic.o)
                0x10003d0c                dw_iic_control
 .text.dw_iic_write
                0x100046b4      0x314 obj_epii_evb_icv30_bdv10/gnu_epii_evb_WLCSP65/libdriver.a(dw_iic.o)
                0x100046b4                dw_iic_write
 .text.dw_iic_read
                0x100049c8      0x2b4 obj_epii_evb_icv30_bdv10/gnu_epii_evb_WLCSP65/libdriver.a(dw_iic.o)
                0x100049c8                dw_iic_read
 .text.dw_iic_isr
                0x10004c7c      0x6a8 obj_epii_evb_icv30_bdv10/gnu_epii_evb_WLCSP65/libdriver.a(dw_iic.o)
                0x10004c7c                dw_iic_isr
 .text.hx_drv_inp_init
                0x10005324       0x1c obj_epii_evb_icv30_bdv10/gnu_epii_evb_WLCSP65/libdriver.a(hx_drv_inp.o)
                0x10005324                hx_drv_inp_init
 .text.hx_drv_inp1bitparser_init
                0x10005340       0x1c obj_epii_evb_icv30_bdv10/gnu_epii_evb_WLCSP65/libdriver.a(hx_drv_inp1bitparser.o)
                0x10005340                hx_drv_inp1bitparser_init
 .text.hx_drv_inpovparser_init
                0x1000535c       0x1c obj_epii_evb_icv30_bdv10/gnu_epii_evb_WLCSP65/libdriver.a(hx_drv_inpovparser.o)
                0x1000535c                hx_drv_inpovparser_init
 .text.hx_drv_jpeg_init
                0x10005378       0x1c obj_epii_evb_icv30_bdv10/gnu_epii_evb_WLCSP65/libdriver.a(hx_drv_jpeg.o)
                0x10005378                hx_drv_jpeg_init
 .text.MB_CM55M_IRQ_Handler
                0x10005394       0x38 obj_epii_evb_icv30_bdv10/gnu_epii_evb_WLCSP65/libdriver.a(hx_drv_mb.o)
 .text.MB_CM55S_IRQ_Handler
                0x100053cc       0x40 obj_epii_evb_icv30_bdv10/gnu_epii_evb_WLCSP65/libdriver.a(hx_drv_mb.o)
 .text.hx_drv_mb_init
                0x1000540c       0x4c obj_epii_evb_icv30_bdv10/gnu_epii_evb_WLCSP65/libdriver.a(hx_drv_mb.o)
                0x1000540c                hx_drv_mb_init
 .text.MPC_SRAM0_IRQ_Handler
                0x10005458       0x28 obj_epii_evb_icv30_bdv10/gnu_epii_evb_WLCSP65/libdriver.a(hx_drv_mpc.o)
                0x10005458                MPC_SRAM0_IRQ_Handler
 .text.MPC_SRAM1_IRQ_Handler
                0x10005480       0x28 obj_epii_evb_icv30_bdv10/gnu_epii_evb_WLCSP65/libdriver.a(hx_drv_mpc.o)
                0x10005480                MPC_SRAM1_IRQ_Handler
 .text.MPC_SRAM2_IRQ_Handler
                0x100054a8       0x28 obj_epii_evb_icv30_bdv10/gnu_epii_evb_WLCSP65/libdriver.a(hx_drv_mpc.o)
                0x100054a8                MPC_SRAM2_IRQ_Handler
 .text.MPC_FLASH2_IRQ_Handler
                0x100054d0       0x28 obj_epii_evb_icv30_bdv10/gnu_epii_evb_WLCSP65/libdriver.a(hx_drv_mpc.o)
                0x100054d0                MPC_FLASH2_IRQ_Handler
 .text.MPC_FLASH1_IRQ_Handler
                0x100054f8       0x28 obj_epii_evb_icv30_bdv10/gnu_epii_evb_WLCSP65/libdriver.a(hx_drv_mpc.o)
                0x100054f8                MPC_FLASH1_IRQ_Handler
 .text.hx_drv_mpc_set_sram0_irq_clear
                0x10005520       0x18 obj_epii_evb_icv30_bdv10/gnu_epii_evb_WLCSP65/libdriver.a(hx_drv_mpc.o)
                0x10005520                hx_drv_mpc_set_sram0_irq_clear
 .text.hx_drv_mpc_set_sram1_irq_clear
                0x10005538       0x18 obj_epii_evb_icv30_bdv10/gnu_epii_evb_WLCSP65/libdriver.a(hx_drv_mpc.o)
                0x10005538                hx_drv_mpc_set_sram1_irq_clear
 .text.hx_drv_mpc_set_sram2_irq_clear
                0x10005550       0x18 obj_epii_evb_icv30_bdv10/gnu_epii_evb_WLCSP65/libdriver.a(hx_drv_mpc.o)
                0x10005550                hx_drv_mpc_set_sram2_irq_clear
 .text.hx_drv_mpc_set_flash1_irq_clear
                0x10005568       0x18 obj_epii_evb_icv30_bdv10/gnu_epii_evb_WLCSP65/libdriver.a(hx_drv_mpc.o)
                0x10005568                hx_drv_mpc_set_flash1_irq_clear
 .text.hx_drv_mpc_set_flash2_irq_clear
                0x10005580       0x18 obj_epii_evb_icv30_bdv10/gnu_epii_evb_WLCSP65/libdriver.a(hx_drv_mpc.o)
                0x10005580                hx_drv_mpc_set_flash2_irq_clear
 .text.hx_drv_mpc_register_sram0_cb
                0x10005598       0x54 obj_epii_evb_icv30_bdv10/gnu_epii_evb_WLCSP65/libdriver.a(hx_drv_mpc.o)
                0x10005598                hx_drv_mpc_register_sram0_cb
 .text.hx_drv_mpc_register_sram1_cb
                0x100055ec       0x54 obj_epii_evb_icv30_bdv10/gnu_epii_evb_WLCSP65/libdriver.a(hx_drv_mpc.o)
                0x100055ec                hx_drv_mpc_register_sram1_cb
 .text.hx_drv_mpc_register_sram2_cb
                0x10005640       0x50 obj_epii_evb_icv30_bdv10/gnu_epii_evb_WLCSP65/libdriver.a(hx_drv_mpc.o)
                0x10005640                hx_drv_mpc_register_sram2_cb
 .text.hx_drv_mpc_register_flash1_cb
                0x10005690       0x54 obj_epii_evb_icv30_bdv10/gnu_epii_evb_WLCSP65/libdriver.a(hx_drv_mpc.o)
                0x10005690                hx_drv_mpc_register_flash1_cb
 .text.hx_drv_mpc_register_flash2_cb
                0x100056e4       0x50 obj_epii_evb_icv30_bdv10/gnu_epii_evb_WLCSP65/libdriver.a(hx_drv_mpc.o)
                0x100056e4                hx_drv_mpc_register_flash2_cb
 .text.hx_drv_mpc_set_sram0_cfg
                0x10005734       0x48 obj_epii_evb_icv30_bdv10/gnu_epii_evb_WLCSP65/libdriver.a(hx_drv_mpc.o)
                0x10005734                hx_drv_mpc_set_sram0_cfg
 .text.hx_drv_mpc_set_sram1_cfg
                0x1000577c       0x48 obj_epii_evb_icv30_bdv10/gnu_epii_evb_WLCSP65/libdriver.a(hx_drv_mpc.o)
                0x1000577c                hx_drv_mpc_set_sram1_cfg
 .text.hx_drv_mpc_set_sram2_cfg
                0x100057c4       0x40 obj_epii_evb_icv30_bdv10/gnu_epii_evb_WLCSP65/libdriver.a(hx_drv_mpc.o)
                0x100057c4                hx_drv_mpc_set_sram2_cfg
 .text.hx_drv_mpc_set_flash1_cfg
                0x10005804       0x5c obj_epii_evb_icv30_bdv10/gnu_epii_evb_WLCSP65/libdriver.a(hx_drv_mpc.o)
                0x10005804                hx_drv_mpc_set_flash1_cfg
 .text.hx_drv_mpc_set_flash2_cfg
                0x10005860       0x5c obj_epii_evb_icv30_bdv10/gnu_epii_evb_WLCSP65/libdriver.a(hx_drv_mpc.o)
                0x10005860                hx_drv_mpc_set_flash2_cfg
 .text.hx_drv_mpc_get_sram0_cfg
                0x100058bc       0x30 obj_epii_evb_icv30_bdv10/gnu_epii_evb_WLCSP65/libdriver.a(hx_drv_mpc.o)
                0x100058bc                hx_drv_mpc_get_sram0_cfg
 .text.hx_drv_mpc_get_sram1_cfg
                0x100058ec       0x30 obj_epii_evb_icv30_bdv10/gnu_epii_evb_WLCSP65/libdriver.a(hx_drv_mpc.o)
                0x100058ec                hx_drv_mpc_get_sram1_cfg
 .text.hx_drv_mpc_get_sram2_cfg
                0x1000591c       0x38 obj_epii_evb_icv30_bdv10/gnu_epii_evb_WLCSP65/libdriver.a(hx_drv_mpc.o)
                0x1000591c                hx_drv_mpc_get_sram2_cfg
 .text.hx_drv_mpc_get_flash1_cfg
                0x10005954       0x58 obj_epii_evb_icv30_bdv10/gnu_epii_evb_WLCSP65/libdriver.a(hx_drv_mpc.o)
                0x10005954                hx_drv_mpc_get_flash1_cfg
 .text.hx_drv_mpc_get_flash2_cfg
                0x100059ac       0x58 obj_epii_evb_icv30_bdv10/gnu_epii_evb_WLCSP65/libdriver.a(hx_drv_mpc.o)
                0x100059ac                hx_drv_mpc_get_flash2_cfg
 .text.PPC_DWC_IRQ_Handler
                0x10005a04       0x14 obj_epii_evb_icv30_bdv10/gnu_epii_evb_WLCSP65/libdriver.a(hx_drv_ppc.o)
                0x10005a04                PPC_DWC_IRQ_Handler
 .text.PPC_ISP_IRQ_Handler
                0x10005a18       0x14 obj_epii_evb_icv30_bdv10/gnu_epii_evb_WLCSP65/libdriver.a(hx_drv_ppc.o)
                0x10005a18                PPC_ISP_IRQ_Handler
 .text.PPC_AHB3_IRQ_Handler
                0x10005a2c       0x14 obj_epii_evb_icv30_bdv10/gnu_epii_evb_WLCSP65/libdriver.a(hx_drv_ppc.o)
                0x10005a2c                PPC_AHB3_IRQ_Handler
 .text.PPC_AHB1M4_IRQ_Handler
                0x10005a40       0x14 obj_epii_evb_icv30_bdv10/gnu_epii_evb_WLCSP65/libdriver.a(hx_drv_ppc.o)
                0x10005a40                PPC_AHB1M4_IRQ_Handler
 .text.PPC_APB0NS_IRQ_Handler
                0x10005a54       0x14 obj_epii_evb_icv30_bdv10/gnu_epii_evb_WLCSP65/libdriver.a(hx_drv_ppc.o)
                0x10005a54                PPC_APB0NS_IRQ_Handler
 .text.PPC_APB0PS_IRQ_Handler
                0x10005a68       0x14 obj_epii_evb_icv30_bdv10/gnu_epii_evb_WLCSP65/libdriver.a(hx_drv_ppc.o)
                0x10005a68                PPC_APB0PS_IRQ_Handler
 .text.PPC_APB1NS_IRQ_Handler
                0x10005a7c       0x14 obj_epii_evb_icv30_bdv10/gnu_epii_evb_WLCSP65/libdriver.a(hx_drv_ppc.o)
                0x10005a7c                PPC_APB1NS_IRQ_Handler
 .text.PPC_APB1PS_IRQ_Handler
                0x10005a90       0x14 obj_epii_evb_icv30_bdv10/gnu_epii_evb_WLCSP65/libdriver.a(hx_drv_ppc.o)
                0x10005a90                PPC_APB1PS_IRQ_Handler
 .text.PPC_APB2_IRQ_Handler
                0x10005aa4       0x14 obj_epii_evb_icv30_bdv10/gnu_epii_evb_WLCSP65/libdriver.a(hx_drv_ppc.o)
                0x10005aa4                PPC_APB2_IRQ_Handler
 .text.PPC_BOOTROM_IRQ_Handler
                0x10005ab8       0x14 obj_epii_evb_icv30_bdv10/gnu_epii_evb_WLCSP65/libdriver.a(hx_drv_ppc.o)
                0x10005ab8                PPC_BOOTROM_IRQ_Handler
 .text.PPC_APB1_AON_IRQ_Handler
                0x10005acc       0x14 obj_epii_evb_icv30_bdv10/gnu_epii_evb_WLCSP65/libdriver.a(hx_drv_ppc.o)
                0x10005acc                PPC_APB1_AON_IRQ_Handler
 .text.hx_drv_ppc_get_dwc
                0x10005ae0       0x18 obj_epii_evb_icv30_bdv10/gnu_epii_evb_WLCSP65/libdriver.a(hx_drv_ppc.o)
                0x10005ae0                hx_drv_ppc_get_dwc
 .text.hx_drv_ppc_get_isp
                0x10005af8       0x18 obj_epii_evb_icv30_bdv10/gnu_epii_evb_WLCSP65/libdriver.a(hx_drv_ppc.o)
                0x10005af8                hx_drv_ppc_get_isp
 .text.hx_drv_ppc_get_ahb3
                0x10005b10       0x70 obj_epii_evb_icv30_bdv10/gnu_epii_evb_WLCSP65/libdriver.a(hx_drv_ppc.o)
                0x10005b10                hx_drv_ppc_get_ahb3
 .text.hx_drv_ppc_get_ahb1m4
                0x10005b80       0x68 obj_epii_evb_icv30_bdv10/gnu_epii_evb_WLCSP65/libdriver.a(hx_drv_ppc.o)
                0x10005b80                hx_drv_ppc_get_ahb1m4
 .text.hx_drv_ppc_get_apb0ns
                0x10005be8      0x128 obj_epii_evb_icv30_bdv10/gnu_epii_evb_WLCSP65/libdriver.a(hx_drv_ppc.o)
                0x10005be8                hx_drv_ppc_get_apb0ns
 .text.hx_drv_ppc_get_apb0ps
                0x10005d10      0x128 obj_epii_evb_icv30_bdv10/gnu_epii_evb_WLCSP65/libdriver.a(hx_drv_ppc.o)
                0x10005d10                hx_drv_ppc_get_apb0ps
 .text.hx_drv_ppc_get_apb1ns
                0x10005e38      0x10c obj_epii_evb_icv30_bdv10/gnu_epii_evb_WLCSP65/libdriver.a(hx_drv_ppc.o)
                0x10005e38                hx_drv_ppc_get_apb1ns
 .text.hx_drv_ppc_get_apb1ps
                0x10005f44       0xc4 obj_epii_evb_icv30_bdv10/gnu_epii_evb_WLCSP65/libdriver.a(hx_drv_ppc.o)
                0x10005f44                hx_drv_ppc_get_apb1ps
 .text.hx_drv_ppc_get_apb2
                0x10006008      0x118 obj_epii_evb_icv30_bdv10/gnu_epii_evb_WLCSP65/libdriver.a(hx_drv_ppc.o)
                0x10006008                hx_drv_ppc_get_apb2
 .text.hx_drv_ppc_get_apb1_aon
                0x10006120       0xa8 obj_epii_evb_icv30_bdv10/gnu_epii_evb_WLCSP65/libdriver.a(hx_drv_ppc.o)
                0x10006120                hx_drv_ppc_get_apb1_aon
 .text.hx_drv_ppc_register_dwc_cb
                0x100061c8       0x54 obj_epii_evb_icv30_bdv10/gnu_epii_evb_WLCSP65/libdriver.a(hx_drv_ppc.o)
                0x100061c8                hx_drv_ppc_register_dwc_cb
 .text.hx_drv_ppc_set_dwc
                0x1000621c       0x24 obj_epii_evb_icv30_bdv10/gnu_epii_evb_WLCSP65/libdriver.a(hx_drv_ppc.o)
                0x1000621c                hx_drv_ppc_set_dwc
 .text.hx_drv_ppc_register_isp_cb
                0x10006240       0x54 obj_epii_evb_icv30_bdv10/gnu_epii_evb_WLCSP65/libdriver.a(hx_drv_ppc.o)
                0x10006240                hx_drv_ppc_register_isp_cb
 .text.hx_drv_ppc_set_isp
                0x10006294       0x24 obj_epii_evb_icv30_bdv10/gnu_epii_evb_WLCSP65/libdriver.a(hx_drv_ppc.o)
                0x10006294                hx_drv_ppc_set_isp
 .text.hx_drv_ppc_register_ahb3_cb
                0x100062b8       0x50 obj_epii_evb_icv30_bdv10/gnu_epii_evb_WLCSP65/libdriver.a(hx_drv_ppc.o)
                0x100062b8                hx_drv_ppc_register_ahb3_cb
 .text.hx_drv_ppc_set_ahb3
                0x10006308       0x74 obj_epii_evb_icv30_bdv10/gnu_epii_evb_WLCSP65/libdriver.a(hx_drv_ppc.o)
                0x10006308                hx_drv_ppc_set_ahb3
 .text.hx_drv_ppc_register_ahb1m4_cb
                0x1000637c       0x54 obj_epii_evb_icv30_bdv10/gnu_epii_evb_WLCSP65/libdriver.a(hx_drv_ppc.o)
                0x1000637c                hx_drv_ppc_register_ahb1m4_cb
 .text.hx_drv_ppc_set_ahb1m4
                0x100063d0       0x64 obj_epii_evb_icv30_bdv10/gnu_epii_evb_WLCSP65/libdriver.a(hx_drv_ppc.o)
                0x100063d0                hx_drv_ppc_set_ahb1m4
 .text.hx_drv_ppc_register_apb0ns_cb
                0x10006434       0x50 obj_epii_evb_icv30_bdv10/gnu_epii_evb_WLCSP65/libdriver.a(hx_drv_ppc.o)
                0x10006434                hx_drv_ppc_register_apb0ns_cb
 .text.hx_drv_ppc_set_apb0ns
                0x10006484      0x11c obj_epii_evb_icv30_bdv10/gnu_epii_evb_WLCSP65/libdriver.a(hx_drv_ppc.o)
                0x10006484                hx_drv_ppc_set_apb0ns
 .text.hx_drv_ppc_register_apb0ps_cb
                0x100065a0       0x50 obj_epii_evb_icv30_bdv10/gnu_epii_evb_WLCSP65/libdriver.a(hx_drv_ppc.o)
                0x100065a0                hx_drv_ppc_register_apb0ps_cb
 .text.hx_drv_ppc_set_apb0ps
                0x100065f0      0x120 obj_epii_evb_icv30_bdv10/gnu_epii_evb_WLCSP65/libdriver.a(hx_drv_ppc.o)
                0x100065f0                hx_drv_ppc_set_apb0ps
 .text.hx_drv_ppc_register_apb1ns_cb
                0x10006710       0x54 obj_epii_evb_icv30_bdv10/gnu_epii_evb_WLCSP65/libdriver.a(hx_drv_ppc.o)
                0x10006710                hx_drv_ppc_register_apb1ns_cb
 .text.hx_drv_ppc_set_apb1ns
                0x10006764      0x104 obj_epii_evb_icv30_bdv10/gnu_epii_evb_WLCSP65/libdriver.a(hx_drv_ppc.o)
                0x10006764                hx_drv_ppc_set_apb1ns
 .text.hx_drv_ppc_register_apb1ps_cb
                0x10006868       0x54 obj_epii_evb_icv30_bdv10/gnu_epii_evb_WLCSP65/libdriver.a(hx_drv_ppc.o)
                0x10006868                hx_drv_ppc_register_apb1ps_cb
 .text.hx_drv_ppc_set_apb1ps
                0x100068bc       0xcc obj_epii_evb_icv30_bdv10/gnu_epii_evb_WLCSP65/libdriver.a(hx_drv_ppc.o)
                0x100068bc                hx_drv_ppc_set_apb1ps
 .text.hx_drv_ppc_register_apb2_cb
                0x10006988       0x54 obj_epii_evb_icv30_bdv10/gnu_epii_evb_WLCSP65/libdriver.a(hx_drv_ppc.o)
                0x10006988                hx_drv_ppc_register_apb2_cb
 .text.hx_drv_ppc_set_apb2
                0x100069dc      0x104 obj_epii_evb_icv30_bdv10/gnu_epii_evb_WLCSP65/libdriver.a(hx_drv_ppc.o)
                0x100069dc                hx_drv_ppc_set_apb2
 .text.hx_drv_ppc_register_bootrom_cb
                0x10006ae0       0x54 obj_epii_evb_icv30_bdv10/gnu_epii_evb_WLCSP65/libdriver.a(hx_drv_ppc.o)
                0x10006ae0                hx_drv_ppc_register_bootrom_cb
 .text.hx_drv_ppc_register_apb1_aon_cb
                0x10006b34       0x54 obj_epii_evb_icv30_bdv10/gnu_epii_evb_WLCSP65/libdriver.a(hx_drv_ppc.o)
                0x10006b34                hx_drv_ppc_register_apb1_aon_cb
 .text.hx_drv_ppc_set_apb1_aon
                0x10006b88       0xac obj_epii_evb_icv30_bdv10/gnu_epii_evb_WLCSP65/libdriver.a(hx_drv_ppc.o)
                0x10006b88                hx_drv_ppc_set_apb1_aon
 .text.pwm_2_isr
                0x10006c34       0x58 obj_epii_evb_icv30_bdv10/gnu_epii_evb_WLCSP65/libdriver.a(hx_drv_pwm.o)
 .text.pwm_0_isr
                0x10006c8c       0x58 obj_epii_evb_icv30_bdv10/gnu_epii_evb_WLCSP65/libdriver.a(hx_drv_pwm.o)
 .text.pwm_1_isr
                0x10006ce4       0x58 obj_epii_evb_icv30_bdv10/gnu_epii_evb_WLCSP65/libdriver.a(hx_drv_pwm.o)
 .text.hx_drv_pwm_init
                0x10006d3c       0xf8 obj_epii_evb_icv30_bdv10/gnu_epii_evb_WLCSP65/libdriver.a(hx_drv_pwm.o)
                0x10006d3c                hx_drv_pwm_init
 .text.hx_drv_rtc_init
                0x10006e34       0x50 obj_epii_evb_icv30_bdv10/gnu_epii_evb_WLCSP65/libdriver.a(hx_drv_rtc.o)
                0x10006e34                hx_drv_rtc_init
 .text.hx_drv_scu_init
                0x10006e84        0x4 obj_epii_evb_icv30_bdv10/gnu_epii_evb_WLCSP65/libdriver.a(hx_drv_scu.o)
                0x10006e84                hx_drv_scu_init
 .text.hx_drv_scu_set_timer_clk_en
                0x10006e88       0x78 obj_epii_evb_icv30_bdv10/gnu_epii_evb_WLCSP65/libdriver.a(hx_drv_scu.o)
                0x10006e88                hx_drv_scu_set_timer_clk_en
 .text.hx_drv_scu_set_timer_clkdiv
                0x10006f00       0x88 obj_epii_evb_icv30_bdv10/gnu_epii_evb_WLCSP65/libdriver.a(hx_drv_scu.o)
                0x10006f00                hx_drv_scu_set_timer_clkdiv
 .text.hx_drv_scu_set_isp_write_en
                0x10006f88       0x20 obj_epii_evb_icv30_bdv10/gnu_epii_evb_WLCSP65/libdriver.a(hx_drv_scu.o)
                0x10006f88                hx_drv_scu_set_isp_write_en
 .text.hx_drv_scu_set_u55_m0_msc_irq_clear
                0x10006fa8       0x20 obj_epii_evb_icv30_bdv10/gnu_epii_evb_WLCSP65/libdriver.a(hx_drv_scu.o)
                0x10006fa8                hx_drv_scu_set_u55_m0_msc_irq_clear
 .text.hx_drv_scu_set_u55_m1_msc_irq_clear
                0x10006fc8       0x24 obj_epii_evb_icv30_bdv10/gnu_epii_evb_WLCSP65/libdriver.a(hx_drv_scu.o)
                0x10006fc8                hx_drv_scu_set_u55_m1_msc_irq_clear
 .text.hx_drv_scu_set_dma0_msc_irq_clear
                0x10006fec       0x24 obj_epii_evb_icv30_bdv10/gnu_epii_evb_WLCSP65/libdriver.a(hx_drv_scu.o)
                0x10006fec                hx_drv_scu_set_dma0_msc_irq_clear
 .text.hx_drv_scu_set_dma1_msc_irq_clear
                0x10007010       0x24 obj_epii_evb_icv30_bdv10/gnu_epii_evb_WLCSP65/libdriver.a(hx_drv_scu.o)
                0x10007010                hx_drv_scu_set_dma1_msc_irq_clear
 .text.hx_drv_scu_set_dma2m1_msc_irq_clear
                0x10007034       0x24 obj_epii_evb_icv30_bdv10/gnu_epii_evb_WLCSP65/libdriver.a(hx_drv_scu.o)
                0x10007034                hx_drv_scu_set_dma2m1_msc_irq_clear
 .text.hx_drv_scu_set_dma2m2_msc_irq_clear
                0x10007058       0x24 obj_epii_evb_icv30_bdv10/gnu_epii_evb_WLCSP65/libdriver.a(hx_drv_scu.o)
                0x10007058                hx_drv_scu_set_dma2m2_msc_irq_clear
 .text.hx_drv_scu_set_dma3m1_msc_irq_clear
                0x1000707c       0x24 obj_epii_evb_icv30_bdv10/gnu_epii_evb_WLCSP65/libdriver.a(hx_drv_scu.o)
                0x1000707c                hx_drv_scu_set_dma3m1_msc_irq_clear
 .text.hx_drv_scu_set_dma3m2_msc_irq_clear
                0x100070a0       0x24 obj_epii_evb_icv30_bdv10/gnu_epii_evb_WLCSP65/libdriver.a(hx_drv_scu.o)
                0x100070a0                hx_drv_scu_set_dma3m2_msc_irq_clear
 .text.hx_drv_scu_set_dpdma_msc_irq_clear
                0x100070c4       0x24 obj_epii_evb_icv30_bdv10/gnu_epii_evb_WLCSP65/libdriver.a(hx_drv_scu.o)
                0x100070c4                hx_drv_scu_set_dpdma_msc_irq_clear
 .text.hx_drv_scu_set_apb1_aon_ppc_cfg
                0x100070e8       0x4c obj_epii_evb_icv30_bdv10/gnu_epii_evb_WLCSP65/libdriver.a(hx_drv_scu.o)
                0x100070e8                hx_drv_scu_set_apb1_aon_ppc_cfg
 .text.hx_drv_scu_get_apb1_aon_ppc_cfg
                0x10007134       0x34 obj_epii_evb_icv30_bdv10/gnu_epii_evb_WLCSP65/libdriver.a(hx_drv_scu.o)
                0x10007134                hx_drv_scu_get_apb1_aon_ppc_cfg
 .text.hx_drv_scu_set_apb1_aon_ppc_irq_clear
                0x10007168       0x24 obj_epii_evb_icv30_bdv10/gnu_epii_evb_WLCSP65/libdriver.a(hx_drv_scu.o)
                0x10007168                hx_drv_scu_set_apb1_aon_ppc_irq_clear
 .text.hx_drv_scu_set_apb2_aon_mipirxctrl_ppc_cfg
                0x1000718c       0x28 obj_epii_evb_icv30_bdv10/gnu_epii_evb_WLCSP65/libdriver.a(hx_drv_scu.o)
                0x1000718c                hx_drv_scu_set_apb2_aon_mipirxctrl_ppc_cfg
 .text.hx_drv_scu_get_apb2_aon_mipirxctrl_ppc_cfg
                0x100071b4       0x24 obj_epii_evb_icv30_bdv10/gnu_epii_evb_WLCSP65/libdriver.a(hx_drv_scu.o)
                0x100071b4                hx_drv_scu_get_apb2_aon_mipirxctrl_ppc_cfg
 .text.hx_drv_scu_set_dwc_ppc_cfg
                0x100071d8       0x4c obj_epii_evb_icv30_bdv10/gnu_epii_evb_WLCSP65/libdriver.a(hx_drv_scu.o)
                0x100071d8                hx_drv_scu_set_dwc_ppc_cfg
 .text.hx_drv_scu_set_xip_en
                0x10007224       0x88 obj_epii_evb_icv30_bdv10/gnu_epii_evb_WLCSP65/libdriver.a(hx_drv_scu.o)
                0x10007224                hx_drv_scu_set_xip_en
 .text.hx_drv_scu_get_dwc_ppc_cfg
                0x100072ac       0x34 obj_epii_evb_icv30_bdv10/gnu_epii_evb_WLCSP65/libdriver.a(hx_drv_scu.o)
                0x100072ac                hx_drv_scu_get_dwc_ppc_cfg
 .text.hx_drv_scu_set_dwc_ppc_irq_clear
                0x100072e0       0x24 obj_epii_evb_icv30_bdv10/gnu_epii_evb_WLCSP65/libdriver.a(hx_drv_scu.o)
                0x100072e0                hx_drv_scu_set_dwc_ppc_irq_clear
 .text.hx_drv_scu_set_isp_ppc_cfg
                0x10007304       0x4c obj_epii_evb_icv30_bdv10/gnu_epii_evb_WLCSP65/libdriver.a(hx_drv_scu.o)
                0x10007304                hx_drv_scu_set_isp_ppc_cfg
 .text.hx_drv_scu_get_isp_ppc_cfg
                0x10007350       0x34 obj_epii_evb_icv30_bdv10/gnu_epii_evb_WLCSP65/libdriver.a(hx_drv_scu.o)
                0x10007350                hx_drv_scu_get_isp_ppc_cfg
 .text.hx_drv_scu_set_isp_ppc_irq_clear
                0x10007384       0x24 obj_epii_evb_icv30_bdv10/gnu_epii_evb_WLCSP65/libdriver.a(hx_drv_scu.o)
                0x10007384                hx_drv_scu_set_isp_ppc_irq_clear
 .text.hx_drv_scu_set_ahb3_ppc_cfg
                0x100073a8       0x4c obj_epii_evb_icv30_bdv10/gnu_epii_evb_WLCSP65/libdriver.a(hx_drv_scu.o)
                0x100073a8                hx_drv_scu_set_ahb3_ppc_cfg
 .text.hx_drv_scu_get_ahb3_ppc_cfg
                0x100073f4       0x34 obj_epii_evb_icv30_bdv10/gnu_epii_evb_WLCSP65/libdriver.a(hx_drv_scu.o)
                0x100073f4                hx_drv_scu_get_ahb3_ppc_cfg
 .text.hx_drv_scu_set_ahb3_ppc_irq_clear
                0x10007428       0x24 obj_epii_evb_icv30_bdv10/gnu_epii_evb_WLCSP65/libdriver.a(hx_drv_scu.o)
                0x10007428                hx_drv_scu_set_ahb3_ppc_irq_clear
 .text.hx_drv_scu_set_ahb1m4_ppc_cfg
                0x1000744c       0x4c obj_epii_evb_icv30_bdv10/gnu_epii_evb_WLCSP65/libdriver.a(hx_drv_scu.o)
                0x1000744c                hx_drv_scu_set_ahb1m4_ppc_cfg
 .text.hx_drv_scu_get_ahb1m4_ppc_cfg
                0x10007498       0x34 obj_epii_evb_icv30_bdv10/gnu_epii_evb_WLCSP65/libdriver.a(hx_drv_scu.o)
                0x10007498                hx_drv_scu_get_ahb1m4_ppc_cfg
 .text.hx_drv_scu_set_ahb1m4_ppc_irq_clear
                0x100074cc       0x24 obj_epii_evb_icv30_bdv10/gnu_epii_evb_WLCSP65/libdriver.a(hx_drv_scu.o)
                0x100074cc                hx_drv_scu_set_ahb1m4_ppc_irq_clear
 .text.hx_drv_scu_set_apb0ns_ppc_cfg
                0x100074f0       0x4c obj_epii_evb_icv30_bdv10/gnu_epii_evb_WLCSP65/libdriver.a(hx_drv_scu.o)
                0x100074f0                hx_drv_scu_set_apb0ns_ppc_cfg
 .text.hx_drv_scu_get_apb0ns_ppc_cfg
                0x1000753c       0x34 obj_epii_evb_icv30_bdv10/gnu_epii_evb_WLCSP65/libdriver.a(hx_drv_scu.o)
                0x1000753c                hx_drv_scu_get_apb0ns_ppc_cfg
 .text.hx_drv_scu_set_apb0ns_ppc_irq_clear
                0x10007570       0x24 obj_epii_evb_icv30_bdv10/gnu_epii_evb_WLCSP65/libdriver.a(hx_drv_scu.o)
                0x10007570                hx_drv_scu_set_apb0ns_ppc_irq_clear
 .text.hx_drv_scu_set_apb0ps_ppc_cfg
                0x10007594       0x4c obj_epii_evb_icv30_bdv10/gnu_epii_evb_WLCSP65/libdriver.a(hx_drv_scu.o)
                0x10007594                hx_drv_scu_set_apb0ps_ppc_cfg
 .text.hx_drv_scu_get_apb0ps_ppc_cfg
                0x100075e0       0x34 obj_epii_evb_icv30_bdv10/gnu_epii_evb_WLCSP65/libdriver.a(hx_drv_scu.o)
                0x100075e0                hx_drv_scu_get_apb0ps_ppc_cfg
 .text.hx_drv_scu_set_apb0ps_ppc_irq_clear
                0x10007614       0x24 obj_epii_evb_icv30_bdv10/gnu_epii_evb_WLCSP65/libdriver.a(hx_drv_scu.o)
                0x10007614                hx_drv_scu_set_apb0ps_ppc_irq_clear
 .text.hx_drv_scu_set_apb1ns_ppc_cfg
                0x10007638       0x4c obj_epii_evb_icv30_bdv10/gnu_epii_evb_WLCSP65/libdriver.a(hx_drv_scu.o)
                0x10007638                hx_drv_scu_set_apb1ns_ppc_cfg
 .text.hx_drv_scu_get_apb1ns_ppc_cfg
                0x10007684       0x34 obj_epii_evb_icv30_bdv10/gnu_epii_evb_WLCSP65/libdriver.a(hx_drv_scu.o)
                0x10007684                hx_drv_scu_get_apb1ns_ppc_cfg
 .text.hx_drv_scu_set_apb1ns_ppc_irq_clear
                0x100076b8       0x24 obj_epii_evb_icv30_bdv10/gnu_epii_evb_WLCSP65/libdriver.a(hx_drv_scu.o)
                0x100076b8                hx_drv_scu_set_apb1ns_ppc_irq_clear
 .text.hx_drv_scu_set_apb1ps_ppc_cfg
                0x100076dc       0x4c obj_epii_evb_icv30_bdv10/gnu_epii_evb_WLCSP65/libdriver.a(hx_drv_scu.o)
                0x100076dc                hx_drv_scu_set_apb1ps_ppc_cfg
 .text.hx_drv_scu_get_apb1ps_ppc_cfg
                0x10007728       0x34 obj_epii_evb_icv30_bdv10/gnu_epii_evb_WLCSP65/libdriver.a(hx_drv_scu.o)
                0x10007728                hx_drv_scu_get_apb1ps_ppc_cfg
 .text.hx_drv_scu_set_apb1ps_ppc_irq_clear
                0x1000775c       0x24 obj_epii_evb_icv30_bdv10/gnu_epii_evb_WLCSP65/libdriver.a(hx_drv_scu.o)
                0x1000775c                hx_drv_scu_set_apb1ps_ppc_irq_clear
 .text.hx_drv_scu_set_apb2_ppc_cfg
                0x10007780       0x4c obj_epii_evb_icv30_bdv10/gnu_epii_evb_WLCSP65/libdriver.a(hx_drv_scu.o)
                0x10007780                hx_drv_scu_set_apb2_ppc_cfg
 .text.hx_drv_scu_get_apb2_ppc_cfg
                0x100077cc       0x3c obj_epii_evb_icv30_bdv10/gnu_epii_evb_WLCSP65/libdriver.a(hx_drv_scu.o)
                0x100077cc                hx_drv_scu_get_apb2_ppc_cfg
 .text.hx_drv_scu_set_apb2_ppc_irq_clear
                0x10007808       0x24 obj_epii_evb_icv30_bdv10/gnu_epii_evb_WLCSP65/libdriver.a(hx_drv_scu.o)
                0x10007808                hx_drv_scu_set_apb2_ppc_irq_clear
 .text.hx_drv_scu_set_rom_ppc_irq_clear
                0x1000782c       0x24 obj_epii_evb_icv30_bdv10/gnu_epii_evb_WLCSP65/libdriver.a(hx_drv_scu.o)
                0x1000782c                hx_drv_scu_set_rom_ppc_irq_clear
 .text.hx_drv_scu_set_sram0_mpc_cfg
                0x10007850       0x48 obj_epii_evb_icv30_bdv10/gnu_epii_evb_WLCSP65/libdriver.a(hx_drv_scu.o)
                0x10007850                hx_drv_scu_set_sram0_mpc_cfg
 .text.hx_drv_scu_get_sram0_mpc_cfg
                0x10007898       0x2c obj_epii_evb_icv30_bdv10/gnu_epii_evb_WLCSP65/libdriver.a(hx_drv_scu.o)
                0x10007898                hx_drv_scu_get_sram0_mpc_cfg
 .text.hx_drv_scu_set_sram0_mpc_init
                0x100078c4       0x20 obj_epii_evb_icv30_bdv10/gnu_epii_evb_WLCSP65/libdriver.a(hx_drv_scu.o)
                0x100078c4                hx_drv_scu_set_sram0_mpc_init
 .text.hx_drv_scu_set_sram1_mpc_cfg
                0x100078e4       0x48 obj_epii_evb_icv30_bdv10/gnu_epii_evb_WLCSP65/libdriver.a(hx_drv_scu.o)
                0x100078e4                hx_drv_scu_set_sram1_mpc_cfg
 .text.hx_drv_scu_get_sram1_mpc_cfg
                0x1000792c       0x2c obj_epii_evb_icv30_bdv10/gnu_epii_evb_WLCSP65/libdriver.a(hx_drv_scu.o)
                0x1000792c                hx_drv_scu_get_sram1_mpc_cfg
 .text.hx_drv_scu_set_sram1_mpc_init
                0x10007958       0x20 obj_epii_evb_icv30_bdv10/gnu_epii_evb_WLCSP65/libdriver.a(hx_drv_scu.o)
                0x10007958                hx_drv_scu_set_sram1_mpc_init
 .text.hx_drv_scu_set_sram2_mpc_cfg
                0x10007978       0x34 obj_epii_evb_icv30_bdv10/gnu_epii_evb_WLCSP65/libdriver.a(hx_drv_scu.o)
                0x10007978                hx_drv_scu_set_sram2_mpc_cfg
 .text.hx_drv_scu_get_sram2_mpc_cfg
                0x100079ac       0x20 obj_epii_evb_icv30_bdv10/gnu_epii_evb_WLCSP65/libdriver.a(hx_drv_scu.o)
                0x100079ac                hx_drv_scu_get_sram2_mpc_cfg
 .text.hx_drv_scu_set_qspicache_mpc_cfg
                0x100079cc       0x34 obj_epii_evb_icv30_bdv10/gnu_epii_evb_WLCSP65/libdriver.a(hx_drv_scu.o)
                0x100079cc                hx_drv_scu_set_qspicache_mpc_cfg
 .text.hx_drv_scu_get_qspicache_mpc_cfg
                0x10007a00       0x20 obj_epii_evb_icv30_bdv10/gnu_epii_evb_WLCSP65/libdriver.a(hx_drv_scu.o)
                0x10007a00                hx_drv_scu_get_qspicache_mpc_cfg
 .text.hx_drv_scu_set_ospi_mpc_cfg
                0x10007a20       0x34 obj_epii_evb_icv30_bdv10/gnu_epii_evb_WLCSP65/libdriver.a(hx_drv_scu.o)
                0x10007a20                hx_drv_scu_set_ospi_mpc_cfg
 .text.hx_drv_scu_get_ospi_mpc_cfg
                0x10007a54       0x20 obj_epii_evb_icv30_bdv10/gnu_epii_evb_WLCSP65/libdriver.a(hx_drv_scu.o)
                0x10007a54                hx_drv_scu_get_ospi_mpc_cfg
 .text.hx_drv_scu_set_ospi_xip_en
                0x10007a74       0x20 obj_epii_evb_icv30_bdv10/gnu_epii_evb_WLCSP65/libdriver.a(hx_drv_scu.o)
                0x10007a74                hx_drv_scu_set_ospi_xip_en
 .text.hx_drv_scu_set_LSC_SWReset
                0x10007a94      0x100 obj_epii_evb_icv30_bdv10/gnu_epii_evb_WLCSP65/libdriver.a(hx_drv_scu.o)
                0x10007a94                hx_drv_scu_set_LSC_SWReset
 .text.hx_drv_scu_set_timer_ctrl
                0x10007b94       0xa4 obj_epii_evb_icv30_bdv10/gnu_epii_evb_WLCSP65/libdriver.a(hx_drv_scu.o)
                0x10007b94                hx_drv_scu_set_timer_ctrl
 .text.hx_drv_scu_get_all_pull_cfg
                0x10007c38      0x234 obj_epii_evb_icv30_bdv10/gnu_epii_evb_WLCSP65/libdriver.a(hx_drv_scu.o)
                0x10007c38                hx_drv_scu_get_all_pull_cfg
 .text.hx_drv_scu_set_all_pull_cfg
                0x10007e6c      0x27c obj_epii_evb_icv30_bdv10/gnu_epii_evb_WLCSP65/libdriver.a(hx_drv_scu.o)
                0x10007e6c                hx_drv_scu_set_all_pull_cfg
 .text.hx_drv_scu_set_PA0_pinmux
                0x100080e8       0x3c obj_epii_evb_icv30_bdv10/gnu_epii_evb_WLCSP65/libdriver.a(hx_drv_scu.o)
                0x100080e8                hx_drv_scu_set_PA0_pinmux
 .text.hx_drv_scu_set_PA2_pinmux
                0x10008124       0x54 obj_epii_evb_icv30_bdv10/gnu_epii_evb_WLCSP65/libdriver.a(hx_drv_scu.o)
                0x10008124                hx_drv_scu_set_PA2_pinmux
 .text.hx_drv_scu_set_PA3_pinmux
                0x10008178       0x54 obj_epii_evb_icv30_bdv10/gnu_epii_evb_WLCSP65/libdriver.a(hx_drv_scu.o)
                0x10008178                hx_drv_scu_set_PA3_pinmux
 .text.hx_drv_scu_set_SDIO_SDCLK_pinmux
                0x100081cc       0x50 obj_epii_evb_icv30_bdv10/gnu_epii_evb_WLCSP65/libdriver.a(hx_drv_scu.o)
                0x100081cc                hx_drv_scu_set_SDIO_SDCLK_pinmux
 .text.hx_drv_scu_set_SDIO_CMD_pinmux
                0x1000821c       0x50 obj_epii_evb_icv30_bdv10/gnu_epii_evb_WLCSP65/libdriver.a(hx_drv_scu.o)
                0x1000821c                hx_drv_scu_set_SDIO_CMD_pinmux
 .text.hx_drv_scu_set_SDIO_DAT0_pinmux
                0x1000826c       0x50 obj_epii_evb_icv30_bdv10/gnu_epii_evb_WLCSP65/libdriver.a(hx_drv_scu.o)
                0x1000826c                hx_drv_scu_set_SDIO_DAT0_pinmux
 .text.hx_drv_scu_set_SDIO_DAT1_pinmux
                0x100082bc       0x50 obj_epii_evb_icv30_bdv10/gnu_epii_evb_WLCSP65/libdriver.a(hx_drv_scu.o)
                0x100082bc                hx_drv_scu_set_SDIO_DAT1_pinmux
 .text.hx_drv_scu_set_SDIO_DAT2_pinmux
                0x1000830c       0x50 obj_epii_evb_icv30_bdv10/gnu_epii_evb_WLCSP65/libdriver.a(hx_drv_scu.o)
                0x1000830c                hx_drv_scu_set_SDIO_DAT2_pinmux
 .text.hx_drv_scu_set_SDIO_DAT3_pinmux
                0x1000835c       0x50 obj_epii_evb_icv30_bdv10/gnu_epii_evb_WLCSP65/libdriver.a(hx_drv_scu.o)
                0x1000835c                hx_drv_scu_set_SDIO_DAT3_pinmux
 .text.hx_drv_scu_set_SW_DATA_pinmux
                0x100083ac       0x50 obj_epii_evb_icv30_bdv10/gnu_epii_evb_WLCSP65/libdriver.a(hx_drv_scu.o)
                0x100083ac                hx_drv_scu_set_SW_DATA_pinmux
 .text.hx_drv_scu_set_SW_CLK_pinmux
                0x100083fc       0x54 obj_epii_evb_icv30_bdv10/gnu_epii_evb_WLCSP65/libdriver.a(hx_drv_scu.o)
                0x100083fc                hx_drv_scu_set_SW_CLK_pinmux
 .text.hx_drv_scu_set_PB2_pinmux
                0x10008450       0x50 obj_epii_evb_icv30_bdv10/gnu_epii_evb_WLCSP65/libdriver.a(hx_drv_scu.o)
                0x10008450                hx_drv_scu_set_PB2_pinmux
 .text.hx_drv_scu_set_PB3_pinmux
                0x100084a0       0x50 obj_epii_evb_icv30_bdv10/gnu_epii_evb_WLCSP65/libdriver.a(hx_drv_scu.o)
                0x100084a0                hx_drv_scu_set_PB3_pinmux
 .text.hx_drv_scu_set_PB4_pinmux
                0x100084f0       0x50 obj_epii_evb_icv30_bdv10/gnu_epii_evb_WLCSP65/libdriver.a(hx_drv_scu.o)
                0x100084f0                hx_drv_scu_set_PB4_pinmux
 .text.hx_drv_scu_set_PB5_pinmux
                0x10008540       0x4c obj_epii_evb_icv30_bdv10/gnu_epii_evb_WLCSP65/libdriver.a(hx_drv_scu.o)
                0x10008540                hx_drv_scu_set_PB5_pinmux
 .text.hx_drv_scu_set_PB6_pinmux
                0x1000858c       0x50 obj_epii_evb_icv30_bdv10/gnu_epii_evb_WLCSP65/libdriver.a(hx_drv_scu.o)
                0x1000858c                hx_drv_scu_set_PB6_pinmux
 .text.hx_drv_scu_set_PB7_pinmux
                0x100085dc       0x4c obj_epii_evb_icv30_bdv10/gnu_epii_evb_WLCSP65/libdriver.a(hx_drv_scu.o)
                0x100085dc                hx_drv_scu_set_PB7_pinmux
 .text.hx_drv_scu_set_PB8_pinmux
                0x10008628       0x4c obj_epii_evb_icv30_bdv10/gnu_epii_evb_WLCSP65/libdriver.a(hx_drv_scu.o)
                0x10008628                hx_drv_scu_set_PB8_pinmux
 .text.hx_drv_scu_set_PB9_pinmux
                0x10008674       0x50 obj_epii_evb_icv30_bdv10/gnu_epii_evb_WLCSP65/libdriver.a(hx_drv_scu.o)
                0x10008674                hx_drv_scu_set_PB9_pinmux
 .text.hx_drv_scu_set_PB10_pinmux
                0x100086c4       0x50 obj_epii_evb_icv30_bdv10/gnu_epii_evb_WLCSP65/libdriver.a(hx_drv_scu.o)
                0x100086c4                hx_drv_scu_set_PB10_pinmux
 .text.hx_drv_scu_set_PB11_pinmux
                0x10008714       0x50 obj_epii_evb_icv30_bdv10/gnu_epii_evb_WLCSP65/libdriver.a(hx_drv_scu.o)
                0x10008714                hx_drv_scu_set_PB11_pinmux
 .text.hx_drv_scu_set_I2CM_SCLSDA_pinmux
                0x10008764       0x50 obj_epii_evb_icv30_bdv10/gnu_epii_evb_WLCSP65/libdriver.a(hx_drv_scu.o)
                0x10008764                hx_drv_scu_set_I2CM_SCLSDA_pinmux
 .text.hx_drv_scu_set_PB0_pinmux
                0x100087b4       0x4c obj_epii_evb_icv30_bdv10/gnu_epii_evb_WLCSP65/libdriver.a(hx_drv_scu.o)
                0x100087b4                hx_drv_scu_set_PB0_pinmux
 .text.hx_drv_scu_set_PB1_pinmux
                0x10008800       0x4c obj_epii_evb_icv30_bdv10/gnu_epii_evb_WLCSP65/libdriver.a(hx_drv_scu.o)
                0x10008800                hx_drv_scu_set_PB1_pinmux
 .text.hx_drv_scu_set_UART_RX_TX_CTS_RTS_pinmux
                0x1000884c       0x54 obj_epii_evb_icv30_bdv10/gnu_epii_evb_WLCSP65/libdriver.a(hx_drv_scu.o)
                0x1000884c                hx_drv_scu_set_UART_RX_TX_CTS_RTS_pinmux
 .text.hx_drv_scu_set_all_pinmux_cfg
                0x100088a0      0x36c obj_epii_evb_icv30_bdv10/gnu_epii_evb_WLCSP65/libdriver.a(hx_drv_scu.o)
                0x100088a0                hx_drv_scu_set_all_pinmux_cfg
 .text.hx_drv_scu_get_pdhsc_dpclk_cfg
                0x10008c0c       0x64 obj_epii_evb_icv30_bdv10/gnu_epii_evb_WLCSP65/libdriver.a(hx_drv_scu_ckgen.o)
                0x10008c0c                hx_drv_scu_get_pdhsc_dpclk_cfg
 .text.hx_drv_scu_get_pdhsc_hscclk_cfg
                0x10008c70       0x64 obj_epii_evb_icv30_bdv10/gnu_epii_evb_WLCSP65/libdriver.a(hx_drv_scu_ckgen.o)
                0x10008c70                hx_drv_scu_get_pdhsc_hscclk_cfg
 .text.hx_drv_scu_get_pdlsc_lscclk_cfg
                0x10008cd4       0x4c obj_epii_evb_icv30_bdv10/gnu_epii_evb_WLCSP65/libdriver.a(hx_drv_scu_ckgen.o)
                0x10008cd4                hx_drv_scu_get_pdlsc_lscclk_cfg
 .text.hx_drv_scu_get_pdlsc_lscrefclk_cfg
                0x10008d20       0x84 obj_epii_evb_icv30_bdv10/gnu_epii_evb_WLCSP65/libdriver.a(hx_drv_scu_ckgen.o)
                0x10008d20                hx_drv_scu_get_pdlsc_lscrefclk_cfg
 .text.hx_drv_scu_get_pdlsc_clken_cfg
                0x10008da4      0x108 obj_epii_evb_icv30_bdv10/gnu_epii_evb_WLCSP65/libdriver.a(hx_drv_scu_ckgen.o)
                0x10008da4                hx_drv_scu_get_pdlsc_clken_cfg
 .text.hx_drv_scu_get_pdsb_clk_cfg
                0x10008eac       0x50 obj_epii_evb_icv30_bdv10/gnu_epii_evb_WLCSP65/libdriver.a(hx_drv_scu_ckgen.o)
                0x10008eac                hx_drv_scu_get_pdsb_clk_cfg
 .text.hx_drv_scu_get_hscclk_freq
                0x10008efc       0xb0 obj_epii_evb_icv30_bdv10/gnu_epii_evb_WLCSP65/libdriver.a(hx_drv_scu_ckgen.o)
                0x10008efc                hx_drv_scu_get_hscclk_freq
 .text.hx_drv_scu_get_lscrefclk_freq
                0x10008fac       0x88 obj_epii_evb_icv30_bdv10/gnu_epii_evb_WLCSP65/libdriver.a(hx_drv_scu_ckgen.o)
                0x10008fac                hx_drv_scu_get_lscrefclk_freq
 .text.hx_drv_scu_get_freq
                0x10009034      0x664 obj_epii_evb_icv30_bdv10/gnu_epii_evb_WLCSP65/libdriver.a(hx_drv_scu_ckgen.o)
                0x10009034                hx_drv_scu_get_freq
 .text.hx_drv_sensorctrl_init
                0x10009698       0x1c obj_epii_evb_icv30_bdv10/gnu_epii_evb_WLCSP65/libdriver.a(hx_drv_sensorctrl.o)
                0x10009698                hx_drv_sensorctrl_init
 .text.qspi_mst_rx_ISR
                0x100096b4       0x24 obj_epii_evb_icv30_bdv10/gnu_epii_evb_WLCSP65/libdriver.a(hx_drv_spi_m.o)
 .text.qspi_mst_tx_ISR
                0x100096d8       0x40 obj_epii_evb_icv30_bdv10/gnu_epii_evb_WLCSP65/libdriver.a(hx_drv_spi_m.o)
 .text.sspi_mst_tx_ISR
                0x10009718       0x40 obj_epii_evb_icv30_bdv10/gnu_epii_evb_WLCSP65/libdriver.a(hx_drv_spi_m.o)
 .text.ospi_mst_rx_ISR
                0x10009758       0x24 obj_epii_evb_icv30_bdv10/gnu_epii_evb_WLCSP65/libdriver.a(hx_drv_spi_m.o)
 .text.ospi_mst_tx_ISR
                0x1000977c       0x40 obj_epii_evb_icv30_bdv10/gnu_epii_evb_WLCSP65/libdriver.a(hx_drv_spi_m.o)
 .text.dw_spi_q_isr
                0x100097bc        0xc obj_epii_evb_icv30_bdv10/gnu_epii_evb_WLCSP65/libdriver.a(hx_drv_spi_m.o)
                0x100097bc                dw_spi_q_isr
 .text.dw_spi_s_isr
                0x100097c8        0xc obj_epii_evb_icv30_bdv10/gnu_epii_evb_WLCSP65/libdriver.a(hx_drv_spi_m.o)
                0x100097c8                dw_spi_s_isr
 .text.dw_spi_o_isr
                0x100097d4        0xc obj_epii_evb_icv30_bdv10/gnu_epii_evb_WLCSP65/libdriver.a(hx_drv_spi_m.o)
                0x100097d4                dw_spi_o_isr
 .text.dw_spi_q_control
                0x100097e0       0x10 obj_epii_evb_icv30_bdv10/gnu_epii_evb_WLCSP65/libdriver.a(hx_drv_spi_m.o)
 .text.dw_spi_s_control
                0x100097f0       0x10 obj_epii_evb_icv30_bdv10/gnu_epii_evb_WLCSP65/libdriver.a(hx_drv_spi_m.o)
 .text.dw_spi_o_control
                0x10009800       0x10 obj_epii_evb_icv30_bdv10/gnu_epii_evb_WLCSP65/libdriver.a(hx_drv_spi_m.o)
 .text.hx_drv_spim_DMA_init
                0x10009810       0xe4 obj_epii_evb_icv30_bdv10/gnu_epii_evb_WLCSP65/libdriver.a(hx_drv_spi_m.o)
 .text.dw_spi_s_read_write_dma
                0x100098f4      0x114 obj_epii_evb_icv30_bdv10/gnu_epii_evb_WLCSP65/libdriver.a(hx_drv_spi_m.o)
                0x100098f4                dw_spi_s_read_write_dma
 .text.dw_spi_s_read_halt
                0x10009a08       0x64 obj_epii_evb_icv30_bdv10/gnu_epii_evb_WLCSP65/libdriver.a(hx_drv_spi_m.o)
 .text.dw_spi_q_install
                0x10009a6c       0xa4 obj_epii_evb_icv30_bdv10/gnu_epii_evb_WLCSP65/libdriver.a(hx_drv_spi_m.o)
 .text.dw_spi_s_install
                0x10009b10      0x10c obj_epii_evb_icv30_bdv10/gnu_epii_evb_WLCSP65/libdriver.a(hx_drv_spi_m.o)
 .text.dw_spi_o_install
                0x10009c1c       0xa4 obj_epii_evb_icv30_bdv10/gnu_epii_evb_WLCSP65/libdriver.a(hx_drv_spi_m.o)
 .text.dw_spi_q_close
                0x10009cc0        0xc obj_epii_evb_icv30_bdv10/gnu_epii_evb_WLCSP65/libdriver.a(hx_drv_spi_m.o)
 .text.dw_spi_s_close
                0x10009ccc       0x14 obj_epii_evb_icv30_bdv10/gnu_epii_evb_WLCSP65/libdriver.a(hx_drv_spi_m.o)
 .text.dw_spi_o_close
                0x10009ce0        0xc obj_epii_evb_icv30_bdv10/gnu_epii_evb_WLCSP65/libdriver.a(hx_drv_spi_m.o)
 .text.dw_spi_q_open
                0x10009cec       0x8c obj_epii_evb_icv30_bdv10/gnu_epii_evb_WLCSP65/libdriver.a(hx_drv_spi_m.o)
 .text.dw_spi_s_open
                0x10009d78       0x44 obj_epii_evb_icv30_bdv10/gnu_epii_evb_WLCSP65/libdriver.a(hx_drv_spi_m.o)
 .text.dw_spi_q_tx_ptl_isr
                0x10009dbc        0xc obj_epii_evb_icv30_bdv10/gnu_epii_evb_WLCSP65/libdriver.a(hx_drv_spi_m.o)
 .text.dw_spi_s_tx_ptl_isr
                0x10009dc8        0xc obj_epii_evb_icv30_bdv10/gnu_epii_evb_WLCSP65/libdriver.a(hx_drv_spi_m.o)
 .text.dw_spi_o_tx_ptl_isr
                0x10009dd4        0xc obj_epii_evb_icv30_bdv10/gnu_epii_evb_WLCSP65/libdriver.a(hx_drv_spi_m.o)
 .text.dw_spi_s_write_ptl_halt
                0x10009de0       0x64 obj_epii_evb_icv30_bdv10/gnu_epii_evb_WLCSP65/libdriver.a(hx_drv_spi_m.o)
 .text.dw_spi_s_write_ptl
                0x10009e44       0xec obj_epii_evb_icv30_bdv10/gnu_epii_evb_WLCSP65/libdriver.a(hx_drv_spi_m.o)
 .text.dw_spi_s_write_dma
                0x10009f30       0xd0 obj_epii_evb_icv30_bdv10/gnu_epii_evb_WLCSP65/libdriver.a(hx_drv_spi_m.o)
 .text.dw_spi_s_tx_then_rx_dma
                0x1000a000      0x130 obj_epii_evb_icv30_bdv10/gnu_epii_evb_WLCSP65/libdriver.a(hx_drv_spi_m.o)
 .text.dw_spi_s_read_dma
                0x1000a130       0xec obj_epii_evb_icv30_bdv10/gnu_epii_evb_WLCSP65/libdriver.a(hx_drv_spi_m.o)
 .text.dw_spi_s_read
                0x1000a21c       0x10 obj_epii_evb_icv30_bdv10/gnu_epii_evb_WLCSP65/libdriver.a(hx_drv_spi_m.o)
 .text.dw_spi_s_write
                0x1000a22c       0x10 obj_epii_evb_icv30_bdv10/gnu_epii_evb_WLCSP65/libdriver.a(hx_drv_spi_m.o)
 .text.dw_spi_o_open
                0x1000a23c       0xb4 obj_epii_evb_icv30_bdv10/gnu_epii_evb_WLCSP65/libdriver.a(hx_drv_spi_m.o)
 .text.sspi_mst_rx_ISR
                0x1000a2f0       0x98 obj_epii_evb_icv30_bdv10/gnu_epii_evb_WLCSP65/libdriver.a(hx_drv_spi_m.o)
 .text.hx_drv_spi_mst_init
                0x1000a388       0x74 obj_epii_evb_icv30_bdv10/gnu_epii_evb_WLCSP65/libdriver.a(hx_drv_spi_m.o)
                0x1000a388                hx_drv_spi_mst_init
 .text.dw_spi_init_transfer
                0x1000a3fc       0x50 obj_epii_evb_icv30_bdv10/gnu_epii_evb_WLCSP65/libdriver.a(dw_spi.o)
 .text.dw_spi_ena_cbr
                0x1000a44c       0x88 obj_epii_evb_icv30_bdv10/gnu_epii_evb_WLCSP65/libdriver.a(dw_spi.o)
 .text.dw_spi_dis_cbr
                0x1000a4d4       0xa8 obj_epii_evb_icv30_bdv10/gnu_epii_evb_WLCSP65/libdriver.a(dw_spi.o)
 .text.dw_spi_abort_tx
                0x1000a57c       0x3c obj_epii_evb_icv30_bdv10/gnu_epii_evb_WLCSP65/libdriver.a(dw_spi.o)
 .text.dw_spi_abort_rx
                0x1000a5b8       0x3c obj_epii_evb_icv30_bdv10/gnu_epii_evb_WLCSP65/libdriver.a(dw_spi.o)
 .text.dw_spi_chk_xfer_aligned.part.0
                0x1000a5f4       0x38 obj_epii_evb_icv30_bdv10/gnu_epii_evb_WLCSP65/libdriver.a(dw_spi.o)
 .text.dw_spi_reader
                0x1000a62c       0x98 obj_epii_evb_icv30_bdv10/gnu_epii_evb_WLCSP65/libdriver.a(dw_spi.o)
 .text.dw_spi_writer
                0x1000a6c4       0x9c obj_epii_evb_icv30_bdv10/gnu_epii_evb_WLCSP65/libdriver.a(dw_spi.o)
 .text.dw_spi_poll_transfer
                0x1000a760       0x40 obj_epii_evb_icv30_bdv10/gnu_epii_evb_WLCSP65/libdriver.a(dw_spi.o)
 .text.dw_spi_disable_interrupt
                0x1000a7a0       0x64 obj_epii_evb_icv30_bdv10/gnu_epii_evb_WLCSP65/libdriver.a(dw_spi.o)
 .text.dw_spi_update_system_clk
                0x1000a804       0x6c obj_epii_evb_icv30_bdv10/gnu_epii_evb_WLCSP65/libdriver.a(dw_spi.o)
                0x1000a804                dw_spi_update_system_clk
 .text.dw_spi_open
                0x1000a870      0x1fc obj_epii_evb_icv30_bdv10/gnu_epii_evb_WLCSP65/libdriver.a(dw_spi.o)
                0x1000a870                dw_spi_open
 .text.dw_spi_close
                0x1000aa6c       0x64 obj_epii_evb_icv30_bdv10/gnu_epii_evb_WLCSP65/libdriver.a(dw_spi.o)
                0x1000aa6c                dw_spi_close
 .text.dw_spi_tx_ptl_isr
                0x1000aad0       0x74 obj_epii_evb_icv30_bdv10/gnu_epii_evb_WLCSP65/libdriver.a(dw_spi.o)
                0x1000aad0                dw_spi_tx_ptl_isr
 .text.dw_spi_control
                0x1000ab44      0xaa8 obj_epii_evb_icv30_bdv10/gnu_epii_evb_WLCSP65/libdriver.a(dw_spi.o)
                0x1000ab44                dw_spi_control
 .text.dw_spi_write_int
                0x1000b5ec       0x80 obj_epii_evb_icv30_bdv10/gnu_epii_evb_WLCSP65/libdriver.a(dw_spi.o)
                0x1000b5ec                dw_spi_write_int
 .text.dw_spi_get_busy_status
                0x1000b66c        0xc obj_epii_evb_icv30_bdv10/gnu_epii_evb_WLCSP65/libdriver.a(dw_spi.o)
                0x1000b66c                dw_spi_get_busy_status
 .text.dw_spi_read_int
                0x1000b678       0xc4 obj_epii_evb_icv30_bdv10/gnu_epii_evb_WLCSP65/libdriver.a(dw_spi.o)
                0x1000b678                dw_spi_read_int
 .text.dw_spi_isr
                0x1000b73c      0x14c obj_epii_evb_icv30_bdv10/gnu_epii_evb_WLCSP65/libdriver.a(dw_spi.o)
                0x1000b73c                dw_spi_isr
 .text.dw_spi_get_dma_tx_doneflag
                0x1000b888       0x10 obj_epii_evb_icv30_bdv10/gnu_epii_evb_WLCSP65/libdriver.a(dw_spi.o)
                0x1000b888                dw_spi_get_dma_tx_doneflag
 .text.dw_spi_get_dma_rx_doneflag
                0x1000b898       0x10 obj_epii_evb_icv30_bdv10/gnu_epii_evb_WLCSP65/libdriver.a(dw_spi.o)
                0x1000b898                dw_spi_get_dma_rx_doneflag
 .text.hx_drv_swreg_aon_get_pllfreq
                0x1000b8a8       0x14 obj_epii_evb_icv30_bdv10/gnu_epii_evb_WLCSP65/libdriver.a(hx_drv_swreg_aon.o)
                0x1000b8a8                hx_drv_swreg_aon_get_pllfreq
 .text.StartTimer.part.0
                0x1000b8bc       0xf0 obj_epii_evb_icv30_bdv10/gnu_epii_evb_WLCSP65/libdriver.a(hx_drv_timer.o)
 .text.StopTimer.part.0
                0x1000b9ac       0xc4 obj_epii_evb_icv30_bdv10/gnu_epii_evb_WLCSP65/libdriver.a(hx_drv_timer.o)
 .text.hx_drv_timer_SetValue
                0x1000ba70       0x80 obj_epii_evb_icv30_bdv10/gnu_epii_evb_WLCSP65/libdriver.a(hx_drv_timer.o)
                0x1000ba70                hx_drv_timer_SetValue
 .text.hx_drv_timer_SetReload
                0x1000baf0       0x80 obj_epii_evb_icv30_bdv10/gnu_epii_evb_WLCSP65/libdriver.a(hx_drv_timer.o)
                0x1000baf0                hx_drv_timer_SetReload
 .text.hx_drv_timer_ClearIRQ
                0x1000bb70       0xc8 obj_epii_evb_icv30_bdv10/gnu_epii_evb_WLCSP65/libdriver.a(hx_drv_timer.o)
                0x1000bb70                hx_drv_timer_ClearIRQ
 .text.hx_drv_timer_StatusIRQ
                0x1000bc38       0x84 obj_epii_evb_icv30_bdv10/gnu_epii_evb_WLCSP65/libdriver.a(hx_drv_timer.o)
                0x1000bc38                hx_drv_timer_StatusIRQ
 .text.hx_drv_timer_irq_handler
                0x1000bcbc       0x78 obj_epii_evb_icv30_bdv10/gnu_epii_evb_WLCSP65/libdriver.a(hx_drv_timer.o)
                0x1000bcbc                hx_drv_timer_irq_handler
 .text.TIMER0_IRQ_Handler
                0x1000bd34        0x8 obj_epii_evb_icv30_bdv10/gnu_epii_evb_WLCSP65/libdriver.a(hx_drv_timer.o)
                0x1000bd34                TIMER0_IRQ_Handler
 .text.TIMER1_IRQ_Handler
                0x1000bd3c        0x8 obj_epii_evb_icv30_bdv10/gnu_epii_evb_WLCSP65/libdriver.a(hx_drv_timer.o)
                0x1000bd3c                TIMER1_IRQ_Handler
 .text.TIMER2_IRQ_Handler
                0x1000bd44        0x8 obj_epii_evb_icv30_bdv10/gnu_epii_evb_WLCSP65/libdriver.a(hx_drv_timer.o)
                0x1000bd44                TIMER2_IRQ_Handler
 .text.TIMER3_IRQ_Handler
                0x1000bd4c        0x8 obj_epii_evb_icv30_bdv10/gnu_epii_evb_WLCSP65/libdriver.a(hx_drv_timer.o)
                0x1000bd4c                TIMER3_IRQ_Handler
 .text.TIMER4_IRQ_Handler
                0x1000bd54        0x8 obj_epii_evb_icv30_bdv10/gnu_epii_evb_WLCSP65/libdriver.a(hx_drv_timer.o)
                0x1000bd54                TIMER4_IRQ_Handler
 .text.TIMER5_IRQ_Handler
                0x1000bd5c        0x8 obj_epii_evb_icv30_bdv10/gnu_epii_evb_WLCSP65/libdriver.a(hx_drv_timer.o)
                0x1000bd5c                TIMER5_IRQ_Handler
 .text.TIMER6_IRQ_Handler
                0x1000bd64        0x8 obj_epii_evb_icv30_bdv10/gnu_epii_evb_WLCSP65/libdriver.a(hx_drv_timer.o)
                0x1000bd64                TIMER6_IRQ_Handler
 .text.TIMER7_IRQ_Handler
                0x1000bd6c        0x8 obj_epii_evb_icv30_bdv10/gnu_epii_evb_WLCSP65/libdriver.a(hx_drv_timer.o)
                0x1000bd6c                TIMER7_IRQ_Handler
 .text.TIMER8_IRQ_Handler
                0x1000bd74        0x8 obj_epii_evb_icv30_bdv10/gnu_epii_evb_WLCSP65/libdriver.a(hx_drv_timer.o)
                0x1000bd74                TIMER8_IRQ_Handler
 .text.hx_drv_timer_init
                0x1000bd7c       0x94 obj_epii_evb_icv30_bdv10/gnu_epii_evb_WLCSP65/libdriver.a(hx_drv_timer.o)
                0x1000bd7c                hx_drv_timer_init
 .text.hx_drv_timer_hw_start
                0x1000be10      0x298 obj_epii_evb_icv30_bdv10/gnu_epii_evb_WLCSP65/libdriver.a(hx_drv_timer.o)
                0x1000be10                hx_drv_timer_hw_start
 .text.hx_drv_timer_cm55s_start
                0x1000c0a8        0xc obj_epii_evb_icv30_bdv10/gnu_epii_evb_WLCSP65/libdriver.a(hx_drv_timer.o)
                0x1000c0a8                hx_drv_timer_cm55s_start
 .text.hx_drv_timer_cm55s_stop
                0x1000c0b4       0x34 obj_epii_evb_icv30_bdv10/gnu_epii_evb_WLCSP65/libdriver.a(hx_drv_timer.o)
                0x1000c0b4                hx_drv_timer_cm55s_stop
 .text.hx_drv_tpg_init_reg_addr
                0x1000c0e8       0x10 obj_epii_evb_icv30_bdv10/gnu_epii_evb_WLCSP65/libdriver.a(hx_drv_tpg.o)
                0x1000c0e8                hx_drv_tpg_init_reg_addr
 .text.uart0_tx_ISR
                0x1000c0f8       0x18 obj_epii_evb_icv30_bdv10/gnu_epii_evb_WLCSP65/libdriver.a(hx_drv_uart.o)
 .text.uart1_tx_ISR
                0x1000c110       0x18 obj_epii_evb_icv30_bdv10/gnu_epii_evb_WLCSP65/libdriver.a(hx_drv_uart.o)
 .text.uart2_tx_ISR
                0x1000c128       0x18 obj_epii_evb_icv30_bdv10/gnu_epii_evb_WLCSP65/libdriver.a(hx_drv_uart.o)
 .text.uart0_rx_ISR
                0x1000c140       0x18 obj_epii_evb_icv30_bdv10/gnu_epii_evb_WLCSP65/libdriver.a(hx_drv_uart.o)
 .text.uart1_rx_ISR
                0x1000c158       0x18 obj_epii_evb_icv30_bdv10/gnu_epii_evb_WLCSP65/libdriver.a(hx_drv_uart.o)
 .text.uart2_rx_ISR
                0x1000c170       0x18 obj_epii_evb_icv30_bdv10/gnu_epii_evb_WLCSP65/libdriver.a(hx_drv_uart.o)
 .text.dw_uart_0_isr
                0x1000c188        0xc obj_epii_evb_icv30_bdv10/gnu_epii_evb_WLCSP65/libdriver.a(hx_drv_uart.o)
                0x1000c188                dw_uart_0_isr
 .text.dw_uart_2_isr
                0x1000c194        0xc obj_epii_evb_icv30_bdv10/gnu_epii_evb_WLCSP65/libdriver.a(hx_drv_uart.o)
                0x1000c194                dw_uart_2_isr
 .text.dw_uart_1_isr
                0x1000c1a0        0xc obj_epii_evb_icv30_bdv10/gnu_epii_evb_WLCSP65/libdriver.a(hx_drv_uart.o)
 .text.dw_uart_0_read_nonblock
                0x1000c1ac       0x10 obj_epii_evb_icv30_bdv10/gnu_epii_evb_WLCSP65/libdriver.a(hx_drv_uart.o)
 .text.dw_uart_1_read_nonblock
                0x1000c1bc       0x10 obj_epii_evb_icv30_bdv10/gnu_epii_evb_WLCSP65/libdriver.a(hx_drv_uart.o)
 .text.dw_uart_2_read_nonblock
                0x1000c1cc       0x10 obj_epii_evb_icv30_bdv10/gnu_epii_evb_WLCSP65/libdriver.a(hx_drv_uart.o)
 .text.dw_uart_0_read
                0x1000c1dc       0x10 obj_epii_evb_icv30_bdv10/gnu_epii_evb_WLCSP65/libdriver.a(hx_drv_uart.o)
 .text.dw_uart_1_read
                0x1000c1ec       0x10 obj_epii_evb_icv30_bdv10/gnu_epii_evb_WLCSP65/libdriver.a(hx_drv_uart.o)
 .text.dw_uart_2_read
                0x1000c1fc       0x10 obj_epii_evb_icv30_bdv10/gnu_epii_evb_WLCSP65/libdriver.a(hx_drv_uart.o)
 .text.hx_drv_uart_DMA_init
                0x1000c20c      0x130 obj_epii_evb_icv30_bdv10/gnu_epii_evb_WLCSP65/libdriver.a(hx_drv_uart.o)
 .text.dw_uart_0_read_udma
                0x1000c33c       0x84 obj_epii_evb_icv30_bdv10/gnu_epii_evb_WLCSP65/libdriver.a(hx_drv_uart.o)
 .text.dw_uart_1_read_udma
                0x1000c3c0       0x84 obj_epii_evb_icv30_bdv10/gnu_epii_evb_WLCSP65/libdriver.a(hx_drv_uart.o)
 .text.dw_uart_2_read_udma
                0x1000c444       0x84 obj_epii_evb_icv30_bdv10/gnu_epii_evb_WLCSP65/libdriver.a(hx_drv_uart.o)
 .text.dw_uart_0_write_udma
                0x1000c4c8       0x8c obj_epii_evb_icv30_bdv10/gnu_epii_evb_WLCSP65/libdriver.a(hx_drv_uart.o)
 .text.dw_uart_1_write_udma
                0x1000c554       0x8c obj_epii_evb_icv30_bdv10/gnu_epii_evb_WLCSP65/libdriver.a(hx_drv_uart.o)
 .text.dw_uart_2_write_udma
                0x1000c5e0       0x8c obj_epii_evb_icv30_bdv10/gnu_epii_evb_WLCSP65/libdriver.a(hx_drv_uart.o)
 .text.dw_uart_0_write
                0x1000c66c       0x10 obj_epii_evb_icv30_bdv10/gnu_epii_evb_WLCSP65/libdriver.a(hx_drv_uart.o)
 .text.dw_uart_1_write
                0x1000c67c       0x10 obj_epii_evb_icv30_bdv10/gnu_epii_evb_WLCSP65/libdriver.a(hx_drv_uart.o)
 .text.dw_uart_2_write
                0x1000c68c       0x10 obj_epii_evb_icv30_bdv10/gnu_epii_evb_WLCSP65/libdriver.a(hx_drv_uart.o)
 .text.dw_uart_0_control
                0x1000c69c       0x10 obj_epii_evb_icv30_bdv10/gnu_epii_evb_WLCSP65/libdriver.a(hx_drv_uart.o)
 .text.dw_uart_1_control
                0x1000c6ac       0x10 obj_epii_evb_icv30_bdv10/gnu_epii_evb_WLCSP65/libdriver.a(hx_drv_uart.o)
 .text.dw_uart_2_control
                0x1000c6bc       0x10 obj_epii_evb_icv30_bdv10/gnu_epii_evb_WLCSP65/libdriver.a(hx_drv_uart.o)
 .text.dw_uart_0_close
                0x1000c6cc       0x14 obj_epii_evb_icv30_bdv10/gnu_epii_evb_WLCSP65/libdriver.a(hx_drv_uart.o)
 .text.dw_uart_1_close
                0x1000c6e0       0x14 obj_epii_evb_icv30_bdv10/gnu_epii_evb_WLCSP65/libdriver.a(hx_drv_uart.o)
 .text.dw_uart_2_close
                0x1000c6f4       0x14 obj_epii_evb_icv30_bdv10/gnu_epii_evb_WLCSP65/libdriver.a(hx_drv_uart.o)
 .text.dw_uart_0_open
                0x1000c708        0xc obj_epii_evb_icv30_bdv10/gnu_epii_evb_WLCSP65/libdriver.a(hx_drv_uart.o)
 .text.dw_uart_1_open
                0x1000c714        0xc obj_epii_evb_icv30_bdv10/gnu_epii_evb_WLCSP65/libdriver.a(hx_drv_uart.o)
 .text.dw_uart_2_open
                0x1000c720       0x20 obj_epii_evb_icv30_bdv10/gnu_epii_evb_WLCSP65/libdriver.a(hx_drv_uart.o)
 .text.hx_drv_uart_init
                0x1000c740       0x74 obj_epii_evb_icv30_bdv10/gnu_epii_evb_WLCSP65/libdriver.a(hx_drv_uart.o)
                0x1000c740                hx_drv_uart_init
 .text.hx_drv_uart_get_dev
                0x1000c7b4       0x70 obj_epii_evb_icv30_bdv10/gnu_epii_evb_WLCSP65/libdriver.a(hx_drv_uart.o)
                0x1000c7b4                hx_drv_uart_get_dev
 .text.hx_drv_uart_set_DMAchannel
                0x1000c824       0x38 obj_epii_evb_icv30_bdv10/gnu_epii_evb_WLCSP65/libdriver.a(hx_drv_uart.o)
                0x1000c824                hx_drv_uart_set_DMAchannel
 .text.hx_drv_uart_get_DMAchannel
                0x1000c85c       0x28 obj_epii_evb_icv30_bdv10/gnu_epii_evb_WLCSP65/libdriver.a(hx_drv_uart.o)
                0x1000c85c                hx_drv_uart_get_DMAchannel
 .text.dw_uart_set_dps
                0x1000c884       0x58 obj_epii_evb_icv30_bdv10/gnu_epii_evb_WLCSP65/libdriver.a(dw_uart.o)
 .text.dw_uart_ena_cbr.isra.0
                0x1000c8dc       0x54 obj_epii_evb_icv30_bdv10/gnu_epii_evb_WLCSP65/libdriver.a(dw_uart.o)
 .text.dw_uart_dis_cbr.isra.0
                0x1000c930       0x70 obj_epii_evb_icv30_bdv10/gnu_epii_evb_WLCSP65/libdriver.a(dw_uart.o)
 .text.dw_uart_abort_rx
                0x1000c9a0       0x30 obj_epii_evb_icv30_bdv10/gnu_epii_evb_WLCSP65/libdriver.a(dw_uart.o)
 .text.dw_uart_abort_tx