./library/inference/tflmtag2209_u55tag2205/tensorflow/lite/kernels/op_macros.h:24:13:void AbortImpl()	8	static
library/inference/tflmtag2209_u55tag2205/tensorflow/lite/micro/kernels/activations.cc:33:7:void* tflite::{anonymous}::ReluInit(TfLiteContext*, const char*, size_t)	8	static
library/inference/tflmtag2209_u55tag2205/tensorflow/lite/micro/kernels/activations.cc:71:7:void* tflite::{anonymous}::Relu6Init(TfLiteContext*, const char*, size_t)	8	static
library/inference/tflmtag2209_u55tag2205/tensorflow/lite/micro/kernels/activations.cc:38:14:TfLiteStatus tflite::{anonymous}::ReluEval(TfLiteContext*, TfLiteNode*)	128	static
library/inference/tflmtag2209_u55tag2205/tensorflow/lite/micro/kernels/activations.cc:76:14:TfLiteStatus tflite::{anonymous}::Relu6Eval(TfLiteContext*, TfLiteNode*)	128	static
library/inference/tflmtag2209_u55tag2205/tensorflow/lite/micro/kernels/activations.cc:112:20:TfLiteRegistration tflite::Register_RELU()	16	static
library/inference/tflmtag2209_u55tag2205/tensorflow/lite/micro/kernels/activations.cc:116:20:TfLiteRegistration tflite::Register_RELU6()	16	static
