library/inference/tflmtag2209_u55tag2205/tensorflow/lite/micro/kernels/add_n.cc:136:14:TfLiteStatus tflite::{anonymous}::Prepare(TfLiteContext*, TfLiteNode*)	72	static
./library/inference/tflmtag2209_u55tag2205/tensorflow/lite/kernels/op_macros.h:24:13:void AbortImpl()	8	static
./library/inference/tflmtag2209_u55tag2205/tensorflow/lite/kernels/internal/reference/add_n.h:42:13:void tflite::reference_ops::AddN(const tflite::ArithmeticParams&, const tflite::RuntimeShape&, size_t, const int8_t* const*, int8_t*)	80	static
library/inference/tflmtag2209_u55tag2205/tensorflow/lite/micro/kernels/add_n.cc:194:14:TfLiteStatus tflite::{anonymous}::Eval(TfLiteContext*, TfLiteNode*)	192	static
library/inference/tflmtag2209_u55tag2205/tensorflow/lite/micro/kernels/add_n.cc:211:20:TfLiteRegistration tflite::Register_ADD_N()	16	static
