./library/inference/tflmtag2209_u55tag2205/tensorflow/lite/kernels/op_macros.h:24:13:void AbortImpl()	8	static
library/inference/tflmtag2209_u55tag2205/tensorflow/lite/micro/kernels/arg_min_max.cc:49:14:TfLiteStatus tflite::ops::micro::arg_min_max::Eval(TfLiteContext*, TfLiteNode*, bool)	160	static
library/inference/tflmtag2209_u55tag2205/tensorflow/lite/micro/kernels/arg_min_max.cc:96:14:TfLiteStatus tflite::ops::micro::arg_min_max::ArgMinEval(TfLiteContext*, TfLiteNode*)	0	static
library/inference/tflmtag2209_u55tag2205/tensorflow/lite/micro/kernels/arg_min_max.cc:100:14:TfLiteStatus tflite::ops::micro::arg_min_max::ArgMaxEval(TfLiteContext*, TfLiteNode*)	0	static
library/inference/tflmtag2209_u55tag2205/tensorflow/lite/micro/kernels/arg_min_max.cc:106:20:TfLiteRegistration tflite::ops::micro::Register_ARG_MAX()	16	static
library/inference/tflmtag2209_u55tag2205/tensorflow/lite/micro/kernels/arg_min_max.cc:110:20:TfLiteRegistration tflite::ops::micro::Register_ARG_MIN()	16	static
