library/inference/tflmtag2209_u55tag2205/tensorflow/lite/micro/kernels/call_once.cc:44:14:TfLiteStatus tflite::{anonymous}::Prepare(TfLiteContext*, TfLiteNode*)	24	static
library/inference/tflmtag2209_u55tag2205/tensorflow/lite/micro/kernels/call_once.cc:63:14:TfLiteStatus tflite::{anonymous}::Eval(TfLiteContext*, TfLiteNode*)	8	static
library/inference/tflmtag2209_u55tag2205/tensorflow/lite/micro/kernels/call_once.cc:39:7:void* tflite::{anonymous}::Init(TfLiteContext*, const char*, size_t)	8	static
library/inference/tflmtag2209_u55tag2205/tensorflow/lite/micro/kernels/call_once.cc:84:20:TfLiteRegistration tflite::Register_CALL_ONCE()	16	static
