library/inference/tflmtag2209_u55tag2205/tensorflow/lite/micro/kernels/cast.cc:28:14:TfLiteStatus tflite::{anonymous}::Prepare(TfLiteContext*, TfLiteNode*)	40	static
./library/inference/tflmtag2209_u55tag2205/tensorflow/lite/kernels/op_macros.h:24:13:void AbortImpl()	8	static
library/inference/tflmtag2209_u55tag2205/tensorflow/lite/micro/kernels/cast.cc:77:14:TfLiteStatus tflite::{anonymous}::Eval(TfLiteContext*, TfLiteNode*)	72	static
library/inference/tflmtag2209_u55tag2205/tensorflow/lite/micro/kernels/cast.cc:110:20:TfLiteRegistration tflite::Register_CAST()	16	static
