./library/inference/tflmtag2209_u55tag2205/tensorflow/lite/kernels/op_macros.h:24:13:void AbortImpl()	8	static
library/inference/tflmtag2209_u55tag2205/tensorflow/lite/micro/kernels/comparisons.cc:535:7:void* tflite::ops::micro::comparisons::Init(TfLiteContext*, const char*, size_t)	8	static
library/inference/tflmtag2209_u55tag2205/tensorflow/lite/micro/kernels/comparisons.cc:540:14:TfLiteStatus tflite::ops::micro::comparisons::Prepare(TfLiteContext*, TfLiteNode*)	56	static
./library/inference/tflmtag2209_u55tag2205/tensorflow/lite/kernels/internal/reference/comparisons.h:115:40:tflite::reference_ops::BroadcastComparison4DSlowCommon tflite::reference_ops::BroadcastComparison4DSlowPreprocess(const tflite::RuntimeShape&, const tflite::RuntimeShape&, const tflite::RuntimeShape&)	152	static
library/inference/tflmtag2209_u55tag2205/tensorflow/lite/micro/kernels/comparisons.cc:586:20:TfLiteRegistration tflite::ops::micro::Register_EQUAL()	16	static
library/inference/tflmtag2209_u55tag2205/tensorflow/lite/micro/kernels/comparisons.cc:591:20:TfLiteRegistration tflite::ops::micro::Register_NOT_EQUAL()	16	static
library/inference/tflmtag2209_u55tag2205/tensorflow/lite/micro/kernels/comparisons.cc:596:20:TfLiteRegistration tflite::ops::micro::Register_GREATER()	16	static
library/inference/tflmtag2209_u55tag2205/tensorflow/lite/micro/kernels/comparisons.cc:601:20:TfLiteRegistration tflite::ops::micro::Register_GREATER_EQUAL()	16	static
library/inference/tflmtag2209_u55tag2205/tensorflow/lite/micro/kernels/comparisons.cc:606:20:TfLiteRegistration tflite::ops::micro::Register_LESS()	16	static
library/inference/tflmtag2209_u55tag2205/tensorflow/lite/micro/kernels/comparisons.cc:611:20:TfLiteRegistration tflite::ops::micro::Register_LESS_EQUAL()	16	static
./library/inference/tflmtag2209_u55tag2205/tensorflow/lite/kernels/internal/reference/comparisons.h:168:13:void tflite::reference_ops::BroadcastComparison4DSlowWithScaling(const tflite::ComparisonParams&, const tflite::RuntimeShape&, const T*, const tflite::RuntimeShape&, const T*, const tflite::RuntimeShape&, bool*) [with T = signed char; bool (* F)(long int, long int) = EqualFn<long int>]	312	static
library/inference/tflmtag2209_u55tag2205/tensorflow/lite/micro/kernels/comparisons.cc:38:14:TfLiteStatus tflite::ops::micro::comparisons::{anonymous}::EqualEval(TfLiteContext*, TfLiteNode*)	616	static
./library/inference/tflmtag2209_u55tag2205/tensorflow/lite/kernels/internal/reference/comparisons.h:168:13:void tflite::reference_ops::BroadcastComparison4DSlowWithScaling(const tflite::ComparisonParams&, const tflite::RuntimeShape&, const T*, const tflite::RuntimeShape&, const T*, const tflite::RuntimeShape&, bool*) [with T = signed char; bool (* F)(long int, long int) = NotEqualFn<long int>]	312	static
library/inference/tflmtag2209_u55tag2205/tensorflow/lite/micro/kernels/comparisons.cc:130:14:TfLiteStatus tflite::ops::micro::comparisons::{anonymous}::NotEqualEval(TfLiteContext*, TfLiteNode*)	616	static
./library/inference/tflmtag2209_u55tag2205/tensorflow/lite/kernels/internal/reference/comparisons.h:168:13:void tflite::reference_ops::BroadcastComparison4DSlowWithScaling(const tflite::ComparisonParams&, const tflite::RuntimeShape&, const T*, const tflite::RuntimeShape&, const T*, const tflite::RuntimeShape&, bool*) [with T = signed char; bool (* F)(long int, long int) = GreaterFn<long int>]	312	static
library/inference/tflmtag2209_u55tag2205/tensorflow/lite/micro/kernels/comparisons.cc:221:14:TfLiteStatus tflite::ops::micro::comparisons::{anonymous}::GreaterEval(TfLiteContext*, TfLiteNode*)	520	static
./library/inference/tflmtag2209_u55tag2205/tensorflow/lite/kernels/internal/reference/comparisons.h:168:13:void tflite::reference_ops::BroadcastComparison4DSlowWithScaling(const tflite::ComparisonParams&, const tflite::RuntimeShape&, const T*, const tflite::RuntimeShape&, const T*, const tflite::RuntimeShape&, bool*) [with T = signed char; bool (* F)(long int, long int) = GreaterEqualFn<long int>]	312	static
library/inference/tflmtag2209_u55tag2205/tensorflow/lite/micro/kernels/comparisons.cc:299:14:TfLiteStatus tflite::ops::micro::comparisons::{anonymous}::GreaterEqualEval(TfLiteContext*, TfLiteNode*)	520	static
./library/inference/tflmtag2209_u55tag2205/tensorflow/lite/kernels/internal/reference/comparisons.h:168:13:void tflite::reference_ops::BroadcastComparison4DSlowWithScaling(const tflite::ComparisonParams&, const tflite::RuntimeShape&, const T*, const tflite::RuntimeShape&, const T*, const tflite::RuntimeShape&, bool*) [with T = signed char; bool (* F)(long int, long int) = LessFn<long int>]	312	static
library/inference/tflmtag2209_u55tag2205/tensorflow/lite/micro/kernels/comparisons.cc:377:14:TfLiteStatus tflite::ops::micro::comparisons::{anonymous}::LessEval(TfLiteContext*, TfLiteNode*)	520	static
./library/inference/tflmtag2209_u55tag2205/tensorflow/lite/kernels/internal/reference/comparisons.h:168:13:void tflite::reference_ops::BroadcastComparison4DSlowWithScaling(const tflite::ComparisonParams&, const tflite::RuntimeShape&, const T*, const tflite::RuntimeShape&, const T*, const tflite::RuntimeShape&, bool*) [with T = signed char; bool (* F)(long int, long int) = LessEqualFn<long int>]	312	static
library/inference/tflmtag2209_u55tag2205/tensorflow/lite/micro/kernels/comparisons.cc:455:14:TfLiteStatus tflite::ops::micro::comparisons::{anonymous}::LessEqualEval(TfLiteContext*, TfLiteNode*)	520	static
