./library/inference/tflmtag2209_u55tag2205/tensorflow/lite/kernels/op_macros.h:24:13:void AbortImpl()	8	static
library/inference/tflmtag2209_u55tag2205/tensorflow/lite/micro/kernels/conv_common.cc:41:12:tflite::ConvParams tflite::ConvParamsFloat(const TfLiteConvParams&, const OpDataConv&)	24	static
library/inference/tflmtag2209_u55tag2205/tensorflow/lite/micro/kernels/conv_common.cc:58:12:tflite::ConvParams tflite::ConvParamsQuantized(const TfLiteConvParams&, const OpDataConv&)	40	static
library/inference/tflmtag2209_u55tag2205/tensorflow/lite/micro/kernels/conv_common.cc:78:14:TfLiteStatus tflite::CalculateOpDataConv(TfLiteContext*, TfLiteNode*, const TfLiteConvParams&, int, int, int, int, int, int, TfLiteType, OpDataConv*)	96	static
library/inference/tflmtag2209_u55tag2205/tensorflow/lite/micro/kernels/conv_common.cc:135:14:TfLiteStatus tflite::ConvPrepare(TfLiteContext*, TfLiteNode*)	104	static
