library/inference/tflmtag2209_u55tag2205/tensorflow/lite/micro/kernels/depth_to_space.cc:96:14:TfLiteStatus tflite::{anonymous}::Prepare(TfLiteContext*, TfLiteNode*)	80	static
./library/inference/tflmtag2209_u55tag2205/tensorflow/lite/kernels/op_macros.h:24:13:void AbortImpl()	8	static
library/inference/tflmtag2209_u55tag2205/tensorflow/lite/micro/kernels/depth_to_space.cc:100:14:TfLiteStatus tflite::{anonymous}::Eval(TfLiteContext*, TfLiteNode*)	304	static
library/inference/tflmtag2209_u55tag2205/tensorflow/lite/micro/kernels/depth_to_space.cc:138:20:TfLiteRegistration tflite::Register_DEPTH_TO_SPACE()	16	static
