./library/inference/tflmtag2209_u55tag2205/tensorflow/lite/kernels/op_macros.h:24:13:void AbortImpl()	8	static
library/inference/tflmtag2209_u55tag2205/tensorflow/lite/micro/kernels/dequantize.cc:31:7:void* tflite::DequantizeInit(TfLiteContext*, const char*, size_t)	8	static
library/inference/tflmtag2209_u55tag2205/tensorflow/lite/micro/kernels/dequantize.cc:37:14:TfLiteStatus tflite::DequantizeEval(TfLiteContext*, TfLiteNode*)	168	static
library/inference/tflmtag2209_u55tag2205/tensorflow/lite/micro/kernels/dequantize.cc:83:20:TfLiteRegistration tflite::Register_DEQUANTIZE()	16	static
