library/inference/tflmtag2209_u55tag2205/tensorflow/lite/micro/kernels/elementwise.cc:82:14:TfLiteStatus tflite::ops::micro::elementwise::{anonymous}::GenericPrepare(TfLiteContext*, TfLiteNode*) [with bool (* <anonymous>)(TfLiteType) = IsNumericSupportedType]	40	static
library/inference/tflmtag2209_u55tag2205/tensorflow/lite/micro/kernels/elementwise.cc:82:14:TfLiteStatus tflite::ops::micro::elementwise::{anonymous}::GenericPrepare(TfLiteContext*, TfLiteNode*) [with bool (* <anonymous>)(TfLiteType) = IsLogicalSupportedType]	0	static
library/inference/tflmtag2209_u55tag2205/tensorflow/lite/micro/kernels/elementwise.cc:106:14:TfLiteStatus tflite::ops::micro::elementwise::{anonymous}::PrepareAbsRsqrt(TfLiteContext*, TfLiteNode*) [with bool (* <anonymous>)(TfLiteType) = IsAbsSupportedType; int op_nameid = 0]	40	static
library/inference/tflmtag2209_u55tag2205/tensorflow/lite/micro/kernels/elementwise.cc:106:14:TfLiteStatus tflite::ops::micro::elementwise::{anonymous}::PrepareAbsRsqrt(TfLiteContext*, TfLiteNode*) [with bool (* <anonymous>)(TfLiteType) = IsRsqrtSupportedType; int op_nameid = 1]	48	static
library/inference/tflmtag2209_u55tag2205/tensorflow/lite/micro/kernels/elementwise.cc:286:14:TfLiteStatus tflite::ops::micro::elementwise::{anonymous}::validate_input_func(TfLiteContext*, TfLiteNode*, T) [with T = signed char]	8	static
./library/inference/tflmtag2209_u55tag2205/third_party/gemmlowp/fixedpoint/fixedpoint.h:357:20:IntegerType gemmlowp::RoundingDivideByPOT(IntegerType, int) [with IntegerType = long int]	8	static
./library/inference/tflmtag2209_u55tag2205/tensorflow/lite/kernels/op_macros.h:24:13:void AbortImpl()	8	static
library/inference/tflmtag2209_u55tag2205/tensorflow/lite/micro/kernels/elementwise.cc:230:7:void* tflite::ops::micro::elementwise::{anonymous}::ElementWiseAbsRsqrtInit(TfLiteContext*, const char*, size_t)	8	static
library/inference/tflmtag2209_u55tag2205/tensorflow/lite/micro/kernels/elementwise.cc:369:14:TfLiteStatus tflite::ops::micro::elementwise::{anonymous}::LogicalNotEval(TfLiteContext*, TfLiteNode*)	40	static
library/inference/tflmtag2209_u55tag2205/tensorflow/lite/micro/kernels/elementwise.cc:295:14:TfLiteStatus tflite::ops::micro::elementwise::{anonymous}::AbsEval(TfLiteContext*, TfLiteNode*)	56	static
library/inference/tflmtag2209_u55tag2205/tensorflow/lite/micro/kernels/elementwise.cc:365:14:TfLiteStatus tflite::ops::micro::elementwise::{anonymous}::SquareEval(TfLiteContext*, TfLiteNode*)	40	static
library/inference/tflmtag2209_u55tag2205/tensorflow/lite/micro/kernels/elementwise.cc:329:14:TfLiteStatus tflite::ops::micro::elementwise::{anonymous}::SinEval(TfLiteContext*, TfLiteNode*)	40	static
library/inference/tflmtag2209_u55tag2205/tensorflow/lite/micro/kernels/elementwise.cc:333:14:TfLiteStatus tflite::ops::micro::elementwise::{anonymous}::CosEval(TfLiteContext*, TfLiteNode*)	40	static
library/inference/tflmtag2209_u55tag2205/tensorflow/lite/micro/kernels/elementwise.cc:337:14:TfLiteStatus tflite::ops::micro::elementwise::{anonymous}::LogEval(TfLiteContext*, TfLiteNode*)	40	static
library/inference/tflmtag2209_u55tag2205/tensorflow/lite/micro/kernels/elementwise.cc:341:14:TfLiteStatus tflite::ops::micro::elementwise::{anonymous}::SqrtEval(TfLiteContext*, TfLiteNode*)	40	static
./library/inference/tflmtag2209_u55tag2205/tensorflow/lite/kernels/internal/common.h:783:13:void tflite::GetInvSqrtQuantizedMultiplierExp(int32_t, int, int32_t*, int*)	64	static
library/inference/tflmtag2209_u55tag2205/tensorflow/lite/micro/kernels/elementwise.cc:345:14:TfLiteStatus tflite::ops::micro::elementwise::{anonymous}::RsqrtEval(TfLiteContext*, TfLiteNode*)	64	static
library/inference/tflmtag2209_u55tag2205/tensorflow/lite/micro/kernels/elementwise.cc:376:20:TfLiteRegistration tflite::ops::micro::Register_ABS()	16	static
library/inference/tflmtag2209_u55tag2205/tensorflow/lite/micro/kernels/elementwise.cc:384:20:TfLiteRegistration tflite::ops::micro::Register_SIN()	16	static
library/inference/tflmtag2209_u55tag2205/tensorflow/lite/micro/kernels/elementwise.cc:390:20:TfLiteRegistration tflite::ops::micro::Register_COS()	16	static
library/inference/tflmtag2209_u55tag2205/tensorflow/lite/micro/kernels/elementwise.cc:396:20:TfLiteRegistration tflite::ops::micro::Register_LOG()	16	static
library/inference/tflmtag2209_u55tag2205/tensorflow/lite/micro/kernels/elementwise.cc:402:20:TfLiteRegistration tflite::ops::micro::Register_SQRT()	16	static
library/inference/tflmtag2209_u55tag2205/tensorflow/lite/micro/kernels/elementwise.cc:408:20:TfLiteRegistration tflite::ops::micro::Register_RSQRT()	16	static
library/inference/tflmtag2209_u55tag2205/tensorflow/lite/micro/kernels/elementwise.cc:416:20:TfLiteRegistration tflite::ops::micro::Register_SQUARE()	16	static
library/inference/tflmtag2209_u55tag2205/tensorflow/lite/micro/kernels/elementwise.cc:422:20:TfLiteRegistration tflite::ops::micro::Register_LOGICAL_NOT()	16	static
