library/inference/tflmtag2209_u55tag2205/tensorflow/lite/micro/kernels/exp.cc:30:14:TfLiteStatus tflite::{anonymous}::Prepare(TfLiteContext*, TfLiteNode*)	40	static
./library/inference/tflmtag2209_u55tag2205/tensorflow/lite/kernels/op_macros.h:24:13:void AbortImpl()	8	static
library/inference/tflmtag2209_u55tag2205/tensorflow/lite/micro/kernels/exp.cc:54:14:TfLiteStatus tflite::{anonymous}::Eval(TfLiteContext*, TfLiteNode*)	72	static
library/inference/tflmtag2209_u55tag2205/tensorflow/lite/micro/kernels/exp.cc:75:20:TfLiteRegistration tflite::Register_EXP()	16	static
