library/inference/tflmtag2209_u55tag2205/tensorflow/lite/micro/kernels/gather.cc:100:14:TfLiteStatus tflite::{anonymous}::Prepare(TfLiteContext*, TfLiteNode*)	64	static
./library/inference/tflmtag2209_u55tag2205/tensorflow/lite/kernels/op_macros.h:24:13:void AbortImpl()	8	static
library/inference/tflmtag2209_u55tag2205/tensorflow/lite/micro/kernels/gather.cc:191:14:TfLiteStatus tflite::{anonymous}::Eval(TfLiteContext*, TfLiteNode*)	96	static
library/inference/tflmtag2209_u55tag2205/tensorflow/lite/micro/kernels/gather.cc:220:20:TfLiteRegistration tflite::Register_GATHER()	16	static
