./library/inference/tflmtag2209_u55tag2205/tensorflow/lite/micro/micro_context.h:129:14:void* tflite::MicroContextAllocatePersistentBuffer(TfLiteContext*, size_t)	0	static
./library/inference/tflmtag2209_u55tag2205/tensorflow/lite/micro/micro_context.h:133:21:TfLiteStatus tflite::MicroContextRequestScratchBufferInArena(TfLiteContext*, size_t, int*)	0	static
./library/inference/tflmtag2209_u55tag2205/tensorflow/lite/micro/micro_context.h:138:14:void* tflite::MicroContextGetScratchBuffer(TfLiteContext*, int)	0	static
./library/inference/tflmtag2209_u55tag2205/tensorflow/lite/micro/micro_context.h:141:22:TfLiteTensor* tflite::MicroContextGetTensor(const TfLiteContext*, int)	0	static
./library/inference/tflmtag2209_u55tag2205/tensorflow/lite/micro/micro_context.h:145:26:TfLiteEvalTensor* tflite::MicroContextGetEvalTensor(const TfLiteContext*, int)	0	static
./library/inference/tflmtag2209_u55tag2205/tensorflow/lite/micro/micro_context.h:149:31:TfLiteExternalContext* tflite::MicroContextGetExternalContext(TfLiteContext*, TfLiteExternalContextType)	0	static
library/inference/tflmtag2209_u55tag2205/tensorflow/lite/micro/kernels/kernel_runner.cc:31:6:void tflite::micro::ClearBufferApi(TfLiteContext*)	0	static
library/inference/tflmtag2209_u55tag2205/tensorflow/lite/micro/kernels/kernel_runner.cc:38:1:tflite::micro::KernelRunner::KernelRunner(const TfLiteRegistration&, TfLiteTensor*, int, TfLiteIntArray*, TfLiteIntArray*, void*, TfLiteIntArray*)	24	static
library/inference/tflmtag2209_u55tag2205/tensorflow/lite/micro/kernels/kernel_runner.cc:65:6:bool tflite::micro::KernelRunner::ValidateTempBufferDeallocated()	0	static
library/inference/tflmtag2209_u55tag2205/tensorflow/lite/micro/kernels/kernel_runner.cc:69:14:TfLiteStatus tflite::micro::KernelRunner::InitAndPrepare(const char*, size_t)	24	static
library/inference/tflmtag2209_u55tag2205/tensorflow/lite/micro/kernels/kernel_runner.cc:93:14:TfLiteStatus tflite::micro::KernelRunner::Invoke()	24	static
library/inference/tflmtag2209_u55tag2205/tensorflow/lite/micro/kernels/kernel_runner.cc:109:14:TfLiteStatus tflite::micro::KernelRunner::Free()	8	static
