./library/inference/tflmtag2209_u55tag2205/tensorflow/lite/kernels/op_macros.h:24:13:void AbortImpl()	8	static
./library/inference/tflmtag2209_u55tag2205/tensorflow/lite/kernels/internal/common.h:783:13:void tflite::GetInvSqrtQuantizedMultiplierExp(int32_t, int, int32_t*, int*)	64	static
library/inference/tflmtag2209_u55tag2205/tensorflow/lite/micro/kernels/micro_tensor_utils.cc:49:6:void tflite::micro_tensor_utils::PortableSymmetricQuantizeFloats(const float*, int, int8_t*, float, float, float*)	8	static
library/inference/tflmtag2209_u55tag2205/tensorflow/lite/micro/kernels/micro_tensor_utils.cc:38:6:void tflite::micro_tensor_utils::PortableSymmetricQuantizeFloats(const float*, int, int8_t*, float*, float*, float*)	20	static
library/inference/tflmtag2209_u55tag2205/tensorflow/lite/micro/kernels/micro_tensor_utils.cc:70:6:void tflite::micro_tensor_utils::PortableAsymmetricQuantizeFloats(const float*, int, int8_t*, float*, int32_t*)	32	static
library/inference/tflmtag2209_u55tag2205/tensorflow/lite/micro/kernels/micro_tensor_utils.cc:117:6:void tflite::micro_tensor_utils::PortableMatrixBatchVectorMultiplyAccumulate(const float*, int, int, const float*, int, float*)	36	static
library/inference/tflmtag2209_u55tag2205/tensorflow/lite/micro/kernels/micro_tensor_utils.cc:136:6:void tflite::micro_tensor_utils::PortableMatrixBatchVectorMultiplyAccumulate(const int8_t*, int, int, const int8_t*, const float*, int, float*)	56	static
library/inference/tflmtag2209_u55tag2205/tensorflow/lite/micro/kernels/micro_tensor_utils.cc:162:6:void tflite::micro_tensor_utils::PortableMatrixBatchVectorMultiplyAccumulate(const int8_t*, int, int, const int8_t*, const float*, int, float*, const float*, const int32_t*, int32_t*, int32_t*, bool*, tflite::CpuBackendContext*)	80	static
library/inference/tflmtag2209_u55tag2205/tensorflow/lite/micro/kernels/micro_tensor_utils.cc:205:6:void tflite::micro_tensor_utils::PortableSparseMatrixBatchVectorMultiplyAccumulate1x4(const float*, const int32_t*, const int32_t*, int, int, const float*, int, float*)	64	static
library/inference/tflmtag2209_u55tag2205/tensorflow/lite/micro/kernels/micro_tensor_utils.cc:229:6:void tflite::micro_tensor_utils::PortableSparseMatrixBatchVectorMultiplyAccumulate1x16(const int8_t*, const int32_t*, const int32_t*, int, int, const int8_t*, const int32_t*, int, int32_t, int32_t, int32_t, int32_t, int32_t, int32_t, int8_t*)	104	static
library/inference/tflmtag2209_u55tag2205/tensorflow/lite/micro/kernels/micro_tensor_utils.cc:264:6:void tflite::micro_tensor_utils::PortableSparseMatrixBatchVectorMultiplyAccumulate(const float*, const uint8_t*, int, int, const float*, int, float*)	72	static
library/inference/tflmtag2209_u55tag2205/tensorflow/lite/micro/kernels/micro_tensor_utils.cc:293:6:void tflite::micro_tensor_utils::PortableSparseMatrixBatchVectorMultiplyAccumulate(const int8_t*, const uint8_t*, int, int, const int8_t*, const float*, int, float*)	72	static
library/inference/tflmtag2209_u55tag2205/tensorflow/lite/micro/kernels/micro_tensor_utils.cc:356:6:void tflite::micro_tensor_utils::PortableMatrixBatchVectorMultiplyAccumulate(const int8_t*, const int32_t*, const int8_t*, int32_t, int32_t, int32_t, int32_t, int32_t, int32_t, int32_t*, int16_t*, tflite::CpuBackendContext*)	80	static
library/inference/tflmtag2209_u55tag2205/tensorflow/lite/micro/kernels/micro_tensor_utils.cc:366:6:void tflite::micro_tensor_utils::PortableMatrixBatchVectorMultiplyAccumulate(const int8_t*, const int32_t*, const int8_t*, int32_t, int32_t, int32_t, int32_t, int32_t, int32_t, int32_t*, int8_t*, tflite::CpuBackendContext*)	72	static
library/inference/tflmtag2209_u55tag2205/tensorflow/lite/micro/kernels/micro_tensor_utils.cc:376:6:void tflite::micro_tensor_utils::PortableMatrixBatchVectorMultiply(const int8_t*, int32_t, const int8_t*, int32_t, int32_t, int32_t, int32_t, int32_t, int8_t*, int8_t)	72	static
library/inference/tflmtag2209_u55tag2205/tensorflow/lite/micro/kernels/micro_tensor_utils.cc:408:6:void tflite::micro_tensor_utils::PortableMatrixBatchVectorMultiply(const int16_t*, const int8_t*, int32_t, int32_t, const int32_t*, int32_t, int32_t, int32_t, int32_t, int8_t*)	104	static
library/inference/tflmtag2209_u55tag2205/tensorflow/lite/micro/kernels/micro_tensor_utils.cc:444:6:void tflite::micro_tensor_utils::PortableApplyLayerNorm(const int16_t*, const int16_t*, const int32_t*, int32_t, int32_t, int32_t, int, int, int16_t*)	104	static
library/inference/tflmtag2209_u55tag2205/tensorflow/lite/micro/kernels/micro_tensor_utils.cc:493:6:void tflite::micro_tensor_utils::PortableApplyLayerNormFloat(const int16_t*, const int16_t*, int32_t, int32_t, const int32_t*, int, int, int16_t*)	80	static
library/inference/tflmtag2209_u55tag2205/tensorflow/lite/micro/kernels/micro_tensor_utils.cc:538:6:void tflite::micro_tensor_utils::PortableMatrixScalarMultiplyAccumulate(const int8_t*, int32_t, int32_t, int32_t, int32_t*)	16	static
library/inference/tflmtag2209_u55tag2205/tensorflow/lite/micro/kernels/micro_tensor_utils.cc:564:6:void tflite::micro_tensor_utils::PortableApplySigmoidFloat(const int16_t*, int32_t, int32_t, int16_t*)	64	static
library/inference/tflmtag2209_u55tag2205/tensorflow/lite/micro/kernels/micro_tensor_utils.cc:621:6:void tflite::micro_tensor_utils::PortableApplyTanhFloat(const int16_t*, int32_t, int32_t, int32_t, int16_t*)	80	static
library/inference/tflmtag2209_u55tag2205/tensorflow/lite/micro/kernels/micro_tensor_utils.cc:642:6:void tflite::micro_tensor_utils::PortableCwiseMul(const int16_t*, const int16_t*, int, int, int, int16_t*)	64	static
library/inference/tflmtag2209_u55tag2205/tensorflow/lite/micro/kernels/micro_tensor_utils.cc:656:6:void tflite::micro_tensor_utils::PortableCwiseMul(const int16_t*, const int16_t*, int32_t, int32_t, int32_t, int32_t, int32_t, int8_t*)	64	static
library/inference/tflmtag2209_u55tag2205/tensorflow/lite/micro/kernels/micro_tensor_utils.cc:675:6:void tflite::micro_tensor_utils::PortableCwiseAdd(const int16_t*, const int16_t*, int, int, int16_t*)	56	static
library/inference/tflmtag2209_u55tag2205/tensorflow/lite/micro/kernels/micro_tensor_utils.cc:687:7:float tflite::micro_tensor_utils::PortableVectorVectorDotProduct(const float*, const float*, int)	4	static
library/inference/tflmtag2209_u55tag2205/tensorflow/lite/micro/kernels/micro_tensor_utils.cc:707:6:void tflite::micro_tensor_utils::PortableBatchVectorBatchVectorDotProduct(const int16_t*, const int16_t*, int, int, int32_t*)	28	static
library/inference/tflmtag2209_u55tag2205/tensorflow/lite/micro/kernels/micro_tensor_utils.cc:718:6:void tflite::micro_tensor_utils::PortableVectorBatchVectorCwiseProductAccumulate(const int16_t*, int, const int16_t*, int, int32_t, int, int16_t*)	64	static
library/inference/tflmtag2209_u55tag2205/tensorflow/lite/micro/kernels/micro_tensor_utils.cc:733:6:void tflite::micro_tensor_utils::PortableSub1Vector(const float*, int, float*)	4	static
library/inference/tflmtag2209_u55tag2205/tensorflow/lite/micro/kernels/micro_tensor_utils.cc:739:6:void tflite::micro_tensor_utils::PortableSub1Vector(const int16_t*, int, int16_t*)	4	static
library/inference/tflmtag2209_u55tag2205/tensorflow/lite/micro/kernels/micro_tensor_utils.cc:746:6:void tflite::micro_tensor_utils::PortableVectorScalarMultiply(const int8_t*, int, float, float*)	4	static
library/inference/tflmtag2209_u55tag2205/tensorflow/lite/micro/kernels/micro_tensor_utils.cc:753:6:void tflite::micro_tensor_utils::PortableMeanStddevNormalization(const float*, float*, int, int)	64	static
library/inference/tflmtag2209_u55tag2205/tensorflow/lite/micro/kernels/micro_tensor_utils.cc:779:6:void tflite::micro_tensor_utils::PortableTwoGateSaturatingAdd(const int8_t*, int8_t, const int8_t*, int8_t, int32_t, int32_t, int32_t, int32_t, int32_t, int32_t, int16_t*)	72	static
./library/inference/tflmtag2209_u55tag2205/third_party/gemmlowp/fixedpoint/fixedpoint.h:842:25:gemmlowp::FixedPoint<tRawType, 0> gemmlowp::one_over_one_plus_x_for_x_in_0_1(FixedPoint<tRawType, 0>) [with tRawType = short int]	16	static
./library/inference/tflmtag2209_u55tag2205/third_party/gemmlowp/fixedpoint/fixedpoint.h:721:25:gemmlowp::FixedPoint<tRawType, 0> gemmlowp::exp_on_interval_between_negative_one_quarter_and_0_excl(FixedPoint<tRawType, 0>) [with tRawType = short int]	4	static
./library/inference/tflmtag2209_u55tag2205/third_party/gemmlowp/fixedpoint/fixedpoint.h:746:25:gemmlowp::FixedPoint<tRawType, 0> gemmlowp::exp_on_negative_values(FixedPoint<tRawType, tIntegerBits_a>) [with tRawType = short int; int tIntegerBits = 3]	40	static
library/inference/tflmtag2209_u55tag2205/tensorflow/lite/micro/kernels/micro_tensor_utils.cc:550:6:void tflite::micro_tensor_utils::PortableApplySigmoid(const int16_t*, int32_t, int32_t, int16_t*)	72	static
./library/inference/tflmtag2209_u55tag2205/third_party/gemmlowp/fixedpoint/fixedpoint.h:746:25:gemmlowp::FixedPoint<tRawType, 0> gemmlowp::exp_on_negative_values(FixedPoint<tRawType, tIntegerBits_a>) [with tRawType = short int; int tIntegerBits = 1]	16	static
./library/inference/tflmtag2209_u55tag2205/third_party/gemmlowp/fixedpoint/fixedpoint.h:795:25:gemmlowp::FixedPoint<tRawType, 0> gemmlowp::one_minus_x_over_one_plus_x_for_x_in_0_1(FixedPoint<tRawType, 0>) [with tRawType = short int]	16	static
library/inference/tflmtag2209_u55tag2205/tensorflow/lite/micro/kernels/micro_tensor_utils.cc:584:6:void tflite::micro_tensor_utils::PortableApplyTanhImpl(const int16_t*, int32_t, int32_t, int16_t*) [with int IntegerBits = 2]	64	static
library/inference/tflmtag2209_u55tag2205/tensorflow/lite/micro/kernels/micro_tensor_utils.cc:584:6:void tflite::micro_tensor_utils::PortableApplyTanhImpl(const int16_t*, int32_t, int32_t, int16_t*) [with int IntegerBits = 0]	64	static
./library/inference/tflmtag2209_u55tag2205/third_party/gemmlowp/fixedpoint/fixedpoint.h:746:25:gemmlowp::FixedPoint<tRawType, 0> gemmlowp::exp_on_negative_values(FixedPoint<tRawType, tIntegerBits_a>) [with tRawType = short int; int tIntegerBits = 2]	24	static
library/inference/tflmtag2209_u55tag2205/tensorflow/lite/micro/kernels/micro_tensor_utils.cc:584:6:void tflite::micro_tensor_utils::PortableApplyTanhImpl(const int16_t*, int32_t, int32_t, int16_t*) [with int IntegerBits = 1]	64	static
./library/inference/tflmtag2209_u55tag2205/third_party/gemmlowp/fixedpoint/fixedpoint.h:746:25:gemmlowp::FixedPoint<tRawType, 0> gemmlowp::exp_on_negative_values(FixedPoint<tRawType, tIntegerBits_a>) [with tRawType = short int; int tIntegerBits = 4]	48	static
library/inference/tflmtag2209_u55tag2205/tensorflow/lite/micro/kernels/micro_tensor_utils.cc:584:6:void tflite::micro_tensor_utils::PortableApplyTanhImpl(const int16_t*, int32_t, int32_t, int16_t*) [with int IntegerBits = 3]	64	static
./library/inference/tflmtag2209_u55tag2205/third_party/gemmlowp/fixedpoint/fixedpoint.h:746:25:gemmlowp::FixedPoint<tRawType, 0> gemmlowp::exp_on_negative_values(FixedPoint<tRawType, tIntegerBits_a>) [with tRawType = short int; int tIntegerBits = 5]	48	static
library/inference/tflmtag2209_u55tag2205/tensorflow/lite/micro/kernels/micro_tensor_utils.cc:584:6:void tflite::micro_tensor_utils::PortableApplyTanhImpl(const int16_t*, int32_t, int32_t, int16_t*) [with int IntegerBits = 4]	64	static
./library/inference/tflmtag2209_u55tag2205/third_party/gemmlowp/fixedpoint/fixedpoint.h:746:25:gemmlowp::FixedPoint<tRawType, 0> gemmlowp::exp_on_negative_values(FixedPoint<tRawType, tIntegerBits_a>) [with tRawType = short int; int tIntegerBits = 6]	48	static
library/inference/tflmtag2209_u55tag2205/tensorflow/lite/micro/kernels/micro_tensor_utils.cc:584:6:void tflite::micro_tensor_utils::PortableApplyTanhImpl(const int16_t*, int32_t, int32_t, int16_t*) [with int IntegerBits = 5]	64	static
./library/inference/tflmtag2209_u55tag2205/third_party/gemmlowp/fixedpoint/fixedpoint.h:746:25:gemmlowp::FixedPoint<tRawType, 0> gemmlowp::exp_on_negative_values(FixedPoint<tRawType, tIntegerBits_a>) [with tRawType = short int; int tIntegerBits = 7]	48	static
library/inference/tflmtag2209_u55tag2205/tensorflow/lite/micro/kernels/micro_tensor_utils.cc:584:6:void tflite::micro_tensor_utils::PortableApplyTanhImpl(const int16_t*, int32_t, int32_t, int16_t*) [with int IntegerBits = 6]	64	static
library/inference/tflmtag2209_u55tag2205/tensorflow/lite/micro/kernels/micro_tensor_utils.cc:598:6:void tflite::micro_tensor_utils::PortableApplyTanh(int32_t, const int16_t*, int32_t, int32_t, int16_t*)	8	static
