library/inference/tflmtag2209_u55tag2205/tensorflow/lite/micro/kernels/mirror_pad.cc:164:7:void* tflite::{anonymous}::Init(TfLiteContext*, const char*, size_t)	8	static
library/inference/tflmtag2209_u55tag2205/tensorflow/lite/micro/kernels/mirror_pad.cc:59:5:int tflite::{anonymous}::GetFlatIndex(int, int, const TfLiteEvalTensor*, const TfLiteIntArray*, int*, int*, int)	56	static
library/inference/tflmtag2209_u55tag2205/tensorflow/lite/micro/kernels/mirror_pad.cc:103:14:TfLiteStatus tflite::{anonymous}::Eval(TfLiteContext*, TfLiteNode*)	64	static
library/inference/tflmtag2209_u55tag2205/tensorflow/lite/micro/kernels/mirror_pad.cc:169:14:TfLiteStatus tflite::{anonymous}::Prepare(TfLiteContext*, TfLiteNode*)	48	static
library/inference/tflmtag2209_u55tag2205/tensorflow/lite/micro/kernels/mirror_pad.cc:211:20:TfLiteRegistration tflite::Register_MIRROR_PAD()	16	static
