./library/inference/tflmtag2209_u55tag2205/tensorflow/lite/kernels/op_macros.h:24:13:void AbortImpl()	8	static
./library/inference/tflmtag2209_u55tag2205/tensorflow/lite/kernels/internal/reference/process_broadcast_shapes.h:40:13:bool tflite::reference_ops::ProcessBroadcastShapes(const tflite::RuntimeShape&, const tflite::RuntimeShape&, tflite::ArithmeticParams*)	80	static
library/inference/tflmtag2209_u55tag2205/tensorflow/lite/micro/kernels/mul_common.cc:33:7:void* tflite::MulInit(TfLiteContext*, const char*, size_t)	8	static
library/inference/tflmtag2209_u55tag2205/tensorflow/lite/micro/kernels/mul_common.cc:38:14:TfLiteStatus tflite::CalculateOpDataMul(TfLiteContext*, TfLiteNode*, TfLiteMulParams*, OpDataMul*)	56	static
library/inference/tflmtag2209_u55tag2205/tensorflow/lite/micro/kernels/mul_common.cc:86:14:TfLiteStatus tflite::MulPrepare(TfLiteContext*, TfLiteNode*)	8	static
./library/inference/tflmtag2209_u55tag2205/tensorflow/lite/kernels/internal/common.h:961:13:void tflite::NdArrayDescsForElementwiseBroadcast(const RuntimeShape&, const RuntimeShape&, NdArrayDesc<N>*, NdArrayDesc<N>*) [with int N = 4]	80	static
library/inference/tflmtag2209_u55tag2205/tensorflow/lite/micro/kernels/mul_common.cc:153:6:void tflite::EvalMulFloatReference(TfLiteContext*, TfLiteNode*, TfLiteMulParams*, const OpDataMul*, const TfLiteEvalTensor*, const TfLiteEvalTensor*, TfLiteEvalTensor*)	504	static
./library/inference/tflmtag2209_u55tag2205/tensorflow/lite/kernels/internal/reference/integer_ops/mul.h:91:13:void tflite::reference_integer_ops::BroadcastMul4DSlow(const tflite::ArithmeticParams&, const tflite::RuntimeShape&, const T*, const tflite::RuntimeShape&, const T*, const tflite::RuntimeShape&, T*) [with T = signed char]	272	static
./library/inference/tflmtag2209_u55tag2205/tensorflow/lite/kernels/internal/reference/integer_ops/mul.h:47:13:void tflite::reference_integer_ops::Mul(const tflite::ArithmeticParams&, const tflite::RuntimeShape&, const T*, const tflite::RuntimeShape&, const T*, const tflite::RuntimeShape&, T*) [with T = signed char]	32	static
library/inference/tflmtag2209_u55tag2205/tensorflow/lite/micro/kernels/mul_common.cc:96:6:void tflite::EvalMulQuantizedReference(TfLiteContext*, TfLiteNode*, const OpDataMul*, const TfLiteEvalTensor*, const TfLiteEvalTensor*, TfLiteEvalTensor*)	688	static
