./library/inference/tflmtag2209_u55tag2205/tensorflow/lite/kernels/op_macros.h:24:13:void AbortImpl()	8	static
library/inference/tflmtag2209_u55tag2205/tensorflow/lite/micro/kernels/read_variable.cc:56:14:TfLiteStatus tflite::{anonymous}::Eval(TfLiteContext*, TfLiteNode*)	16	static
library/inference/tflmtag2209_u55tag2205/tensorflow/lite/micro/kernels/read_variable.cc:38:14:TfLiteStatus tflite::{anonymous}::Prepare(TfLiteContext*, TfLiteNode*)	16	static
library/inference/tflmtag2209_u55tag2205/tensorflow/lite/micro/kernels/read_variable.cc:83:20:TfLiteRegistration tflite::Register_READ_VARIABLE()	16	static
