library/inference/tflmtag2209_u55tag2205/tensorflow/lite/micro/kernels/resize_nearest_neighbor.cc:35:14:TfLiteStatus tflite::ops::micro::resize_nearest_neighbor::Prepare(TfLiteContext*, TfLiteNode*)	48	static
./library/inference/tflmtag2209_u55tag2205/tensorflow/lite/kernels/op_macros.h:24:13:void AbortImpl()	8	static
library/inference/tflmtag2209_u55tag2205/tensorflow/lite/micro/kernels/resize_nearest_neighbor.cc:119:20:TfLiteRegistration tflite::ops::micro::Register_RESIZE_NEAREST_NEIGHBOR()	16	static
./library/inference/tflmtag2209_u55tag2205/tensorflow/lite/kernels/internal/reference/resize_nearest_neighbor.h:50:13:void tflite::reference_ops::ResizeNearestNeighbor(const tflite::ResizeNearestNeighborParams&, const tflite::RuntimeShape&, const T*, const tflite::RuntimeShape&, const int32_t*, const tflite::RuntimeShape&, T*) [with T = long int]	152	static
./library/inference/tflmtag2209_u55tag2205/tensorflow/lite/kernels/internal/reference/resize_nearest_neighbor.h:50:13:void tflite::reference_ops::ResizeNearestNeighbor(const tflite::ResizeNearestNeighborParams&, const tflite::RuntimeShape&, const T*, const tflite::RuntimeShape&, const int32_t*, const tflite::RuntimeShape&, T*) [with T = signed char]	144	static
./library/inference/tflmtag2209_u55tag2205/tensorflow/lite/kernels/internal/reference/resize_nearest_neighbor.h:50:13:void tflite::reference_ops::ResizeNearestNeighbor(const tflite::ResizeNearestNeighborParams&, const tflite::RuntimeShape&, const T*, const tflite::RuntimeShape&, const int32_t*, const tflite::RuntimeShape&, T*) [with T = short int]	152	static
library/inference/tflmtag2209_u55tag2205/tensorflow/lite/micro/kernels/resize_nearest_neighbor.cc:69:14:TfLiteStatus tflite::ops::micro::resize_nearest_neighbor::Eval(TfLiteContext*, TfLiteNode*)	216	static
