library/inference/tflmtag2209_u55tag2205/tensorflow/lite/micro/kernels/round.cc:31:14:TfLiteStatus tflite::ops::micro::round::Prepare(TfLiteContext*, TfLiteNode*)	40	static
./library/inference/tflmtag2209_u55tag2205/tensorflow/lite/kernels/op_macros.h:24:13:void AbortImpl()	8	static
library/inference/tflmtag2209_u55tag2205/tensorflow/lite/micro/kernels/round.cc:55:14:TfLiteStatus tflite::ops::micro::round::Eval(TfLiteContext*, TfLiteNode*)	72	static
library/inference/tflmtag2209_u55tag2205/tensorflow/lite/micro/kernels/round.cc:70:20:TfLiteRegistration tflite::ops::micro::Register_ROUND()	16	static
