./library/inference/tflmtag2209_u55tag2205/tensorflow/lite/kernels/op_macros.h:24:13:void AbortImpl()	8	static
library/inference/tflmtag2209_u55tag2205/tensorflow/lite/micro/kernels/select.cc:40:7:void* tflite::SelectInit(TfLiteContext*, const char*, size_t)	8	static
./library/inference/tflmtag2209_u55tag2205/tensorflow/lite/kernels/internal/types.h:333:12:int tflite::MatchingFlatSize(const RuntimeShape&, const RuntimeShape&, const RuntimeShape&, const RuntimeShape&)	24	static
library/inference/tflmtag2209_u55tag2205/tensorflow/lite/micro/kernels/select.cc:49:14:TfLiteStatus tflite::CheckBroadcastShape(TfLiteContext*, const TfLiteTensor*, const TfLiteTensor*, const TfLiteTensor*, const TfLiteIntArray*)	64	static
library/inference/tflmtag2209_u55tag2205/tensorflow/lite/micro/kernels/select.cc:78:14:TfLiteStatus tflite::SelectPrepare(TfLiteContext*, TfLiteNode*)	160	static
library/inference/tflmtag2209_u55tag2205/tensorflow/lite/micro/kernels/select.cc:192:20:TfLiteRegistration tflite::Register_SELECT_V2()	16	static
./library/inference/tflmtag2209_u55tag2205/tensorflow/lite/kernels/internal/common.h:994:13:void tflite::NdArrayDescsForElementwiseBroadcast(const RuntimeShape&, const RuntimeShape&, const RuntimeShape&, NdArrayDesc<N>*, NdArrayDesc<N>*, NdArrayDesc<N>*) [with int N = 5]	112	static
./library/inference/tflmtag2209_u55tag2205/tensorflow/lite/kernels/internal/reference/select.h:78:6:void tflite::reference_ops::BroadcastSelect5DSlow(const tflite::RuntimeShape&, const D*, const tflite::RuntimeShape&, const T*, const tflite::RuntimeShape&, const T*, const tflite::RuntimeShape&, T*) [with D = bool; T = float]	392	static
./library/inference/tflmtag2209_u55tag2205/tensorflow/lite/kernels/internal/reference/select.h:78:6:void tflite::reference_ops::BroadcastSelect5DSlow(const tflite::RuntimeShape&, const D*, const tflite::RuntimeShape&, const T*, const tflite::RuntimeShape&, const T*, const tflite::RuntimeShape&, T*) [with D = bool; T = signed char]	392	static
./library/inference/tflmtag2209_u55tag2205/tensorflow/lite/kernels/internal/reference/select.h:78:6:void tflite::reference_ops::BroadcastSelect5DSlow(const tflite::RuntimeShape&, const D*, const tflite::RuntimeShape&, const T*, const tflite::RuntimeShape&, const T*, const tflite::RuntimeShape&, T*) [with D = bool; T = short int]	400	static
library/inference/tflmtag2209_u55tag2205/tensorflow/lite/micro/kernels/select.cc:128:14:TfLiteStatus tflite::SelectEval(TfLiteContext*, TfLiteNode*)	168	static
