./library/inference/tflmtag2209_u55tag2205/tensorflow/lite/kernels/op_macros.h:24:13:void AbortImpl()	8	static
library/inference/tflmtag2209_u55tag2205/tensorflow/lite/micro/kernels/slice.cc:47:14:TfLiteStatus tflite::{anonymous}::Prepare(TfLiteContext*, TfLiteNode*)	40	static
library/inference/tflmtag2209_u55tag2205/tensorflow/lite/micro/kernels/slice.cc:84:14:TfLiteStatus tflite::{anonymous}::Eval(TfLiteContext*, TfLiteNode*)	616	static
library/inference/tflmtag2209_u55tag2205/tensorflow/lite/micro/kernels/slice.cc:153:20:TfLiteRegistration tflite::Register_SLICE()	16	static
