library/inference/tflmtag2209_u55tag2205/tensorflow/lite/micro/kernels/space_to_depth.cc:36:14:TfLiteStatus tflite::{anonymous}::Prepare(TfLiteContext*, TfLiteNode*)	72	static
./library/inference/tflmtag2209_u55tag2205/tensorflow/lite/kernels/op_macros.h:24:13:void AbortImpl()	8	static
library/inference/tflmtag2209_u55tag2205/tensorflow/lite/micro/kernels/space_to_depth.cc:88:14:TfLiteStatus tflite::{anonymous}::Eval(TfLiteContext*, TfLiteNode*)	304	static
library/inference/tflmtag2209_u55tag2205/tensorflow/lite/micro/kernels/space_to_depth.cc:123:20:TfLiteRegistration tflite::Register_SPACE_TO_DEPTH()	16	static
