./library/inference/tflmtag2209_u55tag2205/tensorflow/lite/kernels/op_macros.h:24:13:void AbortImpl()	8	static
library/inference/tflmtag2209_u55tag2205/tensorflow/lite/micro/kernels/strided_slice.cc:130:7:void* tflite::ops::micro::strided_slice::Init(TfLiteContext*, const char*, size_t)	8	static
library/inference/tflmtag2209_u55tag2205/tensorflow/lite/micro/kernels/strided_slice.cc:71:28:tflite::StridedSliceParams tflite::ops::micro::strided_slice::BuildStridedSliceParams(StridedSliceContext*)	16	static
library/inference/tflmtag2209_u55tag2205/tensorflow/lite/micro/kernels/strided_slice.cc:95:14:TfLiteStatus tflite::ops::micro::strided_slice::CheckOutputSize(TfLiteContext*, StridedSliceContext*)	192	static
library/inference/tflmtag2209_u55tag2205/tensorflow/lite/micro/kernels/strided_slice.cc:135:14:TfLiteStatus tflite::ops::micro::strided_slice::Prepare(TfLiteContext*, TfLiteNode*)	184	static
library/inference/tflmtag2209_u55tag2205/tensorflow/lite/micro/kernels/strided_slice.cc:203:20:TfLiteRegistration tflite::ops::micro::Register_STRIDED_SLICE()	16	static
./library/inference/tflmtag2209_u55tag2205/tensorflow/lite/kernels/internal/reference/strided_slice.h:30:13:void tflite::reference_ops::StridedSlice(const tflite::StridedSliceParams&, const tflite::RuntimeShape&, const tflite::RuntimeShape&, tflite::SequentialTensorWriter<T>*) [with T = float]	288	static
./library/inference/tflmtag2209_u55tag2205/tensorflow/lite/kernels/internal/reference/strided_slice.h:30:13:void tflite::reference_ops::StridedSlice(const tflite::StridedSliceParams&, const tflite::RuntimeShape&, const tflite::RuntimeShape&, tflite::SequentialTensorWriter<T>*) [with T = signed char]	288	static
./library/inference/tflmtag2209_u55tag2205/tensorflow/lite/kernels/internal/reference/strided_slice.h:30:13:void tflite::reference_ops::StridedSlice(const tflite::StridedSliceParams&, const tflite::RuntimeShape&, const tflite::RuntimeShape&, tflite::SequentialTensorWriter<T>*) [with T = short int]	288	static
./library/inference/tflmtag2209_u55tag2205/tensorflow/lite/kernels/internal/reference/strided_slice.h:30:13:void tflite::reference_ops::StridedSlice(const tflite::StridedSliceParams&, const tflite::RuntimeShape&, const tflite::RuntimeShape&, tflite::SequentialTensorWriter<T>*) [with T = long int]	288	static
./library/inference/tflmtag2209_u55tag2205/tensorflow/lite/kernels/internal/reference/strided_slice.h:30:13:void tflite::reference_ops::StridedSlice(const tflite::StridedSliceParams&, const tflite::RuntimeShape&, const tflite::RuntimeShape&, tflite::SequentialTensorWriter<T>*) [with T = bool]	288	static
library/inference/tflmtag2209_u55tag2205/tensorflow/lite/micro/kernels/strided_slice.cc:149:14:TfLiteStatus tflite::ops::micro::strided_slice::Eval(TfLiteContext*, TfLiteNode*)	168	static
