./library/inference/tflmtag2209_u55tag2205/tensorflow/lite/kernels/op_macros.h:24:13:void AbortImpl()	8	static
library/inference/tflmtag2209_u55tag2205/tensorflow/lite/micro/kernels/svdf_common.cc:200:6:void tflite::EvalInt16SvdfReference(TfLiteContext*, TfLiteNode*, const TfLiteEvalTensor*, const TfLiteEvalTensor*, const TfLiteEvalTensor*, const TfLiteEvalTensor*, const TfLiteSVDFParams*, TfLiteEvalTensor*, TfLiteEvalTensor*, const OpDataSvdf&)	112	static
library/inference/tflmtag2209_u55tag2205/tensorflow/lite/micro/kernels/svdf_common.cc:214:6:void tflite::EvalInt8SvdfReference(TfLiteContext*, TfLiteNode*, const TfLiteEvalTensor*, const TfLiteEvalTensor*, const TfLiteEvalTensor*, const TfLiteEvalTensor*, const TfLiteSVDFParams*, TfLiteEvalTensor*, TfLiteEvalTensor*, const OpDataSvdf&)	88	static
library/inference/tflmtag2209_u55tag2205/tensorflow/lite/micro/kernels/svdf_common.cc:289:6:void tflite::EvalFloatSvdfReference(TfLiteContext*, TfLiteNode*, const TfLiteEvalTensor*, const TfLiteEvalTensor*, const TfLiteEvalTensor*, const TfLiteEvalTensor*, const TfLiteSVDFParams*, int, TfLiteEvalTensor*, TfLiteEvalTensor*)	104	static
library/inference/tflmtag2209_u55tag2205/tensorflow/lite/micro/kernels/svdf_common.cc:362:14:TfLiteStatus tflite::PrepareSvdf(TfLiteContext*, TfLiteNode*)	88	static
