./library/inference/tflmtag2209_u55tag2205/tensorflow/lite/kernels/op_macros.h:24:13:void AbortImpl()	8	static
library/inference/tflmtag2209_u55tag2205/tensorflow/lite/micro/kernels/tanh.cc:45:7:void* tflite::ops::micro::activations::{anonymous}::TanhInit(TfLiteContext*, const char*, size_t)	8	static
library/inference/tflmtag2209_u55tag2205/tensorflow/lite/micro/kernels/tanh.cc:135:14:TfLiteStatus tflite::ops::micro::activations::{anonymous}::TanhPrepare(TfLiteContext*, TfLiteNode*)	64	static
library/inference/tflmtag2209_u55tag2205/tensorflow/lite/micro/kernels/tanh.cc:198:20:TfLiteRegistration tflite::ops::micro::Register_TANH()	16	static
./library/inference/tflmtag2209_u55tag2205/third_party/gemmlowp/fixedpoint/fixedpoint.h:795:25:gemmlowp::FixedPoint<tRawType, 0> gemmlowp::one_minus_x_over_one_plus_x_for_x_in_0_1(FixedPoint<tRawType, 0>) [with tRawType = long int]	20	static
./library/inference/tflmtag2209_u55tag2205/third_party/gemmlowp/fixedpoint/fixedpoint.h:721:25:gemmlowp::FixedPoint<tRawType, 0> gemmlowp::exp_on_interval_between_negative_one_quarter_and_0_excl(FixedPoint<tRawType, 0>) [with tRawType = long int]	16	static
./library/inference/tflmtag2209_u55tag2205/third_party/gemmlowp/fixedpoint/fixedpoint.h:746:25:gemmlowp::FixedPoint<tRawType, 0> gemmlowp::exp_on_negative_values(FixedPoint<tRawType, tIntegerBits_a>) [with tRawType = long int; int tIntegerBits = 5]	40	static
./library/inference/tflmtag2209_u55tag2205/tensorflow/lite/kernels/internal/reference/integer_ops/tanh.h:27:13:void tflite::reference_integer_ops::Tanh(int32_t, int32_t, int32_t, int32_t, const tflite::RuntimeShape&, const int8_t*, const tflite::RuntimeShape&, int8_t*)	72	static
library/inference/tflmtag2209_u55tag2205/tensorflow/lite/micro/kernels/tanh.cc:153:14:TfLiteStatus tflite::ops::micro::activations::TanhEval(TfLiteContext*, TfLiteNode*)	200	static
