./library/inference/tflmtag2209_u55tag2205/tensorflow/lite/kernels/op_macros.h:24:13:void AbortImpl()	8	static
library/inference/tflmtag2209_u55tag2205/tensorflow/lite/micro/kernels/transpose_conv.cc:144:7:void* tflite::{anonymous}::Init(TfLiteContext*, const char*, size_t)	8	static
library/inference/tflmtag2209_u55tag2205/tensorflow/lite/micro/kernels/transpose_conv.cc:149:14:TfLiteStatus tflite::{anonymous}::Prepare(TfLiteContext*, TfLiteNode*)	184	static
./library/inference/tflmtag2209_u55tag2205/tensorflow/lite/kernels/internal/reference/integer_ops/transpose_conv.h:126:13:void tflite::reference_integer_ops::TransposeConv(const tflite::ConvParams&, const int32_t*, const int32_t*, const tflite::RuntimeShape&, const int16_t*, const tflite::RuntimeShape&, const int8_t*, const tflite::RuntimeShape&, const Scalar*, const tflite::RuntimeShape&, int16_t*, const tflite::RuntimeShape&, int8_t*, Scalar*) [with Scalar = long long int]	168	static
library/inference/tflmtag2209_u55tag2205/tensorflow/lite/micro/kernels/transpose_conv.cc:240:14:TfLiteStatus tflite::{anonymous}::Eval(TfLiteContext*, TfLiteNode*)	488	static
library/inference/tflmtag2209_u55tag2205/tensorflow/lite/micro/kernels/transpose_conv.cc:340:20:TfLiteRegistration tflite::Register_TRANSPOSE_CONV()	16	static
