library/inference/tflmtag2209_u55tag2205/tensorflow/lite/micro/kernels/unidirectional_sequence_lstm.cc:54:14:TfLiteStatus tflite::{anonymous}::PopulateQuantizedLstmParams8x8_16(TfLiteContext*, TfLiteNode*, tflite::IntegerLstmParameter*)	240	static
./library/inference/tflmtag2209_u55tag2205/tensorflow/lite/kernels/op_macros.h:24:13:void AbortImpl()	8	static
library/inference/tflmtag2209_u55tag2205/tensorflow/lite/micro/kernels/unidirectional_sequence_lstm.cc:1456:14:TfLiteStatus tflite::{anonymous}::UnidirectionalSequenceLstmEval(TfLiteContext*, TfLiteNode*)	424	static
library/inference/tflmtag2209_u55tag2205/tensorflow/lite/micro/kernels/unidirectional_sequence_lstm.cc:501:7:void* tflite::{anonymous}::UnidirectionalSequenceLstmInit(TfLiteContext*, const char*, size_t)	8	static
library/inference/tflmtag2209_u55tag2205/tensorflow/lite/micro/kernels/unidirectional_sequence_lstm.cc:962:14:0(TfLiteContext*, int32_t, const TfLiteTensor*, const TfLiteTensor*, int32_t**)	72	static
library/inference/tflmtag2209_u55tag2205/tensorflow/lite/micro/kernels/unidirectional_sequence_lstm.cc:992:14:TfLiteStatus tflite::{anonymous}::PopulatePrecomputedZPTimesWeightsWithBias(TfLiteContext*, UnidirectionalSequenceLstmOpData*, TfLiteNode*)	112	static
./library/inference/tflmtag2209_u55tag2205/tensorflow/lite/kernels/internal/tensor_ctypes.h:34:21:tflite::RuntimeShape tflite::GetTensorShape(const TfLiteTensor*)	8	static
library/inference/tflmtag2209_u55tag2205/tensorflow/lite/micro/kernels/unidirectional_sequence_lstm.cc:1183:14:TfLiteStatus tflite::{anonymous}::UnidirectionalSequenceLstmPrepare(TfLiteContext*, TfLiteNode*)	184	static
library/inference/tflmtag2209_u55tag2205/tensorflow/lite/micro/kernels/unidirectional_sequence_lstm.cc:1690:20:TfLiteRegistration tflite::Register_UNIDIRECTIONAL_SEQUENCE_LSTM()	16	static
