library/inference/tflmtag2209_u55tag2205/tensorflow/lite/micro/kernels/var_handle.cc:75:14:TfLiteStatus tflite::{anonymous}::Eval(TfLiteContext*, TfLiteNode*)	8	static
library/inference/tflmtag2209_u55tag2205/tensorflow/lite/micro/kernels/var_handle.cc:44:14:TfLiteStatus tflite::{anonymous}::Prepare(TfLiteContext*, TfLiteNode*)	16	static
library/inference/tflmtag2209_u55tag2205/tensorflow/lite/micro/kernels/var_handle.cc:39:7:void* tflite::{anonymous}::Init(TfLiteContext*, const char*, size_t)	8	static
library/inference/tflmtag2209_u55tag2205/tensorflow/lite/micro/kernels/var_handle.cc:89:20:TfLiteRegistration tflite::Register_VAR_HANDLE()	16	static
