cmsis_drivers/SPI/Driver_SPI.c:75:27:ARM_SPI_GetVersion	8	static
cmsis_drivers/SPI/Driver_SPI.c:80:29:ARM_SPI_GetCapabilities	0	static
cmsis_drivers/SPI/Driver_SPI.c:96:13:callback_spi0_tx	0	static
cmsis_drivers/SPI/Driver_SPI.c:111:13:callback_spi0_error	0	static
cmsis_drivers/SPI/Driver_SPI.c:372:16:ARM_SPI_Uninitialize	8	static
cmsis_drivers/SPI/Driver_SPI.c:397:17:ARM_SPI_GetDataCount	0	static
cmsis_drivers/SPI/Driver_SPI.c:392:16:ARM_SPI_Transfer	40	static
cmsis_drivers/SPI/Driver_SPI.c:387:16:ARM_SPI_Receive	16	static
cmsis_drivers/SPI/Driver_SPI.c:382:16:ARM_SPI_Send	16	static
cmsis_drivers/SPI/Driver_SPI.c:402:16:ARM_SPI_Control	56	static
cmsis_drivers/SPI/Driver_SPI.c:407:23:ARM_SPI_GetStatus	16	static
cmsis_drivers/SPI/Driver_SPI.c:377:16:ARM_SPI_PowerControl	16	static
cmsis_drivers/SPI/Driver_SPI.c:101:13:callback_spi0_rx	0	static
cmsis_drivers/SPI/Driver_SPI.c:106:13:callback_spi0_xfer	0	static
cmsis_drivers/SPI/Driver_SPI.c:36:32:getFnPtr_CMSIS_Driver_SPI0_SSPI_CS_GPIO_Output_Level	0	static
cmsis_drivers/SPI/Driver_SPI.c:40:23:getFnPtr_CMSIS_Driver_SPI0_SSPI_CS_GPIO_Dir	0	static
cmsis_drivers/SPI/Driver_SPI.c:44:26:getFnPtr_CMSIS_Driver_SPI0_SSPI_CS_GPIO_Pinmux	0	static
cmsis_drivers/SPI/Driver_SPI.c:366:16:ARM_SPI_Initialize	16	static
