app/scenario_app/timed_interrupt_fatfs/cis_sensor/cis_ov5647/cisdp_sensor.c:92:6:ov5647_set_dp_rc96	24	static
app/scenario_app/timed_interrupt_fatfs/cis_sensor/cis_ov5647/cisdp_sensor.c:110:6:set_mipi_csirx_enable	72	static
app/scenario_app/timed_interrupt_fatfs/cis_sensor/cis_ov5647/cisdp_sensor.c:252:5:cisdp_sensor_init	8	static
app/scenario_app/timed_interrupt_fatfs/cis_sensor/cis_ov5647/cisdp_sensor.c:322:5:cisdp_dp_init	192	static
app/scenario_app/timed_interrupt_fatfs/cis_sensor/cis_ov5647/cisdp_sensor.c:505:6:cisdp_sensor_start	8	static
app/scenario_app/timed_interrupt_fatfs/cis_sensor/cis_ov5647/cisdp_sensor.c:525:6:cisdp_sensor_stop	8	static
app/scenario_app/timed_interrupt_fatfs/cis_sensor/cis_ov5647/cisdp_sensor.c:546:6:cisdp_get_jpginfo	24	static
app/scenario_app/timed_interrupt_fatfs/cis_sensor/cis_ov5647/cisdp_sensor.c:581:10:app_get_jpeg_addr	0	static
app/scenario_app/timed_interrupt_fatfs/cis_sensor/cis_ov5647/cisdp_sensor.c:587:10:app_get_raw_addr	0	static
app/scenario_app/timed_interrupt_fatfs/cis_sensor/cis_ov5647/cisdp_sensor.c:593:10:app_get_raw_sz	0	static
app/scenario_app/timed_interrupt_fatfs/cis_sensor/cis_ov5647/cisdp_sensor.c:611:10:app_get_raw_width	0	static
app/scenario_app/timed_interrupt_fatfs/cis_sensor/cis_ov5647/cisdp_sensor.c:624:10:app_get_raw_height	0	static
app/scenario_app/timed_interrupt_fatfs/cis_sensor/cis_ov5647/cisdp_sensor.c:636:10:app_get_raw_channels	0	static
