library/inference/tflmtag2209_u55tag2205/third_party/ethos_u_core_driver/src/ethosu_pmu.c:88:6:ETHOSU_PMU_Enable	8	static
library/inference/tflmtag2209_u55tag2205/third_party/ethos_u_core_driver/src/ethosu_pmu.c:97:6:ETHOSU_PMU_Disable	0	static
library/inference/tflmtag2209_u55tag2205/third_party/ethos_u_core_driver/src/ethosu_pmu.c:104:10:ETHOSU_PMU_Get_NumEventCounters	0	static
library/inference/tflmtag2209_u55tag2205/third_party/ethos_u_core_driver/src/ethosu_pmu.c:109:6:ETHOSU_PMU_Set_EVTYPER	8	static
library/inference/tflmtag2209_u55tag2205/third_party/ethos_u_core_driver/src/ethosu_pmu.c:117:28:ETHOSU_PMU_Get_EVTYPER	16	static
library/inference/tflmtag2209_u55tag2205/third_party/ethos_u_core_driver/src/ethosu_pmu.c:126:6:ETHOSU_PMU_CYCCNT_Reset	0	static
library/inference/tflmtag2209_u55tag2205/third_party/ethos_u_core_driver/src/ethosu_pmu.c:135:6:ETHOSU_PMU_EVCNTR_ALL_Reset	0	static
library/inference/tflmtag2209_u55tag2205/third_party/ethos_u_core_driver/src/ethosu_pmu.c:144:6:ETHOSU_PMU_CNTR_Enable	0	static
library/inference/tflmtag2209_u55tag2205/third_party/ethos_u_core_driver/src/ethosu_pmu.c:150:6:ETHOSU_PMU_CNTR_Disable	0	static
library/inference/tflmtag2209_u55tag2205/third_party/ethos_u_core_driver/src/ethosu_pmu.c:156:10:ETHOSU_PMU_CNTR_Status	0	static
library/inference/tflmtag2209_u55tag2205/third_party/ethos_u_core_driver/src/ethosu_pmu.c:163:10:ETHOSU_PMU_Get_CCNTR	0	static
library/inference/tflmtag2209_u55tag2205/third_party/ethos_u_core_driver/src/ethosu_pmu.c:173:6:ETHOSU_PMU_Set_CCNTR	0	static
library/inference/tflmtag2209_u55tag2205/third_party/ethos_u_core_driver/src/ethosu_pmu.c:193:10:ETHOSU_PMU_Get_EVCNTR	8	static
library/inference/tflmtag2209_u55tag2205/third_party/ethos_u_core_driver/src/ethosu_pmu.c:202:6:ETHOSU_PMU_Set_EVCNTR	8	static
library/inference/tflmtag2209_u55tag2205/third_party/ethos_u_core_driver/src/ethosu_pmu.c:209:10:ETHOSU_PMU_Get_CNTR_OVS	0	static
library/inference/tflmtag2209_u55tag2205/third_party/ethos_u_core_driver/src/ethosu_pmu.c:215:6:ETHOSU_PMU_Set_CNTR_OVS	0	static
library/inference/tflmtag2209_u55tag2205/third_party/ethos_u_core_driver/src/ethosu_pmu.c:221:6:ETHOSU_PMU_Set_CNTR_IRQ_Enable	0	static
library/inference/tflmtag2209_u55tag2205/third_party/ethos_u_core_driver/src/ethosu_pmu.c:227:6:ETHOSU_PMU_Set_CNTR_IRQ_Disable	0	static
library/inference/tflmtag2209_u55tag2205/third_party/ethos_u_core_driver/src/ethosu_pmu.c:233:10:ETHOSU_PMU_Get_IRQ_Enable	0	static
library/inference/tflmtag2209_u55tag2205/third_party/ethos_u_core_driver/src/ethosu_pmu.c:240:6:ETHOSU_PMU_CNTR_Increment	12	static
library/inference/tflmtag2209_u55tag2205/third_party/ethos_u_core_driver/src/ethosu_pmu.c:269:6:ETHOSU_PMU_PMCCNTR_CFG_Set_Start_Event	0	static
library/inference/tflmtag2209_u55tag2205/third_party/ethos_u_core_driver/src/ethosu_pmu.c:279:6:ETHOSU_PMU_PMCCNTR_CFG_Set_Stop_Event	0	static
