library/inference/tflmtag2209_u55tag2205/tensorflow/lite/micro/kernels/cmsis_nn/depthwise_conv.cc:57:7:void* tflite::{anonymous}::Init(TfLiteContext*, const char*, size_t)	8	static
library/inference/tflmtag2209_u55tag2205/tensorflow/lite/micro/kernels/cmsis_nn/depthwise_conv.cc:278:6:void tflite::{anonymous}::EvalQuantizedPerChannel16x8(TfLiteContext*, TfLiteNode*, const TfLiteDepthwiseConvParams&, const OpData&, const TfLiteEvalTensor*, const TfLiteEvalTensor*, const TfLiteEvalTensor*, TfLiteEvalTensor*)	344	static
library/inference/tflmtag2209_u55tag2205/tensorflow/lite/micro/kernels/cmsis_nn/depthwise_conv.cc:384:14:TfLiteStatus tflite::{anonymous}::EvalInt16x8(TfLiteContext*, TfLiteNode*)	48	static
library/inference/tflmtag2209_u55tag2205/tensorflow/lite/micro/kernels/cmsis_nn/depthwise_conv.cc:242:6:void tflite::{anonymous}::EvalQuantizedPerChannel(TfLiteContext*, TfLiteNode*, const TfLiteDepthwiseConvParams&, const OpData&, const TfLiteEvalTensor*, const TfLiteEvalTensor*, const TfLiteEvalTensor*, TfLiteEvalTensor*)	344	static
library/inference/tflmtag2209_u55tag2205/tensorflow/lite/micro/kernels/cmsis_nn/depthwise_conv.cc:360:14:TfLiteStatus tflite::{anonymous}::EvalInt8(TfLiteContext*, TfLiteNode*)	56	static
library/inference/tflmtag2209_u55tag2205/tensorflow/lite/micro/kernels/cmsis_nn/depthwise_conv.cc:311:14:TfLiteStatus tflite::{anonymous}::Eval(TfLiteContext*, TfLiteNode*)	384	static
library/inference/tflmtag2209_u55tag2205/tensorflow/lite/micro/kernels/cmsis_nn/depthwise_conv.cc:62:14:TfLiteStatus tflite::{anonymous}::Prepare(TfLiteContext*, TfLiteNode*)	296	static
library/inference/tflmtag2209_u55tag2205/tensorflow/lite/micro/kernels/cmsis_nn/depthwise_conv.cc:410:20:TfLiteRegistration tflite::Register_DEPTHWISE_CONV_2D()	16	static
library/inference/tflmtag2209_u55tag2205/tensorflow/lite/micro/kernels/cmsis_nn/depthwise_conv.cc:414:20:TfLiteRegistration tflite::Register_DEPTHWISE_CONV_2D_INT8()	16	static
library/inference/tflmtag2209_u55tag2205/tensorflow/lite/micro/kernels/cmsis_nn/depthwise_conv.cc:418:20:TfLiteRegistration tflite::Register_DEPTHWISE_CONV_2D_INT16()	16	static
