library/inference/tflmtag2209_u55tag2205/tensorflow/lite/micro/kernels/cmsis_nn/pooling.cc:149:14:TfLiteStatus tflite::{anonymous}::MaxPrepare(TfLiteContext*, TfLiteNode*)	8	static
./library/inference/tflmtag2209_u55tag2205/tensorflow/lite/kernels/op_macros.h:24:13:void AbortImpl()	8	static
library/inference/tflmtag2209_u55tag2205/tensorflow/lite/micro/kernels/cmsis_nn/pooling.cc:144:7:void* tflite::{anonymous}::Init(TfLiteContext*, const char*, size_t)	8	static
library/inference/tflmtag2209_u55tag2205/tensorflow/lite/micro/kernels/cmsis_nn/pooling.cc:156:14:TfLiteStatus tflite::{anonymous}::AveragePrepare(TfLiteContext*, TfLiteNode*)	80	static
library/inference/tflmtag2209_u55tag2205/tensorflow/lite/micro/kernels/cmsis_nn/pooling.cc:94:14:TfLiteStatus tflite::{anonymous}::MaxEvalInt8(TfLiteContext*, const TfLiteNode*, const TfLitePoolParams*, const OpData&, const TfLiteEvalTensor*, TfLiteEvalTensor*)	192	static
library/inference/tflmtag2209_u55tag2205/tensorflow/lite/micro/kernels/cmsis_nn/pooling.cc:240:14:TfLiteStatus tflite::{anonymous}::MaxEval(TfLiteContext*, TfLiteNode*)	40	static
library/inference/tflmtag2209_u55tag2205/tensorflow/lite/micro/kernels/cmsis_nn/pooling.cc:268:14:TfLiteStatus tflite::{anonymous}::MaxEvalInt8(TfLiteContext*, TfLiteNode*)	32	static
library/inference/tflmtag2209_u55tag2205/tensorflow/lite/micro/kernels/cmsis_nn/pooling.cc:40:6:void tflite::{anonymous}::AverageEvalQuantized(TfLiteContext*, const TfLiteNode*, const TfLitePoolParams*, const OpData&, const TfLiteEvalTensor*, TfLiteEvalTensor*)	192	static
library/inference/tflmtag2209_u55tag2205/tensorflow/lite/micro/kernels/cmsis_nn/pooling.cc:193:14:TfLiteStatus tflite::{anonymous}::AverageEval(TfLiteContext*, TfLiteNode*)	40	static
library/inference/tflmtag2209_u55tag2205/tensorflow/lite/micro/kernels/cmsis_nn/pooling.cc:222:14:TfLiteStatus tflite::{anonymous}::AverageEvalInt8(TfLiteContext*, TfLiteNode*)	32	static
library/inference/tflmtag2209_u55tag2205/tensorflow/lite/micro/kernels/cmsis_nn/pooling.cc:287:20:TfLiteRegistration tflite::Register_AVERAGE_POOL_2D_INT8()	16	static
library/inference/tflmtag2209_u55tag2205/tensorflow/lite/micro/kernels/cmsis_nn/pooling.cc:291:20:TfLiteRegistration tflite::Register_AVERAGE_POOL_2D()	16	static
library/inference/tflmtag2209_u55tag2205/tensorflow/lite/micro/kernels/cmsis_nn/pooling.cc:295:20:TfLiteRegistration tflite::Register_MAX_POOL_2D_INT8()	16	static
library/inference/tflmtag2209_u55tag2205/tensorflow/lite/micro/kernels/cmsis_nn/pooling.cc:299:20:TfLiteRegistration tflite::Register_MAX_POOL_2D()	16	static
