interface/driver_interface.c:25:20:drv_interface_get_freq	8	static
interface/driver_interface.c:41:20:drv_interface_set_rtc_clk_en	8	static
interface/driver_interface.c:62:20:drv_interface_set_rtc_cycle	8	static
interface/driver_interface.c:84:20:drv_interface_get_rtc_clk_en	8	static
interface/driver_interface.c:106:20:drv_interface_get_rtc_cycle	8	static
interface/driver_interface.c:123:20:drv_interface_set_wdg_clk_en	8	static
interface/driver_interface.c:139:20:drv_interface_set_wdg_clkdiv	8	static
interface/driver_interface.c:161:20:drv_interface_set_wdt_ctrl	8	static
interface/driver_interface.c:184:20:drv_interface_set_timer_ctrl	8	static
interface/driver_interface.c:205:20:drv_interface_set_timer_clk_en	8	static
interface/driver_interface.c:226:20:drv_interface_set_timer_clkdiv	8	static
interface/driver_interface.c:249:20:drv_interface_set_lsc_adclv_reset	8	static
interface/driver_interface.c:272:20:drv_interface_set_lsc_adchv_reset	8	static
interface/driver_interface.c:295:20:drv_interface_set_pdlsc_adcckinclk_cfg	16	static
interface/driver_interface.c:317:20:drv_interface_set_pdm_clkdiv	8	static
interface/driver_interface.c:341:20:drv_interface_set_audio_capture_channel	8	static
interface/driver_interface.c:364:20:drv_interface_set_pdlsc_pdmck_src	8	static
interface/driver_interface.c:399:20:drv_interface_set_vad_d_src_sel	8	static
interface/driver_interface.c:422:20:drv_interface_set_vad_d_pcm_sel	8	static
interface/driver_interface.c:445:20:drv_interface_set_i2s_clkdiv	8	static
interface/driver_interface.c:468:20:drv_interface_set_i2s_mode	8	static
interface/driver_interface.c:492:20:drv_interface_set_dp_swreset	16	static
interface/driver_interface.c:516:20:drv_interface_get_dp_swreset	8	static
interface/driver_interface.c:541:20:drv_interface_set_pdhsc_dpclk_cfg	16	static
interface/driver_interface.c:564:20:drv_interface_get_pdhsc_dpclk_cfg	8	static
interface/driver_interface.c:587:20:drv_interface_set_pdhsc_dpclken_cfg	16	static
interface/driver_interface.c:609:20:drv_interface_get_pdhsc_dpclken_cfg	8	static
interface/driver_interface.c:633:20:drv_interface_get_cpu_clk	8	static
interface/driver_interface.c:665:20:drv_interface_get_pdaon_clken_cfg	8	static
interface/driver_interface.c:682:20:drv_interface_get_pdsb_clken_cfg	8	static
interface/driver_interface.c:699:20:drv_interface_get_pdlsc_clken_cfg	8	static
interface/driver_interface.c:716:20:drv_interface_get_pdhsc_clken_cfg	8	static
interface/driver_interface.c:734:20:drv_interface_set_sensor_i2cm_pinmux	8	static
interface/driver_interface.c:753:20:drv_interface_set_SEN_PCLKO_pinmux	8	static
interface/driver_interface.c:775:20:drv_interface_set_rtc_state	8	static
interface/driver_interface.c:798:20:drv_interface_set_mipi_ctrl	8	static
interface/driver_interface.c:818:20:drv_interface_get_mipi_ctrl	8	static
interface/driver_interface.c:840:20:drv_interface_set_LSC_swreset	16	static
interface/driver_interface.c:862:20:drv_interface_set_MIPITXPHY_RXClkSRC	8	static
