middleware/fatfs/source/ff.c:3138:12:get_ldnumber	0	static
middleware/fatfs/source/ff.c:3613:16:validate	16	static
middleware/fatfs/source/ff.c:2617:13:get_fileinfo	32	static
middleware/fatfs/source/ff.c:1658:16:dir_clear	24	static
middleware/fatfs/source/ff.c:1108:16:sync_fs	24	static
middleware/fatfs/source/ff.c:1077:16:move_window	16	static
middleware/fatfs/source/ff.c:1239:16:put_fat.part.0	40	static
middleware/fatfs/source/ff.c:1161:14:get_fat.isra	24	static
middleware/fatfs/source/ff.c:1429:16:remove_chain	32	static
middleware/fatfs/source/ff.c:1524:14:create_chain	24	static
middleware/fatfs/source/ff.c:1745:16:dir_next	32	static
middleware/fatfs/source/ff.c:2306:16:dir_read.constprop	32	static
middleware/fatfs/source/ff.c:1697:16:dir_sdi	24	static
middleware/fatfs/source/ff.c:2571:16:dir_remove	24	static
middleware/fatfs/source/ff.c:2384:16:dir_find	64	static
middleware/fatfs/source/ff.c:3051:16:follow_path	56	static
middleware/fatfs/source/ff.c:2465:16:dir_register	80	static
middleware/fatfs/source/ff.c:3291:13:check_fs	16	static
middleware/fatfs/source/ff.c:3385:16:mount_volume	56	static
middleware/fatfs/source/ff.c:3657:9:f_mount	32	static
middleware/fatfs/source/ff.c:3717:9:f_open	96	static
middleware/fatfs/source/ff.c:3914:9:f_read	56	static
middleware/fatfs/source/ff.c:4014:9:f_write	48	static
middleware/fatfs/source/ff.c:4135:9:f_sync	16	static
middleware/fatfs/source/ff.c:4216:9:f_close	16	static
middleware/fatfs/source/ff.c:4252:9:f_chdrive	16	static
middleware/fatfs/source/ff.c:4269:9:f_chdir	72	static
middleware/fatfs/source/ff.c:4331:9:f_getcwd	376	static
middleware/fatfs/source/ff.c:4433:9:f_lseek	40	static
middleware/fatfs/source/ff.c:4597:9:f_opendir	32	static
middleware/fatfs/source/ff.c:4663:9:f_closedir	8	static
middleware/fatfs/source/ff.c:4693:9:f_readdir	16	static
middleware/fatfs/source/ff.c:4781:9:f_stat	72	static
middleware/fatfs/source/ff.c:4816:9:f_getfree	48	static
middleware/fatfs/source/ff.c:4912:9:f_truncate	16	static
middleware/fatfs/source/ff.c:4962:9:f_unlink	128	static
middleware/fatfs/source/ff.c:5056:9:f_mkdir	120	static
middleware/fatfs/source/ff.c:5140:9:f_rename	160	static
middleware/fatfs/source/ff.c:5882:9:f_mkfs	120	static
