library/inference/tflmtag2209_u55tag2205/tensorflow/lite/micro/fake_micro_context.cc:41:15:virtual TfLiteTensor* tflite::FakeMicroContext::AllocateTempTfLiteTensor(int)	0	static
library/inference/tflmtag2209_u55tag2205/tensorflow/lite/micro/fake_micro_context.cc:46:6:virtual void tflite::FakeMicroContext::DeallocateTempTfLiteTensor(TfLiteTensor*)	0	static
library/inference/tflmtag2209_u55tag2205/tensorflow/lite/micro/fake_micro_context.cc:68:7:virtual void* tflite::FakeMicroContext::AllocatePersistentBuffer(size_t)	0	static
./library/inference/tflmtag2209_u55tag2205/tensorflow/lite/micro/fake_micro_context.h:24:7:virtual tflite::FakeMicroContext::~FakeMicroContext()	8	static
./library/inference/tflmtag2209_u55tag2205/tensorflow/lite/kernels/op_macros.h:24:13:void AbortImpl()	8	static
library/inference/tflmtag2209_u55tag2205/tensorflow/lite/micro/fake_micro_context.cc:54:19:virtual TfLiteEvalTensor* tflite::FakeMicroContext::GetEvalTensor(int)	16	static
library/inference/tflmtag2209_u55tag2205/tensorflow/lite/micro/fake_micro_context.cc:77:14:virtual TfLiteStatus tflite::FakeMicroContext::RequestScratchBufferInArena(size_t, int*)	16	static
library/inference/tflmtag2209_u55tag2205/tensorflow/lite/micro/fake_micro_context.cc:98:7:virtual void* tflite::FakeMicroContext::GetScratchBuffer(int)	8	static
library/inference/tflmtag2209_u55tag2205/tensorflow/lite/micro/fake_micro_context.cc:32:1:tflite::FakeMicroContext::FakeMicroContext(TfLiteTensor*, tflite::SingleArenaBufferAllocator*, tflite::MicroGraph*)	24	static
library/inference/tflmtag2209_u55tag2205/tensorflow/lite/micro/fake_micro_context.cc:50:6:bool tflite::FakeMicroContext::IsAllTempTfLiteTensorDeallocated()	0	static
