library/inference/tflmtag2209_u55tag2205/tensorflow/lite/micro/flatbuffer_utils.cc:20:1:tflite::FlexbufferWrapper::FlexbufferWrapper(const uint8_t*, size_t)	8	static
library/inference/tflmtag2209_u55tag2205/tensorflow/lite/micro/flatbuffer_utils.cc:23:9:int64_t tflite::FlexbufferWrapper::ElementAsInt64(size_t) const	0	static
library/inference/tflmtag2209_u55tag2205/tensorflow/lite/micro/flatbuffer_utils.cc:28:10:uint64_t tflite::FlexbufferWrapper::ElementAsUInt64(size_t) const	0	static
library/inference/tflmtag2209_u55tag2205/tensorflow/lite/micro/flatbuffer_utils.cc:33:9:int32_t tflite::FlexbufferWrapper::ElementAsInt32(size_t) const	0	static
library/inference/tflmtag2209_u55tag2205/tensorflow/lite/micro/flatbuffer_utils.cc:37:6:bool tflite::FlexbufferWrapper::ElementAsBool(size_t) const	0	static
library/inference/tflmtag2209_u55tag2205/tensorflow/lite/micro/flatbuffer_utils.cc:41:8:double tflite::FlexbufferWrapper::ElementAsDouble(size_t) const	0	static
library/inference/tflmtag2209_u55tag2205/tensorflow/lite/micro/flatbuffer_utils.cc:46:7:float tflite::FlexbufferWrapper::ElementAsFloat(size_t) const	0	static
library/inference/tflmtag2209_u55tag2205/tensorflow/lite/micro/flatbuffer_utils.cc:51:10:uint32_t tflite::NumSubgraphOperators(const SubGraph*)	0	static
library/inference/tflmtag2209_u55tag2205/tensorflow/lite/micro/flatbuffer_utils.cc:59:10:uint32_t tflite::NumSubgraphOperators(const Model*, int)	8	static
library/inference/tflmtag2209_u55tag2205/tensorflow/lite/micro/flatbuffer_utils.cc:64:17:TfLiteIntArray* tflite::FlatBufferVectorToTfLiteTypeArray(const flatbuffers::Vector<long int>*)	0	static
library/inference/tflmtag2209_u55tag2205/tensorflow/lite/micro/flatbuffer_utils.cc:74:19:TfLiteFloatArray* tflite::FlatBufferVectorToTfLiteTypeArray(const flatbuffers::Vector<float>*)	0	static
