./library/inference/tflmtag2209_u55tag2205/tensorflow/lite/micro/micro_context.h:129:14:void* tflite::MicroContextAllocatePersistentBuffer(TfLiteContext*, size_t)	0	static
./library/inference/tflmtag2209_u55tag2205/tensorflow/lite/micro/micro_context.h:133:21:TfLiteStatus tflite::MicroContextRequestScratchBufferInArena(TfLiteContext*, size_t, int*)	0	static
./library/inference/tflmtag2209_u55tag2205/tensorflow/lite/micro/micro_context.h:138:14:void* tflite::MicroContextGetScratchBuffer(TfLiteContext*, int)	0	static
./library/inference/tflmtag2209_u55tag2205/tensorflow/lite/micro/micro_context.h:141:22:TfLiteTensor* tflite::MicroContextGetTensor(const TfLiteContext*, int)	0	static
./library/inference/tflmtag2209_u55tag2205/tensorflow/lite/micro/micro_context.h:145:26:TfLiteEvalTensor* tflite::MicroContextGetEvalTensor(const TfLiteContext*, int)	0	static
./library/inference/tflmtag2209_u55tag2205/tensorflow/lite/micro/micro_context.h:149:31:TfLiteExternalContext* tflite::MicroContextGetExternalContext(TfLiteContext*, TfLiteExternalContextType)	0	static
./library/inference/tflmtag2209_u55tag2205/third_party/flatbuffers/include/flatbuffers/vector.h:169:15:flatbuffers::Vector<T>::return_type flatbuffers::Vector<T>::Get(flatbuffers::uoffset_t) const [with T = long int]	8	static
./library/inference/tflmtag2209_u55tag2205/third_party/flatbuffers/include/flatbuffers/vector.h:169:15:flatbuffers::Vector<T>::return_type flatbuffers::Vector<T>::Get(flatbuffers::uoffset_t) const [with T = flatbuffers::Offset<tflite::SubGraph>]	8	static
library/inference/tflmtag2209_u55tag2205/tensorflow/lite/micro/micro_interpreter.cc:37:1:tflite::MicroInterpreter::MicroInterpreter(const tflite::Model*, const tflite::MicroOpResolver&, uint8_t*, size_t, tflite::MicroResourceVariables*, tflite::MicroProfiler*)	32	static
library/inference/tflmtag2209_u55tag2205/tensorflow/lite/micro/micro_interpreter.cc:56:1:tflite::MicroInterpreter::MicroInterpreter(const tflite::Model*, const tflite::MicroOpResolver&, tflite::MicroAllocator*, tflite::MicroResourceVariables*, tflite::MicroProfiler*)	32	static
library/inference/tflmtag2209_u55tag2205/tensorflow/lite/micro/micro_interpreter.cc:79:6:void tflite::MicroInterpreter::Init(tflite::MicroProfiler*)	12	static
library/inference/tflmtag2209_u55tag2205/tensorflow/lite/micro/micro_interpreter.cc:288:15:TfLiteTensor* tflite::MicroInterpreter::input(size_t)	8	static
library/inference/tflmtag2209_u55tag2205/tensorflow/lite/micro/micro_interpreter.cc:297:15:TfLiteTensor* tflite::MicroInterpreter::output(size_t)	8	static
library/inference/tflmtag2209_u55tag2205/tensorflow/lite/micro/micro_interpreter.cc:320:14:TfLiteStatus tflite::MicroInterpreter::SetMicroExternalContext(void*)	0	static
library/inference/tflmtag2209_u55tag2205/tensorflow/lite/micro/micro_interpreter.cc:73:1:tflite::MicroInterpreter::~MicroInterpreter()	16	static
library/inference/tflmtag2209_u55tag2205/tensorflow/lite/micro/micro_interpreter.cc:89:14:TfLiteStatus tflite::MicroInterpreter::PrepareNodeAndRegistrationDataFromFlatbuffer()	88	static
library/inference/tflmtag2209_u55tag2205/tensorflow/lite/micro/micro_interpreter.cc:307:14:TfLiteStatus tflite::MicroInterpreter::Reset()	8	static
library/inference/tflmtag2209_u55tag2205/tensorflow/lite/micro/micro_interpreter.cc:316:14:TfLiteStatus tflite::MicroInterpreter::ResetVariableTensors()	0	static
library/inference/tflmtag2209_u55tag2205/tensorflow/lite/micro/micro_interpreter.cc:183:14:TfLiteStatus tflite::MicroInterpreter::AllocateTensors()	48	static
library/inference/tflmtag2209_u55tag2205/tensorflow/lite/micro/micro_interpreter.cc:274:14:TfLiteStatus tflite::MicroInterpreter::Invoke()	8	static
