./library/inference/tflmtag2209_u55tag2205/tensorflow/lite/micro/memory_planner/micro_memory_planner.h:62:24:virtual TfLiteStatus tflite::MicroMemoryPlanner::AddBuffer(int, int, int, int)	0	static
./library/inference/tflmtag2209_u55tag2205/tensorflow/lite/micro/memory_planner/micro_memory_planner.h:79:24:virtual TfLiteStatus tflite::MicroMemoryPlanner::Init(unsigned char*, int)	0	static
library/inference/tflmtag2209_u55tag2205/tensorflow/lite/micro/micro_allocator.cc:63:9:virtual void* tflite::{anonymous}::MicroBuiltinDataAllocator::Allocate(size_t, size_t)	0	static
library/inference/tflmtag2209_u55tag2205/tensorflow/lite/micro/micro_allocator.cc:67:8:virtual void tflite::{anonymous}::MicroBuiltinDataAllocator::Deallocate(void*)	0	static
library/inference/tflmtag2209_u55tag2205/tensorflow/lite/micro/micro_allocator.cc:376:1:virtual tflite::MicroAllocator::~MicroAllocator()	0	static
library/inference/tflmtag2209_u55tag2205/tensorflow/lite/micro/micro_allocator.cc:521:7:virtual void* tflite::MicroAllocator::AllocatePersistentBuffer(size_t)	0	static
library/inference/tflmtag2209_u55tag2205/tensorflow/lite/micro/micro_allocator.cc:727:14:virtual TfLiteStatus tflite::MicroAllocator::ResetTempAllocations()	0	static
library/inference/tflmtag2209_u55tag2205/tensorflow/lite/micro/micro_allocator.cc:731:6:virtual bool tflite::MicroAllocator::IsAllTempDeallocated()	0	static
library/inference/tflmtag2209_u55tag2205/tensorflow/lite/micro/micro_allocator.cc:792:15:virtual TfLiteTensor* tflite::MicroAllocator::AllocatePersistentTfLiteTensorInternal()	0	static
library/inference/tflmtag2209_u55tag2205/tensorflow/lite/micro/micro_allocator.cc:57:7:virtual tflite::{anonymous}::MicroBuiltinDataAllocator::~MicroBuiltinDataAllocator()	0	static
./library/inference/tflmtag2209_u55tag2205/third_party/flatbuffers/include/flatbuffers/vector.h:169:15:flatbuffers::Vector<T>::return_type flatbuffers::Vector<T>::Get(flatbuffers::uoffset_t) const [with T = flatbuffers::Offset<tflite::SubGraph>]	8	static
./library/inference/tflmtag2209_u55tag2205/third_party/flatbuffers/include/flatbuffers/vector.h:169:15:flatbuffers::Vector<T>::return_type flatbuffers::Vector<T>::Get(flatbuffers::uoffset_t) const [with T = long long int]	8	static
library/inference/tflmtag2209_u55tag2205/tensorflow/lite/micro/micro_allocator.cc:811:14:virtual TfLiteStatus tflite::MicroAllocator::CommitStaticMemoryPlan(const tflite::Model*, tflite::SubgraphAllocations*, tflite::ScratchBufferHandle*)	104	static
library/inference/tflmtag2209_u55tag2205/tensorflow/lite/micro/micro_allocator.cc:769:14:virtual TfLiteStatus tflite::MicroAllocator::AllocateVariables(const tflite::SubGraph*, TfLiteEvalTensor*)	32	static
./library/inference/tflmtag2209_u55tag2205/tensorflow/lite/kernels/op_macros.h:24:13:void AbortImpl()	8	static
library/inference/tflmtag2209_u55tag2205/tensorflow/lite/micro/micro_allocator.cc:664:6:virtual void tflite::MicroAllocator::DeallocateTempTfLiteTensor(TfLiteTensor*)	16	static
library/inference/tflmtag2209_u55tag2205/tensorflow/lite/micro/micro_allocator.cc:893:14:virtual TfLiteStatus tflite::MicroAllocator::AllocateScratchBufferHandles(tflite::ScratchBufferHandle**, size_t)	8	static
library/inference/tflmtag2209_u55tag2205/tensorflow/lite/micro/micro_allocator.cc:602:14:virtual TfLiteStatus tflite::MicroAllocator::AllocateNodeAndRegistrations(const tflite::Model*, tflite::SubgraphAllocations*)	24	static
library/inference/tflmtag2209_u55tag2205/tensorflow/lite/micro/micro_allocator.cc:627:15:virtual TfLiteTensor* tflite::MicroAllocator::AllocatePersistentTfLiteTensor(const tflite::Model*, const tflite::SubgraphAllocations*, int, int)	40	static
library/inference/tflmtag2209_u55tag2205/tensorflow/lite/micro/micro_allocator.cc:688:15:virtual TfLiteTensor* tflite::MicroAllocator::AllocateTempTfLiteTensor(const tflite::Model*, const tflite::SubgraphAllocations*, int, int)	40	static
library/inference/tflmtag2209_u55tag2205/tensorflow/lite/micro/micro_allocator.cc:167:7:void* tflite::internal::GetFlatbufferTensorBuffer(const tflite::Tensor&, const flatbuffers::Vector<flatbuffers::Offset<tflite::Buffer> >*)	8	static
library/inference/tflmtag2209_u55tag2205/tensorflow/lite/micro/micro_allocator.cc:197:14:TfLiteStatus tflite::internal::InitializeTfLiteTensorFromFlatbuffer(tflite::IPersistentBufferAllocator*, tflite::INonPersistentBufferAllocator*, bool, const tflite::Tensor&, const flatbuffers::Vector<flatbuffers::Offset<tflite::Buffer> >*, TfLiteTensor*)	56	static
library/inference/tflmtag2209_u55tag2205/tensorflow/lite/micro/micro_allocator.cc:798:14:virtual TfLiteStatus tflite::MicroAllocator::PopulateTfLiteTensorFromFlatbuffer(const tflite::Model*, TfLiteTensor*, int, int, bool)	32	static
library/inference/tflmtag2209_u55tag2205/tensorflow/lite/micro/micro_allocator.cc:318:14:TfLiteStatus tflite::internal::InitializeTfLiteEvalTensorFromFlatbuffer(const tflite::Tensor&, const flatbuffers::Vector<flatbuffers::Offset<tflite::Buffer> >*, TfLiteEvalTensor*)	24	static
library/inference/tflmtag2209_u55tag2205/tensorflow/lite/micro/micro_allocator.cc:735:14:0(const tflite::Model*, tflite::SubgraphAllocations*)	48	static
library/inference/tflmtag2209_u55tag2205/tensorflow/lite/micro/micro_allocator.cc:735:14:virtual TfLiteStatus tflite::MicroAllocator::AllocateTfLiteEvalTensors(const tflite::Model*, tflite::SubgraphAllocations*)	8	static
library/inference/tflmtag2209_u55tag2205/tensorflow/lite/micro/micro_allocator.cc:343:8:static size_t tflite::MicroAllocator::GetDefaultTailUsage(bool)	16	static
library/inference/tflmtag2209_u55tag2205/tensorflow/lite/micro/micro_allocator.cc:360:1:tflite::MicroAllocator::MicroAllocator(tflite::SingleArenaBufferAllocator*, tflite::MicroMemoryPlanner*)	8	static
library/inference/tflmtag2209_u55tag2205/tensorflow/lite/micro/micro_allocator.cc:367:1:tflite::MicroAllocator::MicroAllocator(tflite::IPersistentBufferAllocator*, tflite::INonPersistentBufferAllocator*, tflite::MicroMemoryPlanner*)	8	static
library/inference/tflmtag2209_u55tag2205/tensorflow/lite/micro/micro_allocator.cc:407:17:static tflite::MicroAllocator* tflite::MicroAllocator::Create(tflite::SingleArenaBufferAllocator*, tflite::MicroMemoryPlanner*)	16	static
library/inference/tflmtag2209_u55tag2205/tensorflow/lite/micro/micro_allocator.cc:378:17:static tflite::MicroAllocator* tflite::MicroAllocator::Create(uint8_t*, size_t, tflite::MicroMemoryPlanner*)	16	static
library/inference/tflmtag2209_u55tag2205/tensorflow/lite/micro/micro_allocator.cc:389:17:static tflite::MicroAllocator* tflite::MicroAllocator::Create(uint8_t*, size_t)	16	static
library/inference/tflmtag2209_u55tag2205/tensorflow/lite/micro/micro_allocator.cc:420:17:static tflite::MicroAllocator* tflite::MicroAllocator::Create(uint8_t*, size_t, uint8_t*, size_t)	40	static
library/inference/tflmtag2209_u55tag2205/tensorflow/lite/micro/micro_allocator.cc:451:22:tflite::SubgraphAllocations* tflite::MicroAllocator::StartModelAllocation(const tflite::Model*)	24	static
library/inference/tflmtag2209_u55tag2205/tensorflow/lite/micro/micro_allocator.cc:491:14:TfLiteStatus tflite::MicroAllocator::FinishModelAllocation(const tflite::Model*, tflite::SubgraphAllocations*, tflite::ScratchBufferHandle**)	32	static
library/inference/tflmtag2209_u55tag2205/tensorflow/lite/micro/micro_allocator.cc:526:14:TfLiteStatus tflite::MicroAllocator::RequestScratchBufferInArena(size_t, int, int*)	24	static
library/inference/tflmtag2209_u55tag2205/tensorflow/lite/micro/micro_allocator.cc:567:14:TfLiteStatus tflite::MicroAllocator::FinishPrepareNodeAllocations(int)	16	static
library/inference/tflmtag2209_u55tag2205/tensorflow/lite/micro/micro_allocator.cc:597:8:size_t tflite::MicroAllocator::used_bytes() const	8	static
library/inference/tflmtag2209_u55tag2205/tensorflow/lite/micro/micro_allocator.cc:912:14:TfLiteStatus tflite::MicroAllocator::InitScratchBufferData()	8	static
library/inference/tflmtag2209_u55tag2205/tensorflow/lite/micro/micro_allocator.cc:931:33:tflite::internal::ScratchBufferRequest* tflite::MicroAllocator::GetScratchBufferRequests()	0	static
library/inference/tflmtag2209_u55tag2205/tensorflow/lite/micro/micro_allocator.cc:936:23:tflite::BuiltinDataAllocator* tflite::MicroAllocator::GetBuiltinDataAllocator()	0	static
