./library/inference/tflmtag2209_u55tag2205/tensorflow/lite/micro/recording_micro_allocator.h:55:7:virtual tflite::RecordingMicroAllocator::~RecordingMicroAllocator()	8	static
library/inference/tflmtag2209_u55tag2205/tensorflow/lite/micro/recording_micro_allocator.cc:28:8:static size_t tflite::RecordingMicroAllocator::GetDefaultTailUsage()	16	static
library/inference/tflmtag2209_u55tag2205/tensorflow/lite/micro/recording_micro_allocator.cc:45:1:tflite::RecordingMicroAllocator::RecordingMicroAllocator(tflite::RecordingSingleArenaBufferAllocator*, tflite::MicroMemoryPlanner*)	16	static
library/inference/tflmtag2209_u55tag2205/tensorflow/lite/micro/recording_micro_allocator.cc:51:26:static tflite::RecordingMicroAllocator* tflite::RecordingMicroAllocator::Create(uint8_t*, size_t)	16	static
library/inference/tflmtag2209_u55tag2205/tensorflow/lite/micro/recording_micro_allocator.cc:70:20:tflite::RecordedAllocation tflite::RecordingMicroAllocator::GetRecordedAllocation(tflite::RecordedAllocationType) const	8	static
library/inference/tflmtag2209_u55tag2205/tensorflow/lite/micro/recording_micro_allocator.cc:93:1:const tflite::RecordingSingleArenaBufferAllocator* tflite::RecordingMicroAllocator::GetSimpleMemoryAllocator() const	0	static
library/inference/tflmtag2209_u55tag2205/tensorflow/lite/micro/recording_micro_allocator.cc:131:6:void tflite::RecordingMicroAllocator::PrintRecordedAllocation(tflite::RecordedAllocationType, const char*, const char*) const	40	static
library/inference/tflmtag2209_u55tag2205/tensorflow/lite/micro/recording_micro_allocator.cc:97:6:void tflite::RecordingMicroAllocator::PrintAllocations() const	16	static
library/inference/tflmtag2209_u55tag2205/tensorflow/lite/micro/recording_micro_allocator.cc:236:20:tflite::RecordedAllocation tflite::RecordingMicroAllocator::SnapshotAllocationUsage() const	16	static
library/inference/tflmtag2209_u55tag2205/tensorflow/lite/micro/recording_micro_allocator.cc:242:6:void tflite::RecordingMicroAllocator::RecordAllocationUsage(const tflite::RecordedAllocation&, tflite::RecordedAllocation&)	16	static
library/inference/tflmtag2209_u55tag2205/tensorflow/lite/micro/recording_micro_allocator.cc:123:7:virtual void* tflite::RecordingMicroAllocator::AllocatePersistentBuffer(size_t)	32	static
library/inference/tflmtag2209_u55tag2205/tensorflow/lite/micro/recording_micro_allocator.cc:146:14:virtual TfLiteStatus tflite::RecordingMicroAllocator::AllocateNodeAndRegistrations(const tflite::Model*, tflite::SubgraphAllocations*)	40	static
library/inference/tflmtag2209_u55tag2205/tensorflow/lite/micro/recording_micro_allocator.cc:177:14:virtual TfLiteStatus tflite::RecordingMicroAllocator::AllocateTfLiteEvalTensors(const tflite::Model*, tflite::SubgraphAllocations*)	40	static
library/inference/tflmtag2209_u55tag2205/tensorflow/lite/micro/recording_micro_allocator.cc:200:14:virtual TfLiteStatus tflite::RecordingMicroAllocator::AllocateVariables(const tflite::SubGraph*, TfLiteEvalTensor*)	32	static
library/inference/tflmtag2209_u55tag2205/tensorflow/lite/micro/recording_micro_allocator.cc:213:1:virtual TfLiteTensor* tflite::RecordingMicroAllocator::AllocatePersistentTfLiteTensorInternal()	24	static
library/inference/tflmtag2209_u55tag2205/tensorflow/lite/micro/recording_micro_allocator.cc:223:14:virtual TfLiteStatus tflite::RecordingMicroAllocator::PopulateTfLiteTensorFromFlatbuffer(const tflite::Model*, TfLiteTensor*, int, int, bool)	48	static
