library/inference/tflmtag2209_u55tag2205/tensorflow/lite/micro/test_helpers.cc:57:8:virtual void tflite::testing::{anonymous}::StackAllocator::deallocate(uint8_t*, size_t)	0	static
library/inference/tflmtag2209_u55tag2205/tensorflow/lite/micro/test_helpers.cc:1347:14:static TfLiteStatus tflite::testing::SimpleStatefulOp::Prepare(TfLiteContext*, TfLiteNode*)	40	static
library/inference/tflmtag2209_u55tag2205/tensorflow/lite/micro/test_helpers.cc:1436:6:static void tflite::testing::MockCustom::Free(TfLiteContext*, void*)	0	static
library/inference/tflmtag2209_u55tag2205/tensorflow/lite/micro/test_helpers.cc:1438:14:static TfLiteStatus tflite::testing::MockCustom::Prepare(TfLiteContext*, TfLiteNode*)	0	static
library/inference/tflmtag2209_u55tag2205/tensorflow/lite/micro/test_helpers.cc:1484:6:static void tflite::testing::MultipleInputs::Free(TfLiteContext*, void*)	0	static
library/inference/tflmtag2209_u55tag2205/tensorflow/lite/micro/test_helpers.cc:1538:6:static void tflite::testing::NoOp::Free(TfLiteContext*, void*)	0	static
library/inference/tflmtag2209_u55tag2205/tensorflow/lite/micro/test_helpers.cc:43:7:virtual tflite::testing::{anonymous}::StackAllocator::~StackAllocator()	0	static
library/inference/tflmtag2209_u55tag2205/tensorflow/lite/micro/test_helpers.cc:1442:14:static TfLiteStatus tflite::testing::MockCustom::Invoke(TfLiteContext*, TfLiteNode*)	24	static
library/inference/tflmtag2209_u55tag2205/tensorflow/lite/micro/test_helpers.cc:1492:14:static TfLiteStatus tflite::testing::MultipleInputs::Invoke(TfLiteContext*, TfLiteNode*)	32	static
library/inference/tflmtag2209_u55tag2205/tensorflow/lite/micro/test_helpers.cc:1373:14:static TfLiteStatus tflite::testing::SimpleStatefulOp::Invoke(TfLiteContext*, TfLiteNode*)	40	static
./library/inference/tflmtag2209_u55tag2205/tensorflow/lite/micro/micro_mutable_op_resolver.h:67:29:const TfLiteRegistration* tflite::MicroMutableOpResolver<tOpCount>::FindOp(const char*) const [with unsigned int tOpCount = 128]	24	static
./library/inference/tflmtag2209_u55tag2205/third_party/flatbuffers/include/flatbuffers/vector_downward.h:164:12:uint8_t* flatbuffers::vector_downward::data() const	8	static
./library/inference/tflmtag2209_u55tag2205/third_party/flatbuffers/include/flatbuffers/flatbuffer_builder.h:224:8:void flatbuffers::FlatBufferBuilder::Finished() const	8	static
./library/inference/tflmtag2209_u55tag2205/third_party/flatbuffers/include/flatbuffers/flatbuffer_builder.h:332:8:void flatbuffers::FlatBufferBuilder::NotNested()	8	static
./library/inference/tflmtag2209_u55tag2205/third_party/flatbuffers/include/flatbuffers/flatbuffer_builder.h:323:13:flatbuffers::uoffset_t flatbuffers::FlatBufferBuilder::ReferTo(flatbuffers::uoffset_t)	8	static
./library/inference/tflmtag2209_u55tag2205/third_party/flatbuffers/include/flatbuffers/flatbuffer_builder.h:586:13:flatbuffers::uoffset_t flatbuffers::FlatBufferBuilder::EndVector(size_t)	8	static
library/inference/tflmtag2209_u55tag2205/tensorflow/lite/micro/test_helpers.cc:1540:14:static TfLiteStatus tflite::testing::NoOp::Prepare(TfLiteContext*, TfLiteNode*)	0	static
library/inference/tflmtag2209_u55tag2205/tensorflow/lite/micro/test_helpers.cc:76:33:flatbuffers::FlatBufferBuilder* tflite::testing::{anonymous}::BuilderInstance()	24	static
./library/inference/tflmtag2209_u55tag2205/third_party/flatbuffers/include/flatbuffers/allocator.h:41:20:virtual uint8_t* flatbuffers::Allocator::reallocate_downward(uint8_t*, size_t, size_t, size_t, size_t)	32	static
library/inference/tflmtag2209_u55tag2205/tensorflow/lite/micro/test_helpers.cc:1544:14:static TfLiteStatus tflite::testing::NoOp::Invoke(TfLiteContext*, TfLiteNode*)	0	static
library/inference/tflmtag2209_u55tag2205/tensorflow/lite/micro/test_helpers.cc:1488:14:static TfLiteStatus tflite::testing::MultipleInputs::Prepare(TfLiteContext*, TfLiteNode*)	0	static
./library/inference/tflmtag2209_u55tag2205/third_party/flatbuffers/include/flatbuffers/vector_downward.h:135:10:size_t flatbuffers::vector_downward::ensure_space(size_t)	48	static
./library/inference/tflmtag2209_u55tag2205/third_party/flatbuffers/include/flatbuffers/flatbuffer_builder.h:357:13:flatbuffers::uoffset_t flatbuffers::FlatBufferBuilder::EndTable(flatbuffers::uoffset_t)	48	static
./library/inference/tflmtag2209_u55tag2205/third_party/flatbuffers/include/flatbuffers/flatbuffer_builder.h:472:18:flatbuffers::Offset<flatbuffers::String> flatbuffers::FlatBufferBuilder::CreateString(const char*)	24	static
./library/inference/tflmtag2209_u55tag2205/third_party/flatbuffers/include/flatbuffers/flatbuffer_builder.h:1114:8:void flatbuffers::FlatBufferBuilder::Finish(flatbuffers::uoffset_t, const char*, bool)	32	static
./library/inference/tflmtag2209_u55tag2205/tensorflow/lite/kernels/op_macros.h:24:13:void AbortImpl()	8	static
library/inference/tflmtag2209_u55tag2205/tensorflow/lite/micro/test_helpers.cc:1335:7:static void* tflite::testing::SimpleStatefulOp::Init(TfLiteContext*, const char*, size_t)	8	static
library/inference/tflmtag2209_u55tag2205/tensorflow/lite/micro/test_helpers.cc:1426:7:static void* tflite::testing::MockCustom::Init(TfLiteContext*, const char*, size_t)	8	static
library/inference/tflmtag2209_u55tag2205/tensorflow/lite/micro/test_helpers.cc:1474:7:static void* tflite::testing::MultipleInputs::Init(TfLiteContext*, const char*, size_t)	8	static
library/inference/tflmtag2209_u55tag2205/tensorflow/lite/micro/test_helpers.cc:1529:7:static void* tflite::testing::NoOp::Init(TfLiteContext*, const char*, size_t)	8	static
library/inference/tflmtag2209_u55tag2205/tensorflow/lite/micro/test_helpers.cc:49:12:virtual uint8_t* tflite::testing::{anonymous}::StackAllocator::allocate(size_t)	8	static
./library/inference/tflmtag2209_u55tag2205/tensorflow/lite/schema/schema_generated.h:4233:52:flatbuffers::Offset<tflite::QuantizationParameters> tflite::CreateQuantizationParameters(flatbuffers::FlatBufferBuilder&, flatbuffers::Offset<flatbuffers::Vector<float> >, flatbuffers::Offset<flatbuffers::Vector<float> >, flatbuffers::Offset<flatbuffers::Vector<float> >, flatbuffers::Offset<flatbuffers::Vector<long long int> >, QuantizationDetails, flatbuffers::Offset<void>, int32_t)	56	static
./library/inference/tflmtag2209_u55tag2205/tensorflow/lite/schema/schema_generated.h:4937:36:flatbuffers::Offset<tflite::Tensor> tflite::CreateTensor(flatbuffers::FlatBufferBuilder&, flatbuffers::Offset<flatbuffers::Vector<long int> >, TensorType, uint32_t, flatbuffers::Offset<flatbuffers::String>, flatbuffers::Offset<QuantizationParameters>, bool, flatbuffers::Offset<SparsityParameters>, flatbuffers::Offset<flatbuffers::Vector<long int> >, bool, flatbuffers::Offset<flatbuffers::Vector<flatbuffers::Offset<VariantSubType> > >)	48	static
./library/inference/tflmtag2209_u55tag2205/tensorflow/lite/schema/schema_generated.h:11618:42:flatbuffers::Offset<tflite::OperatorCode> tflite::CreateOperatorCodeDirect(flatbuffers::FlatBufferBuilder&, int8_t, const char*, int32_t, BuiltinOperator)	40	static
./library/inference/tflmtag2209_u55tag2205/tensorflow/lite/schema/schema_generated.h:12616:38:flatbuffers::Offset<tflite::Operator> tflite::CreateOperator(flatbuffers::FlatBufferBuilder&, uint32_t, flatbuffers::Offset<flatbuffers::Vector<long int> >, flatbuffers::Offset<flatbuffers::Vector<long int> >, BuiltinOptions, flatbuffers::Offset<void>, flatbuffers::Offset<flatbuffers::Vector<unsigned char> >, CustomOptionsFormat, flatbuffers::Offset<flatbuffers::Vector<unsigned char> >, flatbuffers::Offset<flatbuffers::Vector<long int> >)	48	static
./library/inference/tflmtag2209_u55tag2205/tensorflow/lite/schema/schema_generated.h:12760:38:flatbuffers::Offset<tflite::SubGraph> tflite::CreateSubGraph(flatbuffers::FlatBufferBuilder&, flatbuffers::Offset<flatbuffers::Vector<flatbuffers::Offset<Tensor> > >, flatbuffers::Offset<flatbuffers::Vector<long int> >, flatbuffers::Offset<flatbuffers::Vector<long int> >, flatbuffers::Offset<flatbuffers::Vector<flatbuffers::Offset<Operator> > >, flatbuffers::Offset<flatbuffers::String>)	48	static
./library/inference/tflmtag2209_u55tag2205/tensorflow/lite/schema/schema_generated.h:12842:36:flatbuffers::Offset<tflite::Buffer> tflite::CreateBuffer(flatbuffers::FlatBufferBuilder&, flatbuffers::Offset<flatbuffers::Vector<unsigned char> >)	24	static
./library/inference/tflmtag2209_u55tag2205/tensorflow/lite/schema/schema_generated.h:13244:35:flatbuffers::Offset<tflite::Model> tflite::CreateModel(flatbuffers::FlatBufferBuilder&, uint32_t, flatbuffers::Offset<flatbuffers::Vector<flatbuffers::Offset<OperatorCode> > >, flatbuffers::Offset<flatbuffers::Vector<flatbuffers::Offset<SubGraph> > >, flatbuffers::Offset<flatbuffers::String>, flatbuffers::Offset<flatbuffers::Vector<flatbuffers::Offset<Buffer> > >, flatbuffers::Offset<flatbuffers::Vector<long int> >, flatbuffers::Offset<flatbuffers::Vector<flatbuffers::Offset<Metadata> > >, flatbuffers::Offset<flatbuffers::Vector<flatbuffers::Offset<SignatureDef> > >)	48	static
library/inference/tflmtag2209_u55tag2205/tensorflow/lite/micro/test_helpers.cc:1323:27:static const TfLiteRegistration* tflite::testing::SimpleStatefulOp::getRegistration()	0	static
library/inference/tflmtag2209_u55tag2205/tensorflow/lite/micro/test_helpers.cc:1327:21:static TfLiteRegistration* tflite::testing::SimpleStatefulOp::GetMutableRegistration()	0	static
library/inference/tflmtag2209_u55tag2205/tensorflow/lite/micro/test_helpers.cc:1413:27:static const TfLiteRegistration* tflite::testing::MockCustom::getRegistration()	24	static
library/inference/tflmtag2209_u55tag2205/tensorflow/lite/micro/test_helpers.cc:1417:21:static TfLiteRegistration* tflite::testing::MockCustom::GetMutableRegistration()	24	static
library/inference/tflmtag2209_u55tag2205/tensorflow/lite/micro/test_helpers.cc:1461:27:static const TfLiteRegistration* tflite::testing::MultipleInputs::getRegistration()	24	static
library/inference/tflmtag2209_u55tag2205/tensorflow/lite/micro/test_helpers.cc:1465:21:static TfLiteRegistration* tflite::testing::MultipleInputs::GetMutableRegistration()	24	static
library/inference/tflmtag2209_u55tag2205/tensorflow/lite/micro/test_helpers.cc:1516:27:static const TfLiteRegistration* tflite::testing::NoOp::getRegistration()	24	static
library/inference/tflmtag2209_u55tag2205/tensorflow/lite/micro/test_helpers.cc:1520:21:static TfLiteRegistration* tflite::testing::NoOp::GetMutableRegistration()	24	static
library/inference/tflmtag2209_u55tag2205/tensorflow/lite/micro/test_helpers.cc:1550:16:tflite::AllOpsResolver tflite::testing::GetOpResolver()	128	static
library/inference/tflmtag2209_u55tag2205/tensorflow/lite/micro/test_helpers.cc:1730:1:const flatbuffers::Vector<flatbuffers::Offset<tflite::Buffer> >* tflite::testing::CreateFlatbufferBuffers()	24	static
library/inference/tflmtag2209_u55tag2205/tensorflow/lite/micro/test_helpers.cc:1747:5:int tflite::testing::TestStrcmp(const char*, const char*)	0	static
library/inference/tflmtag2209_u55tag2205/tensorflow/lite/micro/test_helpers.cc:1760:6:)	12	static
library/inference/tflmtag2209_u55tag2205/tensorflow/lite/micro/test_helpers.cc:1772:17:TfLiteIntArray* tflite::testing::IntArrayFromInts(int*)	0	static
library/inference/tflmtag2209_u55tag2205/tensorflow/lite/micro/test_helpers.cc:1778:19:TfLiteFloatArray* tflite::testing::FloatArrayFromFloats(const float*)	0	static
library/inference/tflmtag2209_u55tag2205/tensorflow/lite/micro/test_helpers.cc:1786:14:TfLiteTensor tflite::testing::CreateQuantizedBiasTensor(const float*, int16_t*, TfLiteIntArray*, float, float, bool)	56	static
library/inference/tflmtag2209_u55tag2205/tensorflow/lite/micro/test_helpers.cc:1880:14:TfLiteTensor tflite::testing::CreateSymmetricPerChannelQuantizedTensor(const float*, int8_t*, TfLiteIntArray*, float*, int*, TfLiteAffineQuantization*, int, bool)	48	static
library/inference/tflmtag2209_u55tag2205/tensorflow/lite/micro/test_helpers.cc:1904:8:size_t tflite::testing::GetModelTensorCount(const tflite::Model*)	8	static
./library/inference/tflmtag2209_u55tag2205/third_party/flatbuffers/include/flatbuffers/flatbuffer_builder.h:626:42:flatbuffers::Offset<flatbuffers::Vector<U> > flatbuffers::FlatBufferBuilder::CreateVector(const T*, size_t) [with T = long int]	32	static
library/inference/tflmtag2209_u55tag2205/tensorflow/lite/micro/test_helpers.cc:1665:15:const tflite::Tensor* tflite::testing::Create1dFlatbufferTensor(int, bool)	64	static
library/inference/tflmtag2209_u55tag2205/tensorflow/lite/micro/test_helpers.cc:1680:15:const tflite::Tensor* tflite::testing::CreateQuantizedFlatbufferTensor(int)	80	static
library/inference/tflmtag2209_u55tag2205/tensorflow/lite/micro/test_helpers.cc:1711:15:const tflite::Tensor* tflite::testing::CreateMissingQuantizationFlatbufferTensor(int)	64	static
library/inference/tflmtag2209_u55tag2205/tensorflow/lite/micro/test_helpers.cc:259:22:tflite::testing::{anonymous}::ModelBuilder::Tensor tflite::testing::{anonymous}::ModelBuilder::AddTensorImpl(tflite::TensorType, bool, std::initializer_list<long int>)	56	static
library/inference/tflmtag2209_u55tag2205/tensorflow/lite/micro/test_helpers.cc:166:20:tflite::testing::{anonymous}::ModelBuilder::Node tflite::testing::{anonymous}::ModelBuilder::AddNode(Operator, std::initializer_list<long int>, std::initializer_list<long int>, std::initializer_list<long int>)	64	static
./library/inference/tflmtag2209_u55tag2205/third_party/flatbuffers/include/flatbuffers/flatbuffer_builder.h:670:29:flatbuffers::Offset<flatbuffers::Vector<flatbuffers::Offset<T> > > flatbuffers::FlatBufferBuilder::CreateVector(const flatbuffers::Offset<T>*, size_t) [with T = tflite::Tensor]	48	static
./library/inference/tflmtag2209_u55tag2205/third_party/flatbuffers/include/flatbuffers/flatbuffer_builder.h:670:29:flatbuffers::Offset<flatbuffers::Vector<flatbuffers::Offset<T> > > flatbuffers::FlatBufferBuilder::CreateVector(const flatbuffers::Offset<T>*, size_t) [with T = tflite::Operator]	48	static
./library/inference/tflmtag2209_u55tag2205/third_party/flatbuffers/include/flatbuffers/flatbuffer_builder.h:670:29:flatbuffers::Offset<flatbuffers::Vector<flatbuffers::Offset<T> > > flatbuffers::FlatBufferBuilder::CreateVector(const flatbuffers::Offset<T>*, size_t) [with T = tflite::OperatorCode]	48	static
./library/inference/tflmtag2209_u55tag2205/third_party/flatbuffers/include/flatbuffers/flatbuffer_builder.h:670:29:flatbuffers::Offset<flatbuffers::Vector<flatbuffers::Offset<T> > > flatbuffers::FlatBufferBuilder::CreateVector(const flatbuffers::Offset<T>*, size_t) [with T = tflite::SubGraph]	48	static
./library/inference/tflmtag2209_u55tag2205/third_party/flatbuffers/include/flatbuffers/flatbuffer_builder.h:670:29:flatbuffers::Offset<flatbuffers::Vector<flatbuffers::Offset<T> > > flatbuffers::FlatBufferBuilder::CreateVector(const flatbuffers::Offset<T>*, size_t) [with T = tflite::Buffer]	48	static
library/inference/tflmtag2209_u55tag2205/tensorflow/lite/micro/test_helpers.cc:198:14:const tflite::Model* tflite::testing::{anonymous}::ModelBuilder::BuildModel(std::initializer_list<long int>, std::initializer_list<long int>, size_t)	152	static
library/inference/tflmtag2209_u55tag2205/tensorflow/lite/micro/test_helpers.cc:485:14:const tflite::Model* tflite::testing::{anonymous}::BuildModelWith256x256Tensor()	656	static
library/inference/tflmtag2209_u55tag2205/tensorflow/lite/micro/test_helpers.cc:1578:14:const tflite::Model* tflite::testing::GetModelWith256x256Tensor()	8	static
library/inference/tflmtag2209_u55tag2205/tensorflow/lite/micro/test_helpers.cc:293:14:const tflite::Model* tflite::testing::{anonymous}::BuildSimpleModelWithBranch()	688	static
library/inference/tflmtag2209_u55tag2205/tensorflow/lite/micro/test_helpers.cc:1639:14:const tflite::Model* tflite::testing::GetSimpleModelWithBranch()	8	static
library/inference/tflmtag2209_u55tag2205/tensorflow/lite/micro/test_helpers.cc:333:14:const tflite::Model* tflite::testing::{anonymous}::BuildModelWithOfflinePlanning(int, const int32_t*, tflite::testing::NodeConnection*, int, int)	640	static
library/inference/tflmtag2209_u55tag2205/tensorflow/lite/micro/test_helpers.cc:1647:14:const tflite::Model* tflite::testing::GetModelWithOfflinePlanning(int, const int32_t*, NodeConnection*, int, int)	0	static
library/inference/tflmtag2209_u55tag2205/tensorflow/lite/micro/test_helpers.cc:271:14:const tflite::Model* tflite::testing::{anonymous}::BuildSimpleStatefulModel()	664	static
library/inference/tflmtag2209_u55tag2205/tensorflow/lite/micro/test_helpers.cc:1657:14:const tflite::Model* tflite::testing::GetSimpleStatefulModel()	8	static
library/inference/tflmtag2209_u55tag2205/tensorflow/lite/micro/test_helpers.cc:1562:14:const tflite::Model* tflite::testing::GetModelWithUnusedInputs()	128	static
library/inference/tflmtag2209_u55tag2205/tensorflow/lite/micro/test_helpers.cc:1570:14:const tflite::Model* tflite::testing::GetModelWithUnusedOperatorOutputs()	112	static
library/inference/tflmtag2209_u55tag2205/tensorflow/lite/micro/test_helpers.cc:1583:14:const tflite::Model* tflite::testing::GetSimpleMockModel()	152	static
library/inference/tflmtag2209_u55tag2205/tensorflow/lite/micro/test_helpers.cc:1591:14:const tflite::Model* tflite::testing::GetSimpleMultipleInputsModel()	144	static
library/inference/tflmtag2209_u55tag2205/tensorflow/lite/micro/test_helpers.cc:1599:14:const tflite::Model* tflite::testing::GetSimpleModelWithSubgraphsAndIf()	208	static
library/inference/tflmtag2209_u55tag2205/tensorflow/lite/micro/test_helpers.cc:1607:14:const tflite::Model* tflite::testing::GetSimpleModelWithSubgraphsAndWhile()	184	static
library/inference/tflmtag2209_u55tag2205/tensorflow/lite/micro/test_helpers.cc:1615:14:const tflite::Model* tflite::testing::GetModelWithIfAndSubgraphInputTensorOverlap()	232	static
library/inference/tflmtag2209_u55tag2205/tensorflow/lite/micro/test_helpers.cc:1623:14:const tflite::Model* tflite::testing::GetSimpleModelWithNullInputsAndOutputs()	112	static
library/inference/tflmtag2209_u55tag2205/tensorflow/lite/micro/test_helpers.cc:1631:14:const tflite::Model* tflite::testing::GetComplexMockModel()	192	static
./library/inference/tflmtag2209_u55tag2205/tensorflow/lite/micro/micro_utils.h:52:3:T tflite::FloatToSymmetricQuantizedType(float, float) [with T = long int]	8	static
library/inference/tflmtag2209_u55tag2205/tensorflow/lite/micro/test_helpers.cc:1800:14:TfLiteTensor tflite::testing::CreateQuantizedBiasTensor(const float*, int32_t*, TfLiteIntArray*, float, float, bool)	40	static
library/inference/tflmtag2209_u55tag2205/tensorflow/lite/micro/test_helpers.cc:1860:14:TfLiteTensor tflite::testing::CreatePerChannelQuantizedBiasTensor(const float*, int32_t*, TfLiteIntArray*, float, float*, float*, int*, TfLiteAffineQuantization*, int, bool)	72	static
./library/inference/tflmtag2209_u55tag2205/tensorflow/lite/micro/micro_utils.h:52:3:T tflite::FloatToSymmetricQuantizedType(float, float) [with T = long long int]	8	static
library/inference/tflmtag2209_u55tag2205/tensorflow/lite/micro/test_helpers.cc:1814:14:TfLiteTensor tflite::testing::CreateQuantizedBiasTensor(const float*, int64_t*, TfLiteIntArray*, float, float, bool)	40	static
library/inference/tflmtag2209_u55tag2205/tensorflow/lite/micro/test_helpers.cc:1870:14:TfLiteTensor tflite::testing::CreatePerChannelQuantizedBiasTensor(const float*, int64_t*, TfLiteIntArray*, float, float*, float*, int*, TfLiteAffineQuantization*, int, bool)	72	static
