trustzone/tz_cfg/trustzone_cfg.c:1297:6:TZ_PPC_DWC_CB	0	static
trustzone/tz_cfg/trustzone_cfg.c:1303:6:TZ_PPC_ISP_CB	0	static
trustzone/tz_cfg/trustzone_cfg.c:1309:6:TZ_PPC_AHB3_CB	0	static
trustzone/tz_cfg/trustzone_cfg.c:1315:6:TZ_PPC_AHB1M4_CB	0	static
trustzone/tz_cfg/trustzone_cfg.c:1321:6:TZ_PPC_APB0NS_CB	0	static
trustzone/tz_cfg/trustzone_cfg.c:1327:6:TZ_PPC_APB0PS_CB	0	static
trustzone/tz_cfg/trustzone_cfg.c:1333:6:TZ_PPC_APB1NS_CB	0	static
trustzone/tz_cfg/trustzone_cfg.c:1339:6:TZ_PPC_APB1PS_CB	0	static
trustzone/tz_cfg/trustzone_cfg.c:1345:6:TZ_PPC_APB2_CB	0	static
trustzone/tz_cfg/trustzone_cfg.c:1358:6:TZ_PPC_APB1_AON_CB	0	static
trustzone/tz_cfg/trustzone_cfg.c:1365:6:TZ_DMA0_MSC_CB	0	static
trustzone/tz_cfg/trustzone_cfg.c:1371:6:TZ_DMA1_MSC_CB	0	static
trustzone/tz_cfg/trustzone_cfg.c:1377:6:TZ_DMA2M1_MSC_CB	0	static
trustzone/tz_cfg/trustzone_cfg.c:1383:6:TZ_DMA2M2_MSC_CB	0	static
trustzone/tz_cfg/trustzone_cfg.c:1389:6:TZ_DMA3M1_MSC_CB	0	static
trustzone/tz_cfg/trustzone_cfg.c:1395:6:TZ_DMA3M2_MSC_CB	0	static
trustzone/tz_cfg/trustzone_cfg.c:1403:6:TZ_DPDMA_MSC_CB	0	static
trustzone/tz_cfg/trustzone_cfg.c:1411:6:TZ_I3CH_MSC_CB	0	static
trustzone/tz_cfg/trustzone_cfg.c:1419:6:TZ_SDIO_MSC_CB	0	static
trustzone/tz_cfg/trustzone_cfg.c:1427:6:TZ_U55M0_MSC_CB	0	static
trustzone/tz_cfg/trustzone_cfg.c:1433:6:TZ_U55M1_MSC_CB	0	static
trustzone/tz_cfg/trustzone_cfg.c:1441:6:TZ_MPC_SRAM0_CB	0	static
trustzone/tz_cfg/trustzone_cfg.c:1448:6:TZ_MPC_SRAM1_CB	0	static
trustzone/tz_cfg/trustzone_cfg.c:1455:6:TZ_MPC_SRAM2_CB	0	static
trustzone/tz_cfg/trustzone_cfg.c:1462:6:TZ_MPC_FLASH1_CB	0	static
trustzone/tz_cfg/trustzone_cfg.c:1469:6:TZ_MPC_FLASH2_CB	0	static
trustzone/tz_cfg/trustzone_cfg.c:1150:7:TZ_SAU_Setup	4	static
trustzone/tz_cfg/trustzone_cfg.c:1351:6:TZ_PPC_BOOTROM_CB	0	static
trustzone/tz_cfg/trustzone_cfg.c:1477:6:TZ_set_U55M0MSC	8	static
trustzone/tz_cfg/trustzone_cfg.c:1493:6:TZ_set_U55M1MSC	8	static
trustzone/tz_cfg/trustzone_cfg.c:1509:6:TZ_set_DPDMAMSC	8	static
trustzone/tz_cfg/trustzone_cfg.c:1524:6:TZ_set_DMA0MSC	8	static
trustzone/tz_cfg/trustzone_cfg.c:1539:6:TZ_set_DMA1MSC	8	static
trustzone/tz_cfg/trustzone_cfg.c:1554:6:TZ_set_DMA2MSC	16	static
trustzone/tz_cfg/trustzone_cfg.c:1578:6:TZ_set_DMA3MSC	16	static
trustzone/tz_cfg/trustzone_cfg.c:1602:6:TZ_set_I3CHMSC	8	static
trustzone/tz_cfg/trustzone_cfg.c:1618:6:TZ_set_SDIOMSC	8	static
trustzone/tz_cfg/trustzone_cfg.c:1633:6:TZ_mpc_register	256	static
trustzone/tz_cfg/trustzone_cfg.c:1692:6:TZ_Set_ALL_Secure	320	static
trustzone/tz_cfg/trustzone_cfg.c:1991:6:TZ_Set_ITS_byIRQNo	0	static
trustzone/tz_cfg/trustzone_cfg.c:2004:6:TZ_Set_ITNS_byIRQNo	0	static
trustzone/tz_cfg/trustzone_cfg.c:2018:6:TZ_Set_Secure_ByCFG	328	static
