device/WE2_core.c:94:6:EPII_set_reg	0	static
device/WE2_core.c:98:14:EPII_get_reg	0	static
device/WE2_core.c:115:6:EPII_Get_Systemclock	0	static
device/WE2_core.c:123:6:SVC_Handler_Main_CORE	0	static
device/WE2_core.c:143:6:SVC_Handler	0	static
device/WE2_core.c:157:6:EPII_QSPIXIP_MEM_Attribute_S	4	static
device/WE2_core.c:183:13:EPII_OSPIXIP_MEM_Attribute_S	4	static
device/WE2_core.c:209:6:EPII_QSPIXIP_MEM_Attribute_NS	4	static
device/WE2_core.c:236:13:EPII_OSPIXIP_MEM_Attribute_NS	4	static
device/WE2_core.c:265:13:EPII_MPU_Enable	0	static
device/WE2_core.c:280:13:EPII_MPU_Enable_NS	0	static
device/WE2_core.c:301:6:EPII_Get_MPU_Region_S	0	static
device/WE2_core.c:312:6:EPII_Get_MPU_Region_NS	0	static
device/WE2_core.c:326:6:EPII_Get_ITCM_Size	0	static
device/WE2_core.c:335:6:EPII_Set_ITCM_En	0	static
device/WE2_core.c:344:6:EPII_Get_ITCM_En	0	static
device/WE2_core.c:353:6:EPII_Set_ITGU_Err_En	0	static
device/WE2_core.c:364:6:EPII_Get_ITGU_Err_En	0	static
device/WE2_core.c:374:6:EPII_Get_ITGU_CFG	4	static
device/WE2_core.c:389:6:EPII_Set_ITGU_LUT	4	static
device/WE2_core.c:397:6:EPII_Get_ITGU_LUT	0	static
device/WE2_core.c:406:6:EPII_Get_DTCM_Size	0	static
device/WE2_core.c:415:6:EPII_Set_DTCM_En	0	static
device/WE2_core.c:424:6:EPII_Get_DTCM_En	0	static
device/WE2_core.c:433:6:EPII_Set_DTGU_Err_En	0	static
device/WE2_core.c:444:6:EPII_Get_DTGU_Err_En	0	static
device/WE2_core.c:454:6:EPII_Get_DTGU_CFG	4	static
device/WE2_core.c:469:6:EPII_Set_DTGU_LUT	4	static
device/WE2_core.c:477:6:EPII_Get_DTGU_LUT	0	static
device/WE2_core.c:486:6:EPII_Set_Systick_load	0	static
device/WE2_core.c:496:6:EPII_Get_Systick_load	0	static
device/WE2_core.c:505:6:EPII_Get_Systick_val	0	static
device/WE2_core.c:514:13:EPII_Set_Systick_enable	0	static
device/WE2_core.c:530:24:EPII_Set_CPU_Mode	0	static
device/WE2_core.c:560:13:EPII_Get_CPU_Mode	0	static
device/WE2_core.c:572:24:EPII_Set_Stack_Sel	0	static
device/WE2_core.c:606:13:EPII_Get_Stack_Sel	0	static
device/WE2_core.c:618:13:EPII_NVIC_SetVector	8	static
device/WE2_core.c:639:6:hx_set_memory	0	static
device/WE2_core.c:643:14:hx_get_memory	0	static
device/WE2_core.c:649:6:EPII_cpu_nop_us	16	static
device/WE2_core.c:680:13:hx_enable_ICache	0	static
device/WE2_core.c:712:13:hx_enable_DCache	12	static
device/WE2_core.c:744:13:hx_CleanDCache_by_Addr	4	static
device/WE2_core.c:781:13:hx_InvalidateDCache_by_Addr	4	static
device/WE2_core.c:812:13:hx_InvalidateICache_by_Addr	4	static
device/WE2_core.c:848:13:hx_CleanInvalidateDCache_by_Addr	4	static
