device/clib/gnu/os/freertos/retarget_newlib.c:22:13:Error_Handler	0	static
/home/tobyntobyn/arm-gnu-toolchain-13.2.Rel1-x86_64-arm-none-eabi/arm-none-eabi/include/sys/lock.h:41:13:__retarget_lock_init	8	static
/home/tobyntobyn/arm-gnu-toolchain-13.2.Rel1-x86_64-arm-none-eabi/arm-none-eabi/include/sys/lock.h:43:13:__retarget_lock_init_recursive	8	static
/home/tobyntobyn/arm-gnu-toolchain-13.2.Rel1-x86_64-arm-none-eabi/arm-none-eabi/include/sys/lock.h:45:13:__retarget_lock_close	0	static
/home/tobyntobyn/arm-gnu-toolchain-13.2.Rel1-x86_64-arm-none-eabi/arm-none-eabi/include/sys/lock.h:47:13:__retarget_lock_close_recursive	0	static
/home/tobyntobyn/arm-gnu-toolchain-13.2.Rel1-x86_64-arm-none-eabi/arm-none-eabi/include/sys/lock.h:49:13:__retarget_lock_acquire	8	static
/home/tobyntobyn/arm-gnu-toolchain-13.2.Rel1-x86_64-arm-none-eabi/arm-none-eabi/include/sys/lock.h:51:13:__retarget_lock_acquire_recursive	8	static
/home/tobyntobyn/arm-gnu-toolchain-13.2.Rel1-x86_64-arm-none-eabi/arm-none-eabi/include/sys/lock.h:53:12:__retarget_lock_try_acquire	8	static
/home/tobyntobyn/arm-gnu-toolchain-13.2.Rel1-x86_64-arm-none-eabi/arm-none-eabi/include/sys/lock.h:55:12:__retarget_lock_try_acquire_recursive	8	static
/home/tobyntobyn/arm-gnu-toolchain-13.2.Rel1-x86_64-arm-none-eabi/arm-none-eabi/include/sys/lock.h:58:13:__retarget_lock_release	8	static
/home/tobyntobyn/arm-gnu-toolchain-13.2.Rel1-x86_64-arm-none-eabi/arm-none-eabi/include/sys/lock.h:60:13:__retarget_lock_release_recursive	8	static
device/clib/gnu/os/freertos/retarget_newlib.c:188:6:__malloc_lock	8	static
device/clib/gnu/os/freertos/retarget_newlib.c:198:6:__malloc_unlock	8	static
device/clib/gnu/os/freertos/retarget_newlib.c:226:5:__cxa_guard_acquire	16	static
device/clib/gnu/os/freertos/retarget_newlib.c:262:6:__cxa_guard_abort	8	static
device/clib/gnu/os/freertos/retarget_newlib.c:283:6:__cxa_guard_release	8	static
