./library/inference/tflmtag2209_u55tag2205/third_party/flatbuffers/include/flatbuffers/flexbuffers.h:424:11:int64_t flexbuffers::Reference::AsInt64() const	32	static
./library/inference/tflmtag2209_u55tag2205/tensorflow/lite/kernels/op_macros.h:24:13:void AbortImpl()	8	static
library/inference/tflmtag2209_u55tag2205/tensorflow/lite/micro/kernels/ethos_u/ethosu.cc:35:7:void* tflite::{anonymous}::Init(TfLiteContext*, const char*, size_t)	8	static
library/inference/tflmtag2209_u55tag2205/tensorflow/lite/micro/kernels/ethos_u/ethosu.cc:40:14:TfLiteStatus tflite::{anonymous}::Prepare(TfLiteContext*, TfLiteNode*)	32	static
library/inference/tflmtag2209_u55tag2205/tensorflow/lite/micro/kernels/ethos_u/ethosu.cc:63:14:TfLiteStatus tflite::{anonymous}::Eval(TfLiteContext*, TfLiteNode*)	80	static
library/inference/tflmtag2209_u55tag2205/tensorflow/lite/micro/kernels/ethos_u/ethosu.cc:166:21:TfLiteRegistration* tflite::Register_ETHOSU()	24	static
library/inference/tflmtag2209_u55tag2205/tensorflow/lite/micro/kernels/ethos_u/ethosu.cc:171:13:const char* tflite::GetString_ETHOSU()	0	static
