09:51:44 **** Incremental Build of configuration Debug for project EPII_CM55M_APP_S ****
make all 
Choosing PROJECT_FOLDER='ww_projects' for our projects 
In ww130.mk TOOLCHAIN='gnu', SCENARIO_APP_ROOT='./app/ww_projects',  APP_TYPE='ww130_cli'
In ww130.mk LINKER_SCRIPT_FILE='./app/ww_projects/ww130_cli/ww130_cli.ld'
In ww130.mk CIS_SUPPORT_INAPP_MODEL='cis_ov5647' SCENARIO_APP_INCDIR=''
In ww.mk OUT_DIR=''
In ww.mk CIS_SUPPORT_INAPP='cis_sensor' SCENARIO_APP_INCDIR='./app/ww_projects  ./app/ww_projects/ww130_cli ./app/ww_projects/ww130_cli/cis_sensor/cis_ov5647'
using /NTZ/NTZ.mk
In os.mk OS_SEL='OS_FREERTOS_10_5_1' OS_ID='OS_FREERTOS_10_5_1' OS_DEFINES='-DconfigENABLE_MPU=0 -DFREERTOS -DFREERTOS_SECONLY -DOS_FREERTOS_10_5_1 -DENABLE_OS'
OSES_ROOT_DIR='./os/freertos_10_5_1' FREERTOS_OSHAL=''
In makefile APP_TYPE='ww130_cli' SCENARIO_APP_INCDIR='./app/ww_projects  ./app/ww_projects/ww130_cli ./app/ww_projects/ww130_cli/cis_sensor/cis_ov5647'
"Creating Directory    : " obj_epii_evb_icv30_bdv10/gnu_epii_evb_WLCSP65/app/ww_projects/ww130_cli
"Compiling             : " app/ww_projects/ww130_cli/freertos_app.c
arm-none-eabi-gcc -mthumb -mcpu=cortex-m55  -DARMCM55 -mfloat-abi=hard -c -ffunction-sections -fdata-sections -Wall   -fstack-usage -flax-vector-conversions  -mcmse      -O2 -g -DARM_MATH_DSP -DARM_MATH_LOOPUNROLL -DARM_MATH_MVEI -DCM55_BIG -DCMSIS_DRIVERS_SPI -DCMSIS_NN -DCOREV_0P9V -DDBG_MORE -DDEBUG -DENABLE_OS -DEPII_EVB -DETHOSU55 -DETHOSU_ARCH=u55 -DETHOSU_LOG_SEVERITY=ETHOSU_LOG_WARN -DETHOS_U -DFATFS_PORT_mmc_spi -DFREERTOS -DFREERTOS_SECONLY -DHM_COMMON -DIC_PACKAGE_WLCSP65 -DIC_VERSION=30 -DIP_2x2 -DIP_5x5 -DIP_INST_ADCC -DIP_INST_ADCC_HV -DIP_INST_AON_GPIO -DIP_INST_DMA0 -DIP_INST_DMA1 -DIP_INST_DMA2 -DIP_INST_DMA3 -DIP_INST_GPIO_G0 -DIP_INST_GPIO_G1 -DIP_INST_GPIO_G2 -DIP_INST_GPIO_G3 -DIP_INST_I2S_HOST -DIP_INST_I2S_SLAVE -DIP_INST_IIC_HOST -DIP_INST_IIC_HOST_MIPI -DIP_INST_IIC_HOST_SENSOR -DIP_INST_IIC_SLAVE0 -DIP_INST_IIC_SLAVE1 -DIP_INST_OSPI_HOST -DIP_INST_PWM0 -DIP_INST_PWM1 -DIP_INST_PWM2 -DIP_INST_QSPI_HOST -DIP_INST_RTC0 -DIP_INST_RTC1 -DIP_INST_RTC2 -DIP_INST_SB_GPIO -DIP_INST_SSPI_HOST -DIP_INST_SSPI_SLAVE -DIP_INST_TIMER0 -DIP_INST_TIMER1 -DIP_INST_TIMER2 -DIP_INST_TIMER3 -DIP_INST_TIMER4 -DIP_INST_TIMER5 -DIP_INST_TIMER6 -DIP_INST_TIMER7 -DIP_INST_TIMER8 -DIP_INST_UART0 -DIP_INST_UART1 -DIP_INST_UART2 -DIP_INST_WDT0 -DIP_INST_WDT1 -DIP_adcc -DIP_adcc_hv -DIP_cdm -DIP_csirx -DIP_csitx -DIP_dma -DIP_dp -DIP_edm -DIP_gpio -DIP_hxautoi2c_mst -DIP_i2s -DIP_i3c_mst -DIP_i3c_slv -DIP_iic -DIP_inp -DIP_inp1bitparser -DIP_inpovparser -DIP_isp -DIP_jpeg -DIP_mb -DIP_mpc -DIP_pdm -DIP_pmu -DIP_ppc -DIP_pwm -DIP_rtc -DIP_scu -DIP_sensorctrl -DIP_spi -DIP_swreg_aon -DIP_swreg_lsc -DIP_timer -DIP_tpg -DIP_u55 -DIP_uart -DIP_vad -DIP_watchdog -DIP_xdma -DLIB_CMSIS_NN -DLIB_COMMON -DLIB_I2C_COMM -DLIB_PWRMGMT -DLIB_QSPI_EEPROM -DLIB_SENSORDP -DLIB_SPI_EEPROM -DLIB_SPI_PTL -DMID_FATFS -DOS_FREERTOS_10_5_1 -DSPI_EEPROM_USE_WB_25Q128JW_INST_ -DTFLM2209_U55TAG2205 -DTF_LITE_MCU_DEBUG_LOG -DTF_LITE_STATIC_MEMORY -DTRUSTZONE -DTRUSTZONE_CFG -DTRUSTZONE_SEC -DTRUSTZONE_SEC_ONLY -DWW130_CLI -D__GNU__ -D__NEWLIB__ -DconfigENABLE_MPU=0 -Dseeed -I./CMSIS -I./CMSIS/Driver/Include -I./app -I./app/ww_projects -I./app/ww_projects/ww130_cli -I./app/ww_projects/ww130_cli/cis_sensor/cis_ov5647 -I./board -I./board/epii_evb -I./board/epii_evb/config -I./cmsis_drivers/SPI -I./customer/sec_inc/seeed -I./device -I./device/clib -I./device/inc -I./drivers -I./drivers/2x2 -I./drivers/5x5 -I./drivers/adcc -I./drivers/adcc_hv -I./drivers/cdm -I./drivers/csirx -I./drivers/csitx -I./drivers/dma -I./drivers/dp -I./drivers/edm -I./drivers/gpio -I./drivers/hxautoi2c_mst -I./drivers/i2s -I./drivers/i3c_mst -I./drivers/i3c_slv -I./drivers/iic -I./drivers/inc -I./drivers/inp -I./drivers/inp1bitparser -I./drivers/inpovparser -I./drivers/isp -I./drivers/jpeg -I./drivers/mb -I./drivers/mpc -I./drivers/pdm -I./drivers/pmu -I./drivers/ppc -I./drivers/pwm -I./drivers/rtc -I./drivers/scu -I./drivers/seconly_inc -I./drivers/sensorctrl -I./drivers/spi -I./drivers/swreg_aon -I./drivers/swreg_lsc -I./drivers/timer -I./drivers/tpg -I./drivers/u55 -I./drivers/uart -I./drivers/vad -I./drivers/watchdog -I./drivers/xdma -I./external -I./external/cis/ -I./external/cis/hm_common -I./external/inc -I./interface -I./library/cmsis_nn/cmsis_nn -I./library/cmsis_nn/cmsis_nn/Include -I./library/common -I./library/i2c_comm -I./library/inference/tflmtag2209_u55tag2205 -I./library/inference/tflmtag2209_u55tag2205/tensorflow/lite -I./library/inference/tflmtag2209_u55tag2205/tensorflow/lite/c -I./library/inference/tflmtag2209_u55tag2205/tensorflow/lite/core/api -I./library/inference/tflmtag2209_u55tag2205/tensorflow/lite/kernels -I./library/inference/tflmtag2209_u55tag2205/tensorflow/lite/kernels/internal -I./library/inference/tflmtag2209_u55tag2205/tensorflow/lite/kernels/internal/reference -I./library/inference/tflmtag2209_u55tag2205/tensorflow/lite/micro -I./library/inference/tflmtag2209_u55tag2205/tensorflow/lite/micro/kernels -I./library/inference/tflmtag2209_u55tag2205/tensorflow/lite/schema -I./library/inference/tflmtag2209_u55tag2205/third_party -I./library/inference/tflmtag2209_u55tag2205/third_party/ethos_u_core_driver/include -I./library/inference/tflmtag2209_u55tag2205/third_party/flatbuffers/include -I./library/inference/tflmtag2209_u55tag2205/third_party/gemmlowp -I./library/inference/tflmtag2209_u55tag2205/third_party/ruy -I./library/pwrmgmt -I./library/pwrmgmt/seconly_inc -I./library/sensordp/inc -I./library/sensordp/internal_inc -I./library/spi_eeprom -I./library/spi_eeprom/eeprom_param -I./library/spi_ptl -I./middleware/fatfs/port/mmc_spi -I./middleware/fatfs/source -I./os/freertos_10_5_1/NTZ/config -I./os/freertos_10_5_1/NTZ/freertos_kernel/include -I./os/freertos_10_5_1/NTZ/freertos_kernel/portable -I./os/freertos_10_5_1/NTZ/freertos_kernel/portable/GCC/ARM_CM55_NTZ/non_secure -I./os/freertos_10_5_1/NTZ/freertos_kernel/portable/MemMang -I./trustzone/tz_cfg -fmacro-prefix-map="../obj_epii_evb_icv30_bdv10/gnu_epii_evb_WLCSP65/app/ww_projects/ww130_cli/"=. -MMD -MP -MF"obj_epii_evb_icv30_bdv10/gnu_epii_evb_WLCSP65/app/ww_projects/ww130_cli/freertos_app.d" -MT"obj_epii_evb_icv30_bdv10/gnu_epii_evb_WLCSP65/app/ww_projects/ww130_cli/freertos_app.o" -MT"obj_epii_evb_icv30_bdv10/gnu_epii_evb_WLCSP65/app/ww_projects/ww130_cli/freertos_app.d" -std=gnu11 -o "obj_epii_evb_icv30_bdv10/gnu_epii_evb_WLCSP65/app/ww_projects/ww130_cli/freertos_app.o" "app/ww_projects/ww130_cli/freertos_app.c"
"Compiling             : " app/ww_projects/ww130_cli/CLI-FATFS-commands.c
arm-none-eabi-gcc -mthumb -mcpu=cortex-m55  -DARMCM55 -mfloat-abi=hard -c -ffunction-sections -fdata-sections -Wall   -fstack-usage -flax-vector-conversions  -mcmse      -O2 -g -DARM_MATH_DSP -DARM_MATH_LOOPUNROLL -DARM_MATH_MVEI -DCM55_BIG -DCMSIS_DRIVERS_SPI -DCMSIS_NN -DCOREV_0P9V -DDBG_MORE -DDEBUG -DENABLE_OS -DEPII_EVB -DETHOSU55 -DETHOSU_ARCH=u55 -DETHOSU_LOG_SEVERITY=ETHOSU_LOG_WARN -DETHOS_U -DFATFS_PORT_mmc_spi -DFREERTOS -DFREERTOS_SECONLY -DHM_COMMON -DIC_PACKAGE_WLCSP65 -DIC_VERSION=30 -DIP_2x2 -DIP_5x5 -DIP_INST_ADCC -DIP_INST_ADCC_HV -DIP_INST_AON_GPIO -DIP_INST_DMA0 -DIP_INST_DMA1 -DIP_INST_DMA2 -DIP_INST_DMA3 -DIP_INST_GPIO_G0 -DIP_INST_GPIO_G1 -DIP_INST_GPIO_G2 -DIP_INST_GPIO_G3 -DIP_INST_I2S_HOST -DIP_INST_I2S_SLAVE -DIP_INST_IIC_HOST -DIP_INST_IIC_HOST_MIPI -DIP_INST_IIC_HOST_SENSOR -DIP_INST_IIC_SLAVE0 -DIP_INST_IIC_SLAVE1 -DIP_INST_OSPI_HOST -DIP_INST_PWM0 -DIP_INST_PWM1 -DIP_INST_PWM2 -DIP_INST_QSPI_HOST -DIP_INST_RTC0 -DIP_INST_RTC1 -DIP_INST_RTC2 -DIP_INST_SB_GPIO -DIP_INST_SSPI_HOST -DIP_INST_SSPI_SLAVE -DIP_INST_TIMER0 -DIP_INST_TIMER1 -DIP_INST_TIMER2 -DIP_INST_TIMER3 -DIP_INST_TIMER4 -DIP_INST_TIMER5 -DIP_INST_TIMER6 -DIP_INST_TIMER7 -DIP_INST_TIMER8 -DIP_INST_UART0 -DIP_INST_UART1 -DIP_INST_UART2 -DIP_INST_WDT0 -DIP_INST_WDT1 -DIP_adcc -DIP_adcc_hv -DIP_cdm -DIP_csirx -DIP_csitx -DIP_dma -DIP_dp -DIP_edm -DIP_gpio -DIP_hxautoi2c_mst -DIP_i2s -DIP_i3c_mst -DIP_i3c_slv -DIP_iic -DIP_inp -DIP_inp1bitparser -DIP_inpovparser -DIP_isp -DIP_jpeg -DIP_mb -DIP_mpc -DIP_pdm -DIP_pmu -DIP_ppc -DIP_pwm -DIP_rtc -DIP_scu -DIP_sensorctrl -DIP_spi -DIP_swreg_aon -DIP_swreg_lsc -DIP_timer -DIP_tpg -DIP_u55 -DIP_uart -DIP_vad -DIP_watchdog -DIP_xdma -DLIB_CMSIS_NN -DLIB_COMMON -DLIB_I2C_COMM -DLIB_PWRMGMT -DLIB_QSPI_EEPROM -DLIB_SENSORDP -DLIB_SPI_EEPROM -DLIB_SPI_PTL -DMID_FATFS -DOS_FREERTOS_10_5_1 -DSPI_EEPROM_USE_WB_25Q128JW_INST_ -DTFLM2209_U55TAG2205 -DTF_LITE_MCU_DEBUG_LOG -DTF_LITE_STATIC_MEMORY -DTRUSTZONE -DTRUSTZONE_CFG -DTRUSTZONE_SEC -DTRUSTZONE_SEC_ONLY -DWW130_CLI -D__GNU__ -D__NEWLIB__ -DconfigENABLE_MPU=0 -Dseeed -I./CMSIS -I./CMSIS/Driver/Include -I./app -I./app/ww_projects -I./app/ww_projects/ww130_cli -I./app/ww_projects/ww130_cli/cis_sensor/cis_ov5647 -I./board -I./board/epii_evb -I./board/epii_evb/config -I./cmsis_drivers/SPI -I./customer/sec_inc/seeed -I./device -I./device/clib -I./device/inc -I./drivers -I./drivers/2x2 -I./drivers/5x5 -I./drivers/adcc -I./drivers/adcc_hv -I./drivers/cdm -I./drivers/csirx -I./drivers/csitx -I./drivers/dma -I./drivers/dp -I./drivers/edm -I./drivers/gpio -I./drivers/hxautoi2c_mst -I./drivers/i2s -I./drivers/i3c_mst -I./drivers/i3c_slv -I./drivers/iic -I./drivers/inc -I./drivers/inp -I./drivers/inp1bitparser -I./drivers/inpovparser -I./drivers/isp -I./drivers/jpeg -I./drivers/mb -I./drivers/mpc -I./drivers/pdm -I./drivers/pmu -I./drivers/ppc -I./drivers/pwm -I./drivers/rtc -I./drivers/scu -I./drivers/seconly_inc -I./drivers/sensorctrl -I./drivers/spi -I./drivers/swreg_aon -I./drivers/swreg_lsc -I./drivers/timer -I./drivers/tpg -I./drivers/u55 -I./drivers/uart -I./drivers/vad -I./drivers/watchdog -I./drivers/xdma -I./external -I./external/cis/ -I./external/cis/hm_common -I./external/inc -I./interface -I./library/cmsis_nn/cmsis_nn -I./library/cmsis_nn/cmsis_nn/Include -I./library/common -I./library/i2c_comm -I./library/inference/tflmtag2209_u55tag2205 -I./library/inference/tflmtag2209_u55tag2205/tensorflow/lite -I./library/inference/tflmtag2209_u55tag2205/tensorflow/lite/c -I./library/inference/tflmtag2209_u55tag2205/tensorflow/lite/core/api -I./library/inference/tflmtag2209_u55tag2205/tensorflow/lite/kernels -I./library/inference/tflmtag2209_u55tag2205/tensorflow/lite/kernels/internal -I./library/inference/tflmtag2209_u55tag2205/tensorflow/lite/kernels/internal/reference -I./library/inference/tflmtag2209_u55tag2205/tensorflow/lite/micro -I./library/inference/tflmtag2209_u55tag2205/tensorflow/lite/micro/kernels -I./library/inference/tflmtag2209_u55tag2205/tensorflow/lite/schema -I./library/inference/tflmtag2209_u55tag2205/third_party -I./library/inference/tflmtag2209_u55tag2205/third_party/ethos_u_core_driver/include -I./library/inference/tflmtag2209_u55tag2205/third_party/flatbuffers/include -I./library/inference/tflmtag2209_u55tag2205/third_party/gemmlowp -I./library/inference/tflmtag2209_u55tag2205/third_party/ruy -I./library/pwrmgmt -I./library/pwrmgmt/seconly_inc -I./library/sensordp/inc -I./library/sensordp/internal_inc -I./library/spi_eeprom -I./library/spi_eeprom/eeprom_param -I./library/spi_ptl -I./middleware/fatfs/port/mmc_spi -I./middleware/fatfs/source -I./os/freertos_10_5_1/NTZ/config -I./os/freertos_10_5_1/NTZ/freertos_kernel/include -I./os/freertos_10_5_1/NTZ/freertos_kernel/portable -I./os/freertos_10_5_1/NTZ/freertos_kernel/portable/GCC/ARM_CM55_NTZ/non_secure -I./os/freertos_10_5_1/NTZ/freertos_kernel/portable/MemMang -I./trustzone/tz_cfg -fmacro-prefix-map="../obj_epii_evb_icv30_bdv10/gnu_epii_evb_WLCSP65/app/ww_projects/ww130_cli/"=. -MMD -MP -MF"obj_epii_evb_icv30_bdv10/gnu_epii_evb_WLCSP65/app/ww_projects/ww130_cli/CLI-FATFS-commands.d" -MT"obj_epii_evb_icv30_bdv10/gnu_epii_evb_WLCSP65/app/ww_projects/ww130_cli/CLI-FATFS-commands.o" -MT"obj_epii_evb_icv30_bdv10/gnu_epii_evb_WLCSP65/app/ww_projects/ww130_cli/CLI-FATFS-commands.d" -std=gnu11 -o "obj_epii_evb_icv30_bdv10/gnu_epii_evb_WLCSP65/app/ww_projects/ww130_cli/CLI-FATFS-commands.o" "app/ww_projects/ww130_cli/CLI-FATFS-commands.c"
"Compiling             : " app/ww_projects/ww130_cli/spi_fatfs.c
arm-none-eabi-gcc -mthumb -mcpu=cortex-m55  -DARMCM55 -mfloat-abi=hard -c -ffunction-sections -fdata-sections -Wall   -fstack-usage -flax-vector-conversions  -mcmse      -O2 -g -DARM_MATH_DSP -DARM_MATH_LOOPUNROLL -DARM_MATH_MVEI -DCM55_BIG -DCMSIS_DRIVERS_SPI -DCMSIS_NN -DCOREV_0P9V -DDBG_MORE -DDEBUG -DENABLE_OS -DEPII_EVB -DETHOSU55 -DETHOSU_ARCH=u55 -DETHOSU_LOG_SEVERITY=ETHOSU_LOG_WARN -DETHOS_U -DFATFS_PORT_mmc_spi -DFREERTOS -DFREERTOS_SECONLY -DHM_COMMON -DIC_PACKAGE_WLCSP65 -DIC_VERSION=30 -DIP_2x2 -DIP_5x5 -DIP_INST_ADCC -DIP_INST_ADCC_HV -DIP_INST_AON_GPIO -DIP_INST_DMA0 -DIP_INST_DMA1 -DIP_INST_DMA2 -DIP_INST_DMA3 -DIP_INST_GPIO_G0 -DIP_INST_GPIO_G1 -DIP_INST_GPIO_G2 -DIP_INST_GPIO_G3 -DIP_INST_I2S_HOST -DIP_INST_I2S_SLAVE -DIP_INST_IIC_HOST -DIP_INST_IIC_HOST_MIPI -DIP_INST_IIC_HOST_SENSOR -DIP_INST_IIC_SLAVE0 -DIP_INST_IIC_SLAVE1 -DIP_INST_OSPI_HOST -DIP_INST_PWM0 -DIP_INST_PWM1 -DIP_INST_PWM2 -DIP_INST_QSPI_HOST -DIP_INST_RTC0 -DIP_INST_RTC1 -DIP_INST_RTC2 -DIP_INST_SB_GPIO -DIP_INST_SSPI_HOST -DIP_INST_SSPI_SLAVE -DIP_INST_TIMER0 -DIP_INST_TIMER1 -DIP_INST_TIMER2 -DIP_INST_TIMER3 -DIP_INST_TIMER4 -DIP_INST_TIMER5 -DIP_INST_TIMER6 -DIP_INST_TIMER7 -DIP_INST_TIMER8 -DIP_INST_UART0 -DIP_INST_UART1 -DIP_INST_UART2 -DIP_INST_WDT0 -DIP_INST_WDT1 -DIP_adcc -DIP_adcc_hv -DIP_cdm -DIP_csirx -DIP_csitx -DIP_dma -DIP_dp -DIP_edm -DIP_gpio -DIP_hxautoi2c_mst -DIP_i2s -DIP_i3c_mst -DIP_i3c_slv -DIP_iic -DIP_inp -DIP_inp1bitparser -DIP_inpovparser -DIP_isp -DIP_jpeg -DIP_mb -DIP_mpc -DIP_pdm -DIP_pmu -DIP_ppc -DIP_pwm -DIP_rtc -DIP_scu -DIP_sensorctrl -DIP_spi -DIP_swreg_aon -DIP_swreg_lsc -DIP_timer -DIP_tpg -DIP_u55 -DIP_uart -DIP_vad -DIP_watchdog -DIP_xdma -DLIB_CMSIS_NN -DLIB_COMMON -DLIB_I2C_COMM -DLIB_PWRMGMT -DLIB_QSPI_EEPROM -DLIB_SENSORDP -DLIB_SPI_EEPROM -DLIB_SPI_PTL -DMID_FATFS -DOS_FREERTOS_10_5_1 -DSPI_EEPROM_USE_WB_25Q128JW_INST_ -DTFLM2209_U55TAG2205 -DTF_LITE_MCU_DEBUG_LOG -DTF_LITE_STATIC_MEMORY -DTRUSTZONE -DTRUSTZONE_CFG -DTRUSTZONE_SEC -DTRUSTZONE_SEC_ONLY -DWW130_CLI -D__GNU__ -D__NEWLIB__ -DconfigENABLE_MPU=0 -Dseeed -I./CMSIS -I./CMSIS/Driver/Include -I./app -I./app/ww_projects -I./app/ww_projects/ww130_cli -I./app/ww_projects/ww130_cli/cis_sensor/cis_ov5647 -I./board -I./board/epii_evb -I./board/epii_evb/config -I./cmsis_drivers/SPI -I./customer/sec_inc/seeed -I./device -I./device/clib -I./device/inc -I./drivers -I./drivers/2x2 -I./drivers/5x5 -I./drivers/adcc -I./drivers/adcc_hv -I./drivers/cdm -I./drivers/csirx -I./drivers/csitx -I./drivers/dma -I./drivers/dp -I./drivers/edm -I./drivers/gpio -I./drivers/hxautoi2c_mst -I./drivers/i2s -I./drivers/i3c_mst -I./drivers/i3c_slv -I./drivers/iic -I./drivers/inc -I./drivers/inp -I./drivers/inp1bitparser -I./drivers/inpovparser -I./drivers/isp -I./drivers/jpeg -I./drivers/mb -I./drivers/mpc -I./drivers/pdm -I./drivers/pmu -I./drivers/ppc -I./drivers/pwm -I./drivers/rtc -I./drivers/scu -I./drivers/seconly_inc -I./drivers/sensorctrl -I./drivers/spi -I./drivers/swreg_aon -I./drivers/swreg_lsc -I./drivers/timer -I./drivers/tpg -I./drivers/u55 -I./drivers/uart -I./drivers/vad -I./drivers/watchdog -I./drivers/xdma -I./external -I./external/cis/ -I./external/cis/hm_common -I./external/inc -I./interface -I./library/cmsis_nn/cmsis_nn -I./library/cmsis_nn/cmsis_nn/Include -I./library/common -I./library/i2c_comm -I./library/inference/tflmtag2209_u55tag2205 -I./library/inference/tflmtag2209_u55tag2205/tensorflow/lite -I./library/inference/tflmtag2209_u55tag2205/tensorflow/lite/c -I./library/inference/tflmtag2209_u55tag2205/tensorflow/lite/core/api -I./library/inference/tflmtag2209_u55tag2205/tensorflow/lite/kernels -I./library/inference/tflmtag2209_u55tag2205/tensorflow/lite/kernels/internal -I./library/inference/tflmtag2209_u55tag2205/tensorflow/lite/kernels/internal/reference -I./library/inference/tflmtag2209_u55tag2205/tensorflow/lite/micro -I./library/inference/tflmtag2209_u55tag2205/tensorflow/lite/micro/kernels -I./library/inference/tflmtag2209_u55tag2205/tensorflow/lite/schema -I./library/inference/tflmtag2209_u55tag2205/third_party -I./library/inference/tflmtag2209_u55tag2205/third_party/ethos_u_core_driver/include -I./library/inference/tflmtag2209_u55tag2205/third_party/flatbuffers/include -I./library/inference/tflmtag2209_u55tag2205/third_party/gemmlowp -I./library/inference/tflmtag2209_u55tag2205/third_party/ruy -I./library/pwrmgmt -I./library/pwrmgmt/seconly_inc -I./library/sensordp/inc -I./library/sensordp/internal_inc -I./library/spi_eeprom -I./library/spi_eeprom/eeprom_param -I./library/spi_ptl -I./middleware/fatfs/port/mmc_spi -I./middleware/fatfs/source -I./os/freertos_10_5_1/NTZ/config -I./os/freertos_10_5_1/NTZ/freertos_kernel/include -I./os/freertos_10_5_1/NTZ/freertos_kernel/portable -I./os/freertos_10_5_1/NTZ/freertos_kernel/portable/GCC/ARM_CM55_NTZ/non_secure -I./os/freertos_10_5_1/NTZ/freertos_kernel/portable/MemMang -I./trustzone/tz_cfg -fmacro-prefix-map="../obj_epii_evb_icv30_bdv10/gnu_epii_evb_WLCSP65/app/ww_projects/ww130_cli/"=. -MMD -MP -MF"obj_epii_evb_icv30_bdv10/gnu_epii_evb_WLCSP65/app/ww_projects/ww130_cli/spi_fatfs.d" -MT"obj_epii_evb_icv30_bdv10/gnu_epii_evb_WLCSP65/app/ww_projects/ww130_cli/spi_fatfs.o" -MT"obj_epii_evb_icv30_bdv10/gnu_epii_evb_WLCSP65/app/ww_projects/ww130_cli/spi_fatfs.d" -std=gnu11 -o "obj_epii_evb_icv30_bdv10/gnu_epii_evb_WLCSP65/app/ww_projects/ww130_cli/spi_fatfs.o" "app/ww_projects/ww130_cli/spi_fatfs.c"
"Compiling             : " app/ww_projects/ww130_cli/CLI-commands.c
arm-none-eabi-gcc -mthumb -mcpu=cortex-m55  -DARMCM55 -mfloat-abi=hard -c -ffunction-sections -fdata-sections -Wall   -fstack-usage -flax-vector-conversions  -mcmse      -O2 -g -DARM_MATH_DSP -DARM_MATH_LOOPUNROLL -DARM_MATH_MVEI -DCM55_BIG -DCMSIS_DRIVERS_SPI -DCMSIS_NN -DCOREV_0P9V -DDBG_MORE -DDEBUG -DENABLE_OS -DEPII_EVB -DETHOSU55 -DETHOSU_ARCH=u55 -DETHOSU_LOG_SEVERITY=ETHOSU_LOG_WARN -DETHOS_U -DFATFS_PORT_mmc_spi -DFREERTOS -DFREERTOS_SECONLY -DHM_COMMON -DIC_PACKAGE_WLCSP65 -DIC_VERSION=30 -DIP_2x2 -DIP_5x5 -DIP_INST_ADCC -DIP_INST_ADCC_HV -DIP_INST_AON_GPIO -DIP_INST_DMA0 -DIP_INST_DMA1 -DIP_INST_DMA2 -DIP_INST_DMA3 -DIP_INST_GPIO_G0 -DIP_INST_GPIO_G1 -DIP_INST_GPIO_G2 -DIP_INST_GPIO_G3 -DIP_INST_I2S_HOST -DIP_INST_I2S_SLAVE -DIP_INST_IIC_HOST -DIP_INST_IIC_HOST_MIPI -DIP_INST_IIC_HOST_SENSOR -DIP_INST_IIC_SLAVE0 -DIP_INST_IIC_SLAVE1 -DIP_INST_OSPI_HOST -DIP_INST_PWM0 -DIP_INST_PWM1 -DIP_INST_PWM2 -DIP_INST_QSPI_HOST -DIP_INST_RTC0 -DIP_INST_RTC1 -DIP_INST_RTC2 -DIP_INST_SB_GPIO -DIP_INST_SSPI_HOST -DIP_INST_SSPI_SLAVE -DIP_INST_TIMER0 -DIP_INST_TIMER1 -DIP_INST_TIMER2 -DIP_INST_TIMER3 -DIP_INST_TIMER4 -DIP_INST_TIMER5 -DIP_INST_TIMER6 -DIP_INST_TIMER7 -DIP_INST_TIMER8 -DIP_INST_UART0 -DIP_INST_UART1 -DIP_INST_UART2 -DIP_INST_WDT0 -DIP_INST_WDT1 -DIP_adcc -DIP_adcc_hv -DIP_cdm -DIP_csirx -DIP_csitx -DIP_dma -DIP_dp -DIP_edm -DIP_gpio -DIP_hxautoi2c_mst -DIP_i2s -DIP_i3c_mst -DIP_i3c_slv -DIP_iic -DIP_inp -DIP_inp1bitparser -DIP_inpovparser -DIP_isp -DIP_jpeg -DIP_mb -DIP_mpc -DIP_pdm -DIP_pmu -DIP_ppc -DIP_pwm -DIP_rtc -DIP_scu -DIP_sensorctrl -DIP_spi -DIP_swreg_aon -DIP_swreg_lsc -DIP_timer -DIP_tpg -DIP_u55 -DIP_uart -DIP_vad -DIP_watchdog -DIP_xdma -DLIB_CMSIS_NN -DLIB_COMMON -DLIB_I2C_COMM -DLIB_PWRMGMT -DLIB_QSPI_EEPROM -DLIB_SENSORDP -DLIB_SPI_EEPROM -DLIB_SPI_PTL -DMID_FATFS -DOS_FREERTOS_10_5_1 -DSPI_EEPROM_USE_WB_25Q128JW_INST_ -DTFLM2209_U55TAG2205 -DTF_LITE_MCU_DEBUG_LOG -DTF_LITE_STATIC_MEMORY -DTRUSTZONE -DTRUSTZONE_CFG -DTRUSTZONE_SEC -DTRUSTZONE_SEC_ONLY -DWW130_CLI -D__GNU__ -D__NEWLIB__ -DconfigENABLE_MPU=0 -Dseeed -I./CMSIS -I./CMSIS/Driver/Include -I./app -I./app/ww_projects -I./app/ww_projects/ww130_cli -I./app/ww_projects/ww130_cli/cis_sensor/cis_ov5647 -I./board -I./board/epii_evb -I./board/epii_evb/config -I./cmsis_drivers/SPI -I./customer/sec_inc/seeed -I./device -I./device/clib -I./device/inc -I./drivers -I./drivers/2x2 -I./drivers/5x5 -I./drivers/adcc -I./drivers/adcc_hv -I./drivers/cdm -I./drivers/csirx -I./drivers/csitx -I./drivers/dma -I./drivers/dp -I./drivers/edm -I./drivers/gpio -I./drivers/hxautoi2c_mst -I./drivers/i2s -I./drivers/i3c_mst -I./drivers/i3c_slv -I./drivers/iic -I./drivers/inc -I./drivers/inp -I./drivers/inp1bitparser -I./drivers/inpovparser -I./drivers/isp -I./drivers/jpeg -I./drivers/mb -I./drivers/mpc -I./drivers/pdm -I./drivers/pmu -I./drivers/ppc -I./drivers/pwm -I./drivers/rtc -I./drivers/scu -I./drivers/seconly_inc -I./drivers/sensorctrl -I./drivers/spi -I./drivers/swreg_aon -I./drivers/swreg_lsc -I./drivers/timer -I./drivers/tpg -I./drivers/u55 -I./drivers/uart -I./drivers/vad -I./drivers/watchdog -I./drivers/xdma -I./external -I./external/cis/ -I./external/cis/hm_common -I./external/inc -I./interface -I./library/cmsis_nn/cmsis_nn -I./library/cmsis_nn/cmsis_nn/Include -I./library/common -I./library/i2c_comm -I./library/inference/tflmtag2209_u55tag2205 -I./library/inference/tflmtag2209_u55tag2205/tensorflow/lite -I./library/inference/tflmtag2209_u55tag2205/tensorflow/lite/c -I./library/inference/tflmtag2209_u55tag2205/tensorflow/lite/core/api -I./library/inference/tflmtag2209_u55tag2205/tensorflow/lite/kernels -I./library/inference/tflmtag2209_u55tag2205/tensorflow/lite/kernels/internal -I./library/inference/tflmtag2209_u55tag2205/tensorflow/lite/kernels/internal/reference -I./library/inference/tflmtag2209_u55tag2205/tensorflow/lite/micro -I./library/inference/tflmtag2209_u55tag2205/tensorflow/lite/micro/kernels -I./library/inference/tflmtag2209_u55tag2205/tensorflow/lite/schema -I./library/inference/tflmtag2209_u55tag2205/third_party -I./library/inference/tflmtag2209_u55tag2205/third_party/ethos_u_core_driver/include -I./library/inference/tflmtag2209_u55tag2205/third_party/flatbuffers/include -I./library/inference/tflmtag2209_u55tag2205/third_party/gemmlowp -I./library/inference/tflmtag2209_u55tag2205/third_party/ruy -I./library/pwrmgmt -I./library/pwrmgmt/seconly_inc -I./library/sensordp/inc -I./library/sensordp/internal_inc -I./library/spi_eeprom -I./library/spi_eeprom/eeprom_param -I./library/spi_ptl -I./middleware/fatfs/port/mmc_spi -I./middleware/fatfs/source -I./os/freertos_10_5_1/NTZ/config -I./os/freertos_10_5_1/NTZ/freertos_kernel/include -I./os/freertos_10_5_1/NTZ/freertos_kernel/portable -I./os/freertos_10_5_1/NTZ/freertos_kernel/portable/GCC/ARM_CM55_NTZ/non_secure -I./os/freertos_10_5_1/NTZ/freertos_kernel/portable/MemMang -I./trustzone/tz_cfg -fmacro-prefix-map="../obj_epii_evb_icv30_bdv10/gnu_epii_evb_WLCSP65/app/ww_projects/ww130_cli/"=. -MMD -MP -MF"obj_epii_evb_icv30_bdv10/gnu_epii_evb_WLCSP65/app/ww_projects/ww130_cli/CLI-commands.d" -MT"obj_epii_evb_icv30_bdv10/gnu_epii_evb_WLCSP65/app/ww_projects/ww130_cli/CLI-commands.o" -MT"obj_epii_evb_icv30_bdv10/gnu_epii_evb_WLCSP65/app/ww_projects/ww130_cli/CLI-commands.d" -std=gnu11 -o "obj_epii_evb_icv30_bdv10/gnu_epii_evb_WLCSP65/app/ww_projects/ww130_cli/CLI-commands.o" "app/ww_projects/ww130_cli/CLI-commands.c"
app/ww_projects/ww130_cli/CLI-commands.c: In function 'prvReadFile':
app/ww_projects/ww130_cli/CLI-commands.c:803:3: warning: 'strncpy' specified bound 16 equals destination size [-Wstringop-truncation]
  803 |   strncpy(fName, pcParameter, FNAMELEN);
      |   ^~~~~~~~~~~~~~~~~~~~~~~~~~~~~~~~~~~~~
app/ww_projects/ww130_cli/CLI-commands.c: In function 'prvWriteFile':
app/ww_projects/ww130_cli/CLI-commands.c:753:3: warning: 'strncpy' specified bound 16 equals destination size [-Wstringop-truncation]
  753 |   strncpy(fName, pcParameter, FNAMELEN);
      |   ^~~~~~~~~~~~~~~~~~~~~~~~~~~~~~~~~~~~~
"Compiling             : " app/ww_projects/ww130_cli/task1.c
arm-none-eabi-gcc -mthumb -mcpu=cortex-m55  -DARMCM55 -mfloat-abi=hard -c -ffunction-sections -fdata-sections -Wall   -fstack-usage -flax-vector-conversions  -mcmse      -O2 -g -DARM_MATH_DSP -DARM_MATH_LOOPUNROLL -DARM_MATH_MVEI -DCM55_BIG -DCMSIS_DRIVERS_SPI -DCMSIS_NN -DCOREV_0P9V -DDBG_MORE -DDEBUG -DENABLE_OS -DEPII_EVB -DETHOSU55 -DETHOSU_ARCH=u55 -DETHOSU_LOG_SEVERITY=ETHOSU_LOG_WARN -DETHOS_U -DFATFS_PORT_mmc_spi -DFREERTOS -DFREERTOS_SECONLY -DHM_COMMON -DIC_PACKAGE_WLCSP65 -DIC_VERSION=30 -DIP_2x2 -DIP_5x5 -DIP_INST_ADCC -DIP_INST_ADCC_HV -DIP_INST_AON_GPIO -DIP_INST_DMA0 -DIP_INST_DMA1 -DIP_INST_DMA2 -DIP_INST_DMA3 -DIP_INST_GPIO_G0 -DIP_INST_GPIO_G1 -DIP_INST_GPIO_G2 -DIP_INST_GPIO_G3 -DIP_INST_I2S_HOST -DIP_INST_I2S_SLAVE -DIP_INST_IIC_HOST -DIP_INST_IIC_HOST_MIPI -DIP_INST_IIC_HOST_SENSOR -DIP_INST_IIC_SLAVE0 -DIP_INST_IIC_SLAVE1 -DIP_INST_OSPI_HOST -DIP_INST_PWM0 -DIP_INST_PWM1 -DIP_INST_PWM2 -DIP_INST_QSPI_HOST -DIP_INST_RTC0 -DIP_INST_RTC1 -DIP_INST_RTC2 -DIP_INST_SB_GPIO -DIP_INST_SSPI_HOST -DIP_INST_SSPI_SLAVE -DIP_INST_TIMER0 -DIP_INST_TIMER1 -DIP_INST_TIMER2 -DIP_INST_TIMER3 -DIP_INST_TIMER4 -DIP_INST_TIMER5 -DIP_INST_TIMER6 -DIP_INST_TIMER7 -DIP_INST_TIMER8 -DIP_INST_UART0 -DIP_INST_UART1 -DIP_INST_UART2 -DIP_INST_WDT0 -DIP_INST_WDT1 -DIP_adcc -DIP_adcc_hv -DIP_cdm -DIP_csirx -DIP_csitx -DIP_dma -DIP_dp -DIP_edm -DIP_gpio -DIP_hxautoi2c_mst -DIP_i2s -DIP_i3c_mst -DIP_i3c_slv -DIP_iic -DIP_inp -DIP_inp1bitparser -DIP_inpovparser -DIP_isp -DIP_jpeg -DIP_mb -DIP_mpc -DIP_pdm -DIP_pmu -DIP_ppc -DIP_pwm -DIP_rtc -DIP_scu -DIP_sensorctrl -DIP_spi -DIP_swreg_aon -DIP_swreg_lsc -DIP_timer -DIP_tpg -DIP_u55 -DIP_uart -DIP_vad -DIP_watchdog -DIP_xdma -DLIB_CMSIS_NN -DLIB_COMMON -DLIB_I2C_COMM -DLIB_PWRMGMT -DLIB_QSPI_EEPROM -DLIB_SENSORDP -DLIB_SPI_EEPROM -DLIB_SPI_PTL -DMID_FATFS -DOS_FREERTOS_10_5_1 -DSPI_EEPROM_USE_WB_25Q128JW_INST_ -DTFLM2209_U55TAG2205 -DTF_LITE_MCU_DEBUG_LOG -DTF_LITE_STATIC_MEMORY -DTRUSTZONE -DTRUSTZONE_CFG -DTRUSTZONE_SEC -DTRUSTZONE_SEC_ONLY -DWW130_CLI -D__GNU__ -D__NEWLIB__ -DconfigENABLE_MPU=0 -Dseeed -I./CMSIS -I./CMSIS/Driver/Include -I./app -I./app/ww_projects -I./app/ww_projects/ww130_cli -I./app/ww_projects/ww130_cli/cis_sensor/cis_ov5647 -I./board -I./board/epii_evb -I./board/epii_evb/config -I./cmsis_drivers/SPI -I./customer/sec_inc/seeed -I./device -I./device/clib -I./device/inc -I./drivers -I./drivers/2x2 -I./drivers/5x5 -I./drivers/adcc -I./drivers/adcc_hv -I./drivers/cdm -I./drivers/csirx -I./drivers/csitx -I./drivers/dma -I./drivers/dp -I./drivers/edm -I./drivers/gpio -I./drivers/hxautoi2c_mst -I./drivers/i2s -I./drivers/i3c_mst -I./drivers/i3c_slv -I./drivers/iic -I./drivers/inc -I./drivers/inp -I./drivers/inp1bitparser -I./drivers/inpovparser -I./drivers/isp -I./drivers/jpeg -I./drivers/mb -I./drivers/mpc -I./drivers/pdm -I./drivers/pmu -I./drivers/ppc -I./drivers/pwm -I./drivers/rtc -I./drivers/scu -I./drivers/seconly_inc -I./drivers/sensorctrl -I./drivers/spi -I./drivers/swreg_aon -I./drivers/swreg_lsc -I./drivers/timer -I./drivers/tpg -I./drivers/u55 -I./drivers/uart -I./drivers/vad -I./drivers/watchdog -I./drivers/xdma -I./external -I./external/cis/ -I./external/cis/hm_common -I./external/inc -I./interface -I./library/cmsis_nn/cmsis_nn -I./library/cmsis_nn/cmsis_nn/Include -I./library/common -I./library/i2c_comm -I./library/inference/tflmtag2209_u55tag2205 -I./library/inference/tflmtag2209_u55tag2205/tensorflow/lite -I./library/inference/tflmtag2209_u55tag2205/tensorflow/lite/c -I./library/inference/tflmtag2209_u55tag2205/tensorflow/lite/core/api -I./library/inference/tflmtag2209_u55tag2205/tensorflow/lite/kernels -I./library/inference/tflmtag2209_u55tag2205/tensorflow/lite/kernels/internal -I./library/inference/tflmtag2209_u55tag2205/tensorflow/lite/kernels/internal/reference -I./library/inference/tflmtag2209_u55tag2205/tensorflow/lite/micro -I./library/inference/tflmtag2209_u55tag2205/tensorflow/lite/micro/kernels -I./library/inference/tflmtag2209_u55tag2205/tensorflow/lite/schema -I./library/inference/tflmtag2209_u55tag2205/third_party -I./library/inference/tflmtag2209_u55tag2205/third_party/ethos_u_core_driver/include -I./library/inference/tflmtag2209_u55tag2205/third_party/flatbuffers/include -I./library/inference/tflmtag2209_u55tag2205/third_party/gemmlowp -I./library/inference/tflmtag2209_u55tag2205/third_party/ruy -I./library/pwrmgmt -I./library/pwrmgmt/seconly_inc -I./library/sensordp/inc -I./library/sensordp/internal_inc -I./library/spi_eeprom -I./library/spi_eeprom/eeprom_param -I./library/spi_ptl -I./middleware/fatfs/port/mmc_spi -I./middleware/fatfs/source -I./os/freertos_10_5_1/NTZ/config -I./os/freertos_10_5_1/NTZ/freertos_kernel/include -I./os/freertos_10_5_1/NTZ/freertos_kernel/portable -I./os/freertos_10_5_1/NTZ/freertos_kernel/portable/GCC/ARM_CM55_NTZ/non_secure -I./os/freertos_10_5_1/NTZ/freertos_kernel/portable/MemMang -I./trustzone/tz_cfg -fmacro-prefix-map="../obj_epii_evb_icv30_bdv10/gnu_epii_evb_WLCSP65/app/ww_projects/ww130_cli/"=. -MMD -MP -MF"obj_epii_evb_icv30_bdv10/gnu_epii_evb_WLCSP65/app/ww_projects/ww130_cli/task1.d" -MT"obj_epii_evb_icv30_bdv10/gnu_epii_evb_WLCSP65/app/ww_projects/ww130_cli/task1.o" -MT"obj_epii_evb_icv30_bdv10/gnu_epii_evb_WLCSP65/app/ww_projects/ww130_cli/task1.d" -std=gnu11 -o "obj_epii_evb_icv30_bdv10/gnu_epii_evb_WLCSP65/app/ww_projects/ww130_cli/task1.o" "app/ww_projects/ww130_cli/task1.c"
"Compiling             : " app/ww_projects/ww130_cli/hardfault_handler.c
arm-none-eabi-gcc -mthumb -mcpu=cortex-m55  -DARMCM55 -mfloat-abi=hard -c -ffunction-sections -fdata-sections -Wall   -fstack-usage -flax-vector-conversions  -mcmse      -O2 -g -DARM_MATH_DSP -DARM_MATH_LOOPUNROLL -DARM_MATH_MVEI -DCM55_BIG -DCMSIS_DRIVERS_SPI -DCMSIS_NN -DCOREV_0P9V -DDBG_MORE -DDEBUG -DENABLE_OS -DEPII_EVB -DETHOSU55 -DETHOSU_ARCH=u55 -DETHOSU_LOG_SEVERITY=ETHOSU_LOG_WARN -DETHOS_U -DFATFS_PORT_mmc_spi -DFREERTOS -DFREERTOS_SECONLY -DHM_COMMON -DIC_PACKAGE_WLCSP65 -DIC_VERSION=30 -DIP_2x2 -DIP_5x5 -DIP_INST_ADCC -DIP_INST_ADCC_HV -DIP_INST_AON_GPIO -DIP_INST_DMA0 -DIP_INST_DMA1 -DIP_INST_DMA2 -DIP_INST_DMA3 -DIP_INST_GPIO_G0 -DIP_INST_GPIO_G1 -DIP_INST_GPIO_G2 -DIP_INST_GPIO_G3 -DIP_INST_I2S_HOST -DIP_INST_I2S_SLAVE -DIP_INST_IIC_HOST -DIP_INST_IIC_HOST_MIPI -DIP_INST_IIC_HOST_SENSOR -DIP_INST_IIC_SLAVE0 -DIP_INST_IIC_SLAVE1 -DIP_INST_OSPI_HOST -DIP_INST_PWM0 -DIP_INST_PWM1 -DIP_INST_PWM2 -DIP_INST_QSPI_HOST -DIP_INST_RTC0 -DIP_INST_RTC1 -DIP_INST_RTC2 -DIP_INST_SB_GPIO -DIP_INST_SSPI_HOST -DIP_INST_SSPI_SLAVE -DIP_INST_TIMER0 -DIP_INST_TIMER1 -DIP_INST_TIMER2 -DIP_INST_TIMER3 -DIP_INST_TIMER4 -DIP_INST_TIMER5 -DIP_INST_TIMER6 -DIP_INST_TIMER7 -DIP_INST_TIMER8 -DIP_INST_UART0 -DIP_INST_UART1 -DIP_INST_UART2 -DIP_INST_WDT0 -DIP_INST_WDT1 -DIP_adcc -DIP_adcc_hv -DIP_cdm -DIP_csirx -DIP_csitx -DIP_dma -DIP_dp -DIP_edm -DIP_gpio -DIP_hxautoi2c_mst -DIP_i2s -DIP_i3c_mst -DIP_i3c_slv -DIP_iic -DIP_inp -DIP_inp1bitparser -DIP_inpovparser -DIP_isp -DIP_jpeg -DIP_mb -DIP_mpc -DIP_pdm -DIP_pmu -DIP_ppc -DIP_pwm -DIP_rtc -DIP_scu -DIP_sensorctrl -DIP_spi -DIP_swreg_aon -DIP_swreg_lsc -DIP_timer -DIP_tpg -DIP_u55 -DIP_uart -DIP_vad -DIP_watchdog -DIP_xdma -DLIB_CMSIS_NN -DLIB_COMMON -DLIB_I2C_COMM -DLIB_PWRMGMT -DLIB_QSPI_EEPROM -DLIB_SENSORDP -DLIB_SPI_EEPROM -DLIB_SPI_PTL -DMID_FATFS -DOS_FREERTOS_10_5_1 -DSPI_EEPROM_USE_WB_25Q128JW_INST_ -DTFLM2209_U55TAG2205 -DTF_LITE_MCU_DEBUG_LOG -DTF_LITE_STATIC_MEMORY -DTRUSTZONE -DTRUSTZONE_CFG -DTRUSTZONE_SEC -DTRUSTZONE_SEC_ONLY -DWW130_CLI -D__GNU__ -D__NEWLIB__ -DconfigENABLE_MPU=0 -Dseeed -I./CMSIS -I./CMSIS/Driver/Include -I./app -I./app/ww_projects -I./app/ww_projects/ww130_cli -I./app/ww_projects/ww130_cli/cis_sensor/cis_ov5647 -I./board -I./board/epii_evb -I./board/epii_evb/config -I./cmsis_drivers/SPI -I./customer/sec_inc/seeed -I./device -I./device/clib -I./device/inc -I./drivers -I./drivers/2x2 -I./drivers/5x5 -I./drivers/adcc -I./drivers/adcc_hv -I./drivers/cdm -I./drivers/csirx -I./drivers/csitx -I./drivers/dma -I./drivers/dp -I./drivers/edm -I./drivers/gpio -I./drivers/hxautoi2c_mst -I./drivers/i2s -I./drivers/i3c_mst -I./drivers/i3c_slv -I./drivers/iic -I./drivers/inc -I./drivers/inp -I./drivers/inp1bitparser -I./drivers/inpovparser -I./drivers/isp -I./drivers/jpeg -I./drivers/mb -I./drivers/mpc -I./drivers/pdm -I./drivers/pmu -I./drivers/ppc -I./drivers/pwm -I./drivers/rtc -I./drivers/scu -I./drivers/seconly_inc -I./drivers/sensorctrl -I./drivers/spi -I./drivers/swreg_aon -I./drivers/swreg_lsc -I./drivers/timer -I./drivers/tpg -I./drivers/u55 -I./drivers/uart -I./drivers/vad -I./drivers/watchdog -I./drivers/xdma -I./external -I./external/cis/ -I./external/cis/hm_common -I./external/inc -I./interface -I./library/cmsis_nn/cmsis_nn -I./library/cmsis_nn/cmsis_nn/Include -I./library/common -I./library/i2c_comm -I./library/inference/tflmtag2209_u55tag2205 -I./library/inference/tflmtag2209_u55tag2205/tensorflow/lite -I./library/inference/tflmtag2209_u55tag2205/tensorflow/lite/c -I./library/inference/tflmtag2209_u55tag2205/tensorflow/lite/core/api -I./library/inference/tflmtag2209_u55tag2205/tensorflow/lite/kernels -I./library/inference/tflmtag2209_u55tag2205/tensorflow/lite/kernels/internal -I./library/inference/tflmtag2209_u55tag2205/tensorflow/lite/kernels/internal/reference -I./library/inference/tflmtag2209_u55tag2205/tensorflow/lite/micro -I./library/inference/tflmtag2209_u55tag2205/tensorflow/lite/micro/kernels -I./library/inference/tflmtag2209_u55tag2205/tensorflow/lite/schema -I./library/inference/tflmtag2209_u55tag2205/third_party -I./library/inference/tflmtag2209_u55tag2205/third_party/ethos_u_core_driver/include -I./library/inference/tflmtag2209_u55tag2205/third_party/flatbuffers/include -I./library/inference/tflmtag2209_u55tag2205/third_party/gemmlowp -I./library/inference/tflmtag2209_u55tag2205/third_party/ruy -I./library/pwrmgmt -I./library/pwrmgmt/seconly_inc -I./library/sensordp/inc -I./library/sensordp/internal_inc -I./library/spi_eeprom -I./library/spi_eeprom/eeprom_param -I./library/spi_ptl -I./middleware/fatfs/port/mmc_spi -I./middleware/fatfs/source -I./os/freertos_10_5_1/NTZ/config -I./os/freertos_10_5_1/NTZ/freertos_kernel/include -I./os/freertos_10_5_1/NTZ/freertos_kernel/portable -I./os/freertos_10_5_1/NTZ/freertos_kernel/portable/GCC/ARM_CM55_NTZ/non_secure -I./os/freertos_10_5_1/NTZ/freertos_kernel/portable/MemMang -I./trustzone/tz_cfg -fmacro-prefix-map="../obj_epii_evb_icv30_bdv10/gnu_epii_evb_WLCSP65/app/ww_projects/ww130_cli/"=. -MMD -MP -MF"obj_epii_evb_icv30_bdv10/gnu_epii_evb_WLCSP65/app/ww_projects/ww130_cli/hardfault_handler.d" -MT"obj_epii_evb_icv30_bdv10/gnu_epii_evb_WLCSP65/app/ww_projects/ww130_cli/hardfault_handler.o" -MT"obj_epii_evb_icv30_bdv10/gnu_epii_evb_WLCSP65/app/ww_projects/ww130_cli/hardfault_handler.d" -std=gnu11 -o "obj_epii_evb_icv30_bdv10/gnu_epii_evb_WLCSP65/app/ww_projects/ww130_cli/hardfault_handler.o" "app/ww_projects/ww130_cli/hardfault_handler.c"
"Compiling             : " app/ww_projects/ww130_cli/pinmux_cfg.c
arm-none-eabi-gcc -mthumb -mcpu=cortex-m55  -DARMCM55 -mfloat-abi=hard -c -ffunction-sections -fdata-sections -Wall   -fstack-usage -flax-vector-conversions  -mcmse      -O2 -g -DARM_MATH_DSP -DARM_MATH_LOOPUNROLL -DARM_MATH_MVEI -DCM55_BIG -DCMSIS_DRIVERS_SPI -DCMSIS_NN -DCOREV_0P9V -DDBG_MORE -DDEBUG -DENABLE_OS -DEPII_EVB -DETHOSU55 -DETHOSU_ARCH=u55 -DETHOSU_LOG_SEVERITY=ETHOSU_LOG_WARN -DETHOS_U -DFATFS_PORT_mmc_spi -DFREERTOS -DFREERTOS_SECONLY -DHM_COMMON -DIC_PACKAGE_WLCSP65 -DIC_VERSION=30 -DIP_2x2 -DIP_5x5 -DIP_INST_ADCC -DIP_INST_ADCC_HV -DIP_INST_AON_GPIO -DIP_INST_DMA0 -DIP_INST_DMA1 -DIP_INST_DMA2 -DIP_INST_DMA3 -DIP_INST_GPIO_G0 -DIP_INST_GPIO_G1 -DIP_INST_GPIO_G2 -DIP_INST_GPIO_G3 -DIP_INST_I2S_HOST -DIP_INST_I2S_SLAVE -DIP_INST_IIC_HOST -DIP_INST_IIC_HOST_MIPI -DIP_INST_IIC_HOST_SENSOR -DIP_INST_IIC_SLAVE0 -DIP_INST_IIC_SLAVE1 -DIP_INST_OSPI_HOST -DIP_INST_PWM0 -DIP_INST_PWM1 -DIP_INST_PWM2 -DIP_INST_QSPI_HOST -DIP_INST_RTC0 -DIP_INST_RTC1 -DIP_INST_RTC2 -DIP_INST_SB_GPIO -DIP_INST_SSPI_HOST -DIP_INST_SSPI_SLAVE -DIP_INST_TIMER0 -DIP_INST_TIMER1 -DIP_INST_TIMER2 -DIP_INST_TIMER3 -DIP_INST_TIMER4 -DIP_INST_TIMER5 -DIP_INST_TIMER6 -DIP_INST_TIMER7 -DIP_INST_TIMER8 -DIP_INST_UART0 -DIP_INST_UART1 -DIP_INST_UART2 -DIP_INST_WDT0 -DIP_INST_WDT1 -DIP_adcc -DIP_adcc_hv -DIP_cdm -DIP_csirx -DIP_csitx -DIP_dma -DIP_dp -DIP_edm -DIP_gpio -DIP_hxautoi2c_mst -DIP_i2s -DIP_i3c_mst -DIP_i3c_slv -DIP_iic -DIP_inp -DIP_inp1bitparser -DIP_inpovparser -DIP_isp -DIP_jpeg -DIP_mb -DIP_mpc -DIP_pdm -DIP_pmu -DIP_ppc -DIP_pwm -DIP_rtc -DIP_scu -DIP_sensorctrl -DIP_spi -DIP_swreg_aon -DIP_swreg_lsc -DIP_timer -DIP_tpg -DIP_u55 -DIP_uart -DIP_vad -DIP_watchdog -DIP_xdma -DLIB_CMSIS_NN -DLIB_COMMON -DLIB_I2C_COMM -DLIB_PWRMGMT -DLIB_QSPI_EEPROM -DLIB_SENSORDP -DLIB_SPI_EEPROM -DLIB_SPI_PTL -DMID_FATFS -DOS_FREERTOS_10_5_1 -DSPI_EEPROM_USE_WB_25Q128JW_INST_ -DTFLM2209_U55TAG2205 -DTF_LITE_MCU_DEBUG_LOG -DTF_LITE_STATIC_MEMORY -DTRUSTZONE -DTRUSTZONE_CFG -DTRUSTZONE_SEC -DTRUSTZONE_SEC_ONLY -DWW130_CLI -D__GNU__ -D__NEWLIB__ -DconfigENABLE_MPU=0 -Dseeed -I./CMSIS -I./CMSIS/Driver/Include -I./app -I./app/ww_projects -I./app/ww_projects/ww130_cli -I./app/ww_projects/ww130_cli/cis_sensor/cis_ov5647 -I./board -I./board/epii_evb -I./board/epii_evb/config -I./cmsis_drivers/SPI -I./customer/sec_inc/seeed -I./device -I./device/clib -I./device/inc -I./drivers -I./drivers/2x2 -I./drivers/5x5 -I./drivers/adcc -I./drivers/adcc_hv -I./drivers/cdm -I./drivers/csirx -I./drivers/csitx -I./drivers/dma -I./drivers/dp -I./drivers/edm -I./drivers/gpio -I./drivers/hxautoi2c_mst -I./drivers/i2s -I./drivers/i3c_mst -I./drivers/i3c_slv -I./drivers/iic -I./drivers/inc -I./drivers/inp -I./drivers/inp1bitparser -I./drivers/inpovparser -I./drivers/isp -I./drivers/jpeg -I./drivers/mb -I./drivers/mpc -I./drivers/pdm -I./drivers/pmu -I./drivers/ppc -I./drivers/pwm -I./drivers/rtc -I./drivers/scu -I./drivers/seconly_inc -I./drivers/sensorctrl -I./drivers/spi -I./drivers/swreg_aon -I./drivers/swreg_lsc -I./drivers/timer -I./drivers/tpg -I./drivers/u55 -I./drivers/uart -I./drivers/vad -I./drivers/watchdog -I./drivers/xdma -I./external -I./external/cis/ -I./external/cis/hm_common -I./external/inc -I./interface -I./library/cmsis_nn/cmsis_nn -I./library/cmsis_nn/cmsis_nn/Include -I./library/common -I./library/i2c_comm -I./library/inference/tflmtag2209_u55tag2205 -I./library/inference/tflmtag2209_u55tag2205/tensorflow/lite -I./library/inference/tflmtag2209_u55tag2205/tensorflow/lite/c -I./library/inference/tflmtag2209_u55tag2205/tensorflow/lite/core/api -I./library/inference/tflmtag2209_u55tag2205/tensorflow/lite/kernels -I./library/inference/tflmtag2209_u55tag2205/tensorflow/lite/kernels/internal -I./library/inference/tflmtag2209_u55tag2205/tensorflow/lite/kernels/internal/reference -I./library/inference/tflmtag2209_u55tag2205/tensorflow/lite/micro -I./library/inference/tflmtag2209_u55tag2205/tensorflow/lite/micro/kernels -I./library/inference/tflmtag2209_u55tag2205/tensorflow/lite/schema -I./library/inference/tflmtag2209_u55tag2205/third_party -I./library/inference/tflmtag2209_u55tag2205/third_party/ethos_u_core_driver/include -I./library/inference/tflmtag2209_u55tag2205/third_party/flatbuffers/include -I./library/inference/tflmtag2209_u55tag2205/third_party/gemmlowp -I./library/inference/tflmtag2209_u55tag2205/third_party/ruy -I./library/pwrmgmt -I./library/pwrmgmt/seconly_inc -I./library/sensordp/inc -I./library/sensordp/internal_inc -I./library/spi_eeprom -I./library/spi_eeprom/eeprom_param -I./library/spi_ptl -I./middleware/fatfs/port/mmc_spi -I./middleware/fatfs/source -I./os/freertos_10_5_1/NTZ/config -I./os/freertos_10_5_1/NTZ/freertos_kernel/include -I./os/freertos_10_5_1/NTZ/freertos_kernel/portable -I./os/freertos_10_5_1/NTZ/freertos_kernel/portable/GCC/ARM_CM55_NTZ/non_secure -I./os/freertos_10_5_1/NTZ/freertos_kernel/portable/MemMang -I./trustzone/tz_cfg -fmacro-prefix-map="../obj_epii_evb_icv30_bdv10/gnu_epii_evb_WLCSP65/app/ww_projects/ww130_cli/"=. -MMD -MP -MF"obj_epii_evb_icv30_bdv10/gnu_epii_evb_WLCSP65/app/ww_projects/ww130_cli/pinmux_cfg.d" -MT"obj_epii_evb_icv30_bdv10/gnu_epii_evb_WLCSP65/app/ww_projects/ww130_cli/pinmux_cfg.o" -MT"obj_epii_evb_icv30_bdv10/gnu_epii_evb_WLCSP65/app/ww_projects/ww130_cli/pinmux_cfg.d" -std=gnu11 -o "obj_epii_evb_icv30_bdv10/gnu_epii_evb_WLCSP65/app/ww_projects/ww130_cli/pinmux_cfg.o" "app/ww_projects/ww130_cli/pinmux_cfg.c"
"Compiling             : " app/ww_projects/ww130_cli/fatfs_task.c
arm-none-eabi-gcc -mthumb -mcpu=cortex-m55  -DARMCM55 -mfloat-abi=hard -c -ffunction-sections -fdata-sections -Wall   -fstack-usage -flax-vector-conversions  -mcmse      -O2 -g -DARM_MATH_DSP -DARM_MATH_LOOPUNROLL -DARM_MATH_MVEI -DCM55_BIG -DCMSIS_DRIVERS_SPI -DCMSIS_NN -DCOREV_0P9V -DDBG_MORE -DDEBUG -DENABLE_OS -DEPII_EVB -DETHOSU55 -DETHOSU_ARCH=u55 -DETHOSU_LOG_SEVERITY=ETHOSU_LOG_WARN -DETHOS_U -DFATFS_PORT_mmc_spi -DFREERTOS -DFREERTOS_SECONLY -DHM_COMMON -DIC_PACKAGE_WLCSP65 -DIC_VERSION=30 -DIP_2x2 -DIP_5x5 -DIP_INST_ADCC -DIP_INST_ADCC_HV -DIP_INST_AON_GPIO -DIP_INST_DMA0 -DIP_INST_DMA1 -DIP_INST_DMA2 -DIP_INST_DMA3 -DIP_INST_GPIO_G0 -DIP_INST_GPIO_G1 -DIP_INST_GPIO_G2 -DIP_INST_GPIO_G3 -DIP_INST_I2S_HOST -DIP_INST_I2S_SLAVE -DIP_INST_IIC_HOST -DIP_INST_IIC_HOST_MIPI -DIP_INST_IIC_HOST_SENSOR -DIP_INST_IIC_SLAVE0 -DIP_INST_IIC_SLAVE1 -DIP_INST_OSPI_HOST -DIP_INST_PWM0 -DIP_INST_PWM1 -DIP_INST_PWM2 -DIP_INST_QSPI_HOST -DIP_INST_RTC0 -DIP_INST_RTC1 -DIP_INST_RTC2 -DIP_INST_SB_GPIO -DIP_INST_SSPI_HOST -DIP_INST_SSPI_SLAVE -DIP_INST_TIMER0 -DIP_INST_TIMER1 -DIP_INST_TIMER2 -DIP_INST_TIMER3 -DIP_INST_TIMER4 -DIP_INST_TIMER5 -DIP_INST_TIMER6 -DIP_INST_TIMER7 -DIP_INST_TIMER8 -DIP_INST_UART0 -DIP_INST_UART1 -DIP_INST_UART2 -DIP_INST_WDT0 -DIP_INST_WDT1 -DIP_adcc -DIP_adcc_hv -DIP_cdm -DIP_csirx -DIP_csitx -DIP_dma -DIP_dp -DIP_edm -DIP_gpio -DIP_hxautoi2c_mst -DIP_i2s -DIP_i3c_mst -DIP_i3c_slv -DIP_iic -DIP_inp -DIP_inp1bitparser -DIP_inpovparser -DIP_isp -DIP_jpeg -DIP_mb -DIP_mpc -DIP_pdm -DIP_pmu -DIP_ppc -DIP_pwm -DIP_rtc -DIP_scu -DIP_sensorctrl -DIP_spi -DIP_swreg_aon -DIP_swreg_lsc -DIP_timer -DIP_tpg -DIP_u55 -DIP_uart -DIP_vad -DIP_watchdog -DIP_xdma -DLIB_CMSIS_NN -DLIB_COMMON -DLIB_I2C_COMM -DLIB_PWRMGMT -DLIB_QSPI_EEPROM -DLIB_SENSORDP -DLIB_SPI_EEPROM -DLIB_SPI_PTL -DMID_FATFS -DOS_FREERTOS_10_5_1 -DSPI_EEPROM_USE_WB_25Q128JW_INST_ -DTFLM2209_U55TAG2205 -DTF_LITE_MCU_DEBUG_LOG -DTF_LITE_STATIC_MEMORY -DTRUSTZONE -DTRUSTZONE_CFG -DTRUSTZONE_SEC -DTRUSTZONE_SEC_ONLY -DWW130_CLI -D__GNU__ -D__NEWLIB__ -DconfigENABLE_MPU=0 -Dseeed -I./CMSIS -I./CMSIS/Driver/Include -I./app -I./app/ww_projects -I./app/ww_projects/ww130_cli -I./app/ww_projects/ww130_cli/cis_sensor/cis_ov5647 -I./board -I./board/epii_evb -I./board/epii_evb/config -I./cmsis_drivers/SPI -I./customer/sec_inc/seeed -I./device -I./device/clib -I./device/inc -I./drivers -I./drivers/2x2 -I./drivers/5x5 -I./drivers/adcc -I./drivers/adcc_hv -I./drivers/cdm -I./drivers/csirx -I./drivers/csitx -I./drivers/dma -I./drivers/dp -I./drivers/edm -I./drivers/gpio -I./drivers/hxautoi2c_mst -I./drivers/i2s -I./drivers/i3c_mst -I./drivers/i3c_slv -I./drivers/iic -I./drivers/inc -I./drivers/inp -I./drivers/inp1bitparser -I./drivers/inpovparser -I./drivers/isp -I./drivers/jpeg -I./drivers/mb -I./drivers/mpc -I./drivers/pdm -I./drivers/pmu -I./drivers/ppc -I./drivers/pwm -I./drivers/rtc -I./drivers/scu -I./drivers/seconly_inc -I./drivers/sensorctrl -I./drivers/spi -I./drivers/swreg_aon -I./drivers/swreg_lsc -I./drivers/timer -I./drivers/tpg -I./drivers/u55 -I./drivers/uart -I./drivers/vad -I./drivers/watchdog -I./drivers/xdma -I./external -I./external/cis/ -I./external/cis/hm_common -I./external/inc -I./interface -I./library/cmsis_nn/cmsis_nn -I./library/cmsis_nn/cmsis_nn/Include -I./library/common -I./library/i2c_comm -I./library/inference/tflmtag2209_u55tag2205 -I./library/inference/tflmtag2209_u55tag2205/tensorflow/lite -I./library/inference/tflmtag2209_u55tag2205/tensorflow/lite/c -I./library/inference/tflmtag2209_u55tag2205/tensorflow/lite/core/api -I./library/inference/tflmtag2209_u55tag2205/tensorflow/lite/kernels -I./library/inference/tflmtag2209_u55tag2205/tensorflow/lite/kernels/internal -I./library/inference/tflmtag2209_u55tag2205/tensorflow/lite/kernels/internal/reference -I./library/inference/tflmtag2209_u55tag2205/tensorflow/lite/micro -I./library/inference/tflmtag2209_u55tag2205/tensorflow/lite/micro/kernels -I./library/inference/tflmtag2209_u55tag2205/tensorflow/lite/schema -I./library/inference/tflmtag2209_u55tag2205/third_party -I./library/inference/tflmtag2209_u55tag2205/third_party/ethos_u_core_driver/include -I./library/inference/tflmtag2209_u55tag2205/third_party/flatbuffers/include -I./library/inference/tflmtag2209_u55tag2205/third_party/gemmlowp -I./library/inference/tflmtag2209_u55tag2205/third_party/ruy -I./library/pwrmgmt -I./library/pwrmgmt/seconly_inc -I./library/sensordp/inc -I./library/sensordp/internal_inc -I./library/spi_eeprom -I./library/spi_eeprom/eeprom_param -I./library/spi_ptl -I./middleware/fatfs/port/mmc_spi -I./middleware/fatfs/source -I./os/freertos_10_5_1/NTZ/config -I./os/freertos_10_5_1/NTZ/freertos_kernel/include -I./os/freertos_10_5_1/NTZ/freertos_kernel/portable -I./os/freertos_10_5_1/NTZ/freertos_kernel/portable/GCC/ARM_CM55_NTZ/non_secure -I./os/freertos_10_5_1/NTZ/freertos_kernel/portable/MemMang -I./trustzone/tz_cfg -fmacro-prefix-map="../obj_epii_evb_icv30_bdv10/gnu_epii_evb_WLCSP65/app/ww_projects/ww130_cli/"=. -MMD -MP -MF"obj_epii_evb_icv30_bdv10/gnu_epii_evb_WLCSP65/app/ww_projects/ww130_cli/fatfs_task.d" -MT"obj_epii_evb_icv30_bdv10/gnu_epii_evb_WLCSP65/app/ww_projects/ww130_cli/fatfs_task.o" -MT"obj_epii_evb_icv30_bdv10/gnu_epii_evb_WLCSP65/app/ww_projects/ww130_cli/fatfs_task.d" -std=gnu11 -o "obj_epii_evb_icv30_bdv10/gnu_epii_evb_WLCSP65/app/ww_projects/ww130_cli/fatfs_task.o" "app/ww_projects/ww130_cli/fatfs_task.c"
"Compiling             : " app/ww_projects/ww130_cli/crc16_ccitt.c
arm-none-eabi-gcc -mthumb -mcpu=cortex-m55  -DARMCM55 -mfloat-abi=hard -c -ffunction-sections -fdata-sections -Wall   -fstack-usage -flax-vector-conversions  -mcmse      -O2 -g -DARM_MATH_DSP -DARM_MATH_LOOPUNROLL -DARM_MATH_MVEI -DCM55_BIG -DCMSIS_DRIVERS_SPI -DCMSIS_NN -DCOREV_0P9V -DDBG_MORE -DDEBUG -DENABLE_OS -DEPII_EVB -DETHOSU55 -DETHOSU_ARCH=u55 -DETHOSU_LOG_SEVERITY=ETHOSU_LOG_WARN -DETHOS_U -DFATFS_PORT_mmc_spi -DFREERTOS -DFREERTOS_SECONLY -DHM_COMMON -DIC_PACKAGE_WLCSP65 -DIC_VERSION=30 -DIP_2x2 -DIP_5x5 -DIP_INST_ADCC -DIP_INST_ADCC_HV -DIP_INST_AON_GPIO -DIP_INST_DMA0 -DIP_INST_DMA1 -DIP_INST_DMA2 -DIP_INST_DMA3 -DIP_INST_GPIO_G0 -DIP_INST_GPIO_G1 -DIP_INST_GPIO_G2 -DIP_INST_GPIO_G3 -DIP_INST_I2S_HOST -DIP_INST_I2S_SLAVE -DIP_INST_IIC_HOST -DIP_INST_IIC_HOST_MIPI -DIP_INST_IIC_HOST_SENSOR -DIP_INST_IIC_SLAVE0 -DIP_INST_IIC_SLAVE1 -DIP_INST_OSPI_HOST -DIP_INST_PWM0 -DIP_INST_PWM1 -DIP_INST_PWM2 -DIP_INST_QSPI_HOST -DIP_INST_RTC0 -DIP_INST_RTC1 -DIP_INST_RTC2 -DIP_INST_SB_GPIO -DIP_INST_SSPI_HOST -DIP_INST_SSPI_SLAVE -DIP_INST_TIMER0 -DIP_INST_TIMER1 -DIP_INST_TIMER2 -DIP_INST_TIMER3 -DIP_INST_TIMER4 -DIP_INST_TIMER5 -DIP_INST_TIMER6 -DIP_INST_TIMER7 -DIP_INST_TIMER8 -DIP_INST_UART0 -DIP_INST_UART1 -DIP_INST_UART2 -DIP_INST_WDT0 -DIP_INST_WDT1 -DIP_adcc -DIP_adcc_hv -DIP_cdm -DIP_csirx -DIP_csitx -DIP_dma -DIP_dp -DIP_edm -DIP_gpio -DIP_hxautoi2c_mst -DIP_i2s -DIP_i3c_mst -DIP_i3c_slv -DIP_iic -DIP_inp -DIP_inp1bitparser -DIP_inpovparser -DIP_isp -DIP_jpeg -DIP_mb -DIP_mpc -DIP_pdm -DIP_pmu -DIP_ppc -DIP_pwm -DIP_rtc -DIP_scu -DIP_sensorctrl -DIP_spi -DIP_swreg_aon -DIP_swreg_lsc -DIP_timer -DIP_tpg -DIP_u55 -DIP_uart -DIP_vad -DIP_watchdog -DIP_xdma -DLIB_CMSIS_NN -DLIB_COMMON -DLIB_I2C_COMM -DLIB_PWRMGMT -DLIB_QSPI_EEPROM -DLIB_SENSORDP -DLIB_SPI_EEPROM -DLIB_SPI_PTL -DMID_FATFS -DOS_FREERTOS_10_5_1 -DSPI_EEPROM_USE_WB_25Q128JW_INST_ -DTFLM2209_U55TAG2205 -DTF_LITE_MCU_DEBUG_LOG -DTF_LITE_STATIC_MEMORY -DTRUSTZONE -DTRUSTZONE_CFG -DTRUSTZONE_SEC -DTRUSTZONE_SEC_ONLY -DWW130_CLI -D__GNU__ -D__NEWLIB__ -DconfigENABLE_MPU=0 -Dseeed -I./CMSIS -I./CMSIS/Driver/Include -I./app -I./app/ww_projects -I./app/ww_projects/ww130_cli -I./app/ww_projects/ww130_cli/cis_sensor/cis_ov5647 -I./board -I./board/epii_evb -I./board/epii_evb/config -I./cmsis_drivers/SPI -I./customer/sec_inc/seeed -I./device -I./device/clib -I./device/inc -I./drivers -I./drivers/2x2 -I./drivers/5x5 -I./drivers/adcc -I./drivers/adcc_hv -I./drivers/cdm -I./drivers/csirx -I./drivers/csitx -I./drivers/dma -I./drivers/dp -I./drivers/edm -I./drivers/gpio -I./drivers/hxautoi2c_mst -I./drivers/i2s -I./drivers/i3c_mst -I./drivers/i3c_slv -I./drivers/iic -I./drivers/inc -I./drivers/inp -I./drivers/inp1bitparser -I./drivers/inpovparser -I./drivers/isp -I./drivers/jpeg -I./drivers/mb -I./drivers/mpc -I./drivers/pdm -I./drivers/pmu -I./drivers/ppc -I./drivers/pwm -I./drivers/rtc -I./drivers/scu -I./drivers/seconly_inc -I./drivers/sensorctrl -I./drivers/spi -I./drivers/swreg_aon -I./drivers/swreg_lsc -I./drivers/timer -I./drivers/tpg -I./drivers/u55 -I./drivers/uart -I./drivers/vad -I./drivers/watchdog -I./drivers/xdma -I./external -I./external/cis/ -I./external/cis/hm_common -I./external/inc -I./interface -I./library/cmsis_nn/cmsis_nn -I./library/cmsis_nn/cmsis_nn/Include -I./library/common -I./library/i2c_comm -I./library/inference/tflmtag2209_u55tag2205 -I./library/inference/tflmtag2209_u55tag2205/tensorflow/lite -I./library/inference/tflmtag2209_u55tag2205/tensorflow/lite/c -I./library/inference/tflmtag2209_u55tag2205/tensorflow/lite/core/api -I./library/inference/tflmtag2209_u55tag2205/tensorflow/lite/kernels -I./library/inference/tflmtag2209_u55tag2205/tensorflow/lite/kernels/internal -I./library/inference/tflmtag2209_u55tag2205/tensorflow/lite/kernels/internal/reference -I./library/inference/tflmtag2209_u55tag2205/tensorflow/lite/micro -I./library/inference/tflmtag2209_u55tag2205/tensorflow/lite/micro/kernels -I./library/inference/tflmtag2209_u55tag2205/tensorflow/lite/schema -I./library/inference/tflmtag2209_u55tag2205/third_party -I./library/inference/tflmtag2209_u55tag2205/third_party/ethos_u_core_driver/include -I./library/inference/tflmtag2209_u55tag2205/third_party/flatbuffers/include -I./library/inference/tflmtag2209_u55tag2205/third_party/gemmlowp -I./library/inference/tflmtag2209_u55tag2205/third_party/ruy -I./library/pwrmgmt -I./library/pwrmgmt/seconly_inc -I./library/sensordp/inc -I./library/sensordp/internal_inc -I./library/spi_eeprom -I./library/spi_eeprom/eeprom_param -I./library/spi_ptl -I./middleware/fatfs/port/mmc_spi -I./middleware/fatfs/source -I./os/freertos_10_5_1/NTZ/config -I./os/freertos_10_5_1/NTZ/freertos_kernel/include -I./os/freertos_10_5_1/NTZ/freertos_kernel/portable -I./os/freertos_10_5_1/NTZ/freertos_kernel/portable/GCC/ARM_CM55_NTZ/non_secure -I./os/freertos_10_5_1/NTZ/freertos_kernel/portable/MemMang -I./trustzone/tz_cfg -fmacro-prefix-map="../obj_epii_evb_icv30_bdv10/gnu_epii_evb_WLCSP65/app/ww_projects/ww130_cli/"=. -MMD -MP -MF"obj_epii_evb_icv30_bdv10/gnu_epii_evb_WLCSP65/app/ww_projects/ww130_cli/crc16_ccitt.d" -MT"obj_epii_evb_icv30_bdv10/gnu_epii_evb_WLCSP65/app/ww_projects/ww130_cli/crc16_ccitt.o" -MT"obj_epii_evb_icv30_bdv10/gnu_epii_evb_WLCSP65/app/ww_projects/ww130_cli/crc16_ccitt.d" -std=gnu11 -o "obj_epii_evb_icv30_bdv10/gnu_epii_evb_WLCSP65/app/ww_projects/ww130_cli/crc16_ccitt.o" "app/ww_projects/ww130_cli/crc16_ccitt.c"
"Compiling             : " app/ww_projects/ww130_cli/printf_x.c
arm-none-eabi-gcc -mthumb -mcpu=cortex-m55  -DARMCM55 -mfloat-abi=hard -c -ffunction-sections -fdata-sections -Wall   -fstack-usage -flax-vector-conversions  -mcmse      -O2 -g -DARM_MATH_DSP -DARM_MATH_LOOPUNROLL -DARM_MATH_MVEI -DCM55_BIG -DCMSIS_DRIVERS_SPI -DCMSIS_NN -DCOREV_0P9V -DDBG_MORE -DDEBUG -DENABLE_OS -DEPII_EVB -DETHOSU55 -DETHOSU_ARCH=u55 -DETHOSU_LOG_SEVERITY=ETHOSU_LOG_WARN -DETHOS_U -DFATFS_PORT_mmc_spi -DFREERTOS -DFREERTOS_SECONLY -DHM_COMMON -DIC_PACKAGE_WLCSP65 -DIC_VERSION=30 -DIP_2x2 -DIP_5x5 -DIP_INST_ADCC -DIP_INST_ADCC_HV -DIP_INST_AON_GPIO -DIP_INST_DMA0 -DIP_INST_DMA1 -DIP_INST_DMA2 -DIP_INST_DMA3 -DIP_INST_GPIO_G0 -DIP_INST_GPIO_G1 -DIP_INST_GPIO_G2 -DIP_INST_GPIO_G3 -DIP_INST_I2S_HOST -DIP_INST_I2S_SLAVE -DIP_INST_IIC_HOST -DIP_INST_IIC_HOST_MIPI -DIP_INST_IIC_HOST_SENSOR -DIP_INST_IIC_SLAVE0 -DIP_INST_IIC_SLAVE1 -DIP_INST_OSPI_HOST -DIP_INST_PWM0 -DIP_INST_PWM1 -DIP_INST_PWM2 -DIP_INST_QSPI_HOST -DIP_INST_RTC0 -DIP_INST_RTC1 -DIP_INST_RTC2 -DIP_INST_SB_GPIO -DIP_INST_SSPI_HOST -DIP_INST_SSPI_SLAVE -DIP_INST_TIMER0 -DIP_INST_TIMER1 -DIP_INST_TIMER2 -DIP_INST_TIMER3 -DIP_INST_TIMER4 -DIP_INST_TIMER5 -DIP_INST_TIMER6 -DIP_INST_TIMER7 -DIP_INST_TIMER8 -DIP_INST_UART0 -DIP_INST_UART1 -DIP_INST_UART2 -DIP_INST_WDT0 -DIP_INST_WDT1 -DIP_adcc -DIP_adcc_hv -DIP_cdm -DIP_csirx -DIP_csitx -DIP_dma -DIP_dp -DIP_edm -DIP_gpio -DIP_hxautoi2c_mst -DIP_i2s -DIP_i3c_mst -DIP_i3c_slv -DIP_iic -DIP_inp -DIP_inp1bitparser -DIP_inpovparser -DIP_isp -DIP_jpeg -DIP_mb -DIP_mpc -DIP_pdm -DIP_pmu -DIP_ppc -DIP_pwm -DIP_rtc -DIP_scu -DIP_sensorctrl -DIP_spi -DIP_swreg_aon -DIP_swreg_lsc -DIP_timer -DIP_tpg -DIP_u55 -DIP_uart -DIP_vad -DIP_watchdog -DIP_xdma -DLIB_CMSIS_NN -DLIB_COMMON -DLIB_I2C_COMM -DLIB_PWRMGMT -DLIB_QSPI_EEPROM -DLIB_SENSORDP -DLIB_SPI_EEPROM -DLIB_SPI_PTL -DMID_FATFS -DOS_FREERTOS_10_5_1 -DSPI_EEPROM_USE_WB_25Q128JW_INST_ -DTFLM2209_U55TAG2205 -DTF_LITE_MCU_DEBUG_LOG -DTF_LITE_STATIC_MEMORY -DTRUSTZONE -DTRUSTZONE_CFG -DTRUSTZONE_SEC -DTRUSTZONE_SEC_ONLY -DWW130_CLI -D__GNU__ -D__NEWLIB__ -DconfigENABLE_MPU=0 -Dseeed -I./CMSIS -I./CMSIS/Driver/Include -I./app -I./app/ww_projects -I./app/ww_projects/ww130_cli -I./app/ww_projects/ww130_cli/cis_sensor/cis_ov5647 -I./board -I./board/epii_evb -I./board/epii_evb/config -I./cmsis_drivers/SPI -I./customer/sec_inc/seeed -I./device -I./device/clib -I./device/inc -I./drivers -I./drivers/2x2 -I./drivers/5x5 -I./drivers/adcc -I./drivers/adcc_hv -I./drivers/cdm -I./drivers/csirx -I./drivers/csitx -I./drivers/dma -I./drivers/dp -I./drivers/edm -I./drivers/gpio -I./drivers/hxautoi2c_mst -I./drivers/i2s -I./drivers/i3c_mst -I./drivers/i3c_slv -I./drivers/iic -I./drivers/inc -I./drivers/inp -I./drivers/inp1bitparser -I./drivers/inpovparser -I./drivers/isp -I./drivers/jpeg -I./drivers/mb -I./drivers/mpc -I./drivers/pdm -I./drivers/pmu -I./drivers/ppc -I./drivers/pwm -I./drivers/rtc -I./drivers/scu -I./drivers/seconly_inc -I./drivers/sensorctrl -I./drivers/spi -I./drivers/swreg_aon -I./drivers/swreg_lsc -I./drivers/timer -I./drivers/tpg -I./drivers/u55 -I./drivers/uart -I./drivers/vad -I./drivers/watchdog -I./drivers/xdma -I./external -I./external/cis/ -I./external/cis/hm_common -I./external/inc -I./interface -I./library/cmsis_nn/cmsis_nn -I./library/cmsis_nn/cmsis_nn/Include -I./library/common -I./library/i2c_comm -I./library/inference/tflmtag2209_u55tag2205 -I./library/inference/tflmtag2209_u55tag2205/tensorflow/lite -I./library/inference/tflmtag2209_u55tag2205/tensorflow/lite/c -I./library/inference/tflmtag2209_u55tag2205/tensorflow/lite/core/api -I./library/inference/tflmtag2209_u55tag2205/tensorflow/lite/kernels -I./library/inference/tflmtag2209_u55tag2205/tensorflow/lite/kernels/internal -I./library/inference/tflmtag2209_u55tag2205/tensorflow/lite/kernels/internal/reference -I./library/inference/tflmtag2209_u55tag2205/tensorflow/lite/micro -I./library/inference/tflmtag2209_u55tag2205/tensorflow/lite/micro/kernels -I./library/inference/tflmtag2209_u55tag2205/tensorflow/lite/schema -I./library/inference/tflmtag2209_u55tag2205/third_party -I./library/inference/tflmtag2209_u55tag2205/third_party/ethos_u_core_driver/include -I./library/inference/tflmtag2209_u55tag2205/third_party/flatbuffers/include -I./library/inference/tflmtag2209_u55tag2205/third_party/gemmlowp -I./library/inference/tflmtag2209_u55tag2205/third_party/ruy -I./library/pwrmgmt -I./library/pwrmgmt/seconly_inc -I./library/sensordp/inc -I./library/sensordp/internal_inc -I./library/spi_eeprom -I./library/spi_eeprom/eeprom_param -I./library/spi_ptl -I./middleware/fatfs/port/mmc_spi -I./middleware/fatfs/source -I./os/freertos_10_5_1/NTZ/config -I./os/freertos_10_5_1/NTZ/freertos_kernel/include -I./os/freertos_10_5_1/NTZ/freertos_kernel/portable -I./os/freertos_10_5_1/NTZ/freertos_kernel/portable/GCC/ARM_CM55_NTZ/non_secure -I./os/freertos_10_5_1/NTZ/freertos_kernel/portable/MemMang -I./trustzone/tz_cfg -fmacro-prefix-map="../obj_epii_evb_icv30_bdv10/gnu_epii_evb_WLCSP65/app/ww_projects/ww130_cli/"=. -MMD -MP -MF"obj_epii_evb_icv30_bdv10/gnu_epii_evb_WLCSP65/app/ww_projects/ww130_cli/printf_x.d" -MT"obj_epii_evb_icv30_bdv10/gnu_epii_evb_WLCSP65/app/ww_projects/ww130_cli/printf_x.o" -MT"obj_epii_evb_icv30_bdv10/gnu_epii_evb_WLCSP65/app/ww_projects/ww130_cli/printf_x.d" -std=gnu11 -o "obj_epii_evb_icv30_bdv10/gnu_epii_evb_WLCSP65/app/ww_projects/ww130_cli/printf_x.o" "app/ww_projects/ww130_cli/printf_x.c"
"Compiling             : " app/ww_projects/ww130_cli/FreeRTOS_CLI.c
arm-none-eabi-gcc -mthumb -mcpu=cortex-m55  -DARMCM55 -mfloat-abi=hard -c -ffunction-sections -fdata-sections -Wall   -fstack-usage -flax-vector-conversions  -mcmse      -O2 -g -DARM_MATH_DSP -DARM_MATH_LOOPUNROLL -DARM_MATH_MVEI -DCM55_BIG -DCMSIS_DRIVERS_SPI -DCMSIS_NN -DCOREV_0P9V -DDBG_MORE -DDEBUG -DENABLE_OS -DEPII_EVB -DETHOSU55 -DETHOSU_ARCH=u55 -DETHOSU_LOG_SEVERITY=ETHOSU_LOG_WARN -DETHOS_U -DFATFS_PORT_mmc_spi -DFREERTOS -DFREERTOS_SECONLY -DHM_COMMON -DIC_PACKAGE_WLCSP65 -DIC_VERSION=30 -DIP_2x2 -DIP_5x5 -DIP_INST_ADCC -DIP_INST_ADCC_HV -DIP_INST_AON_GPIO -DIP_INST_DMA0 -DIP_INST_DMA1 -DIP_INST_DMA2 -DIP_INST_DMA3 -DIP_INST_GPIO_G0 -DIP_INST_GPIO_G1 -DIP_INST_GPIO_G2 -DIP_INST_GPIO_G3 -DIP_INST_I2S_HOST -DIP_INST_I2S_SLAVE -DIP_INST_IIC_HOST -DIP_INST_IIC_HOST_MIPI -DIP_INST_IIC_HOST_SENSOR -DIP_INST_IIC_SLAVE0 -DIP_INST_IIC_SLAVE1 -DIP_INST_OSPI_HOST -DIP_INST_PWM0 -DIP_INST_PWM1 -DIP_INST_PWM2 -DIP_INST_QSPI_HOST -DIP_INST_RTC0 -DIP_INST_RTC1 -DIP_INST_RTC2 -DIP_INST_SB_GPIO -DIP_INST_SSPI_HOST -DIP_INST_SSPI_SLAVE -DIP_INST_TIMER0 -DIP_INST_TIMER1 -DIP_INST_TIMER2 -DIP_INST_TIMER3 -DIP_INST_TIMER4 -DIP_INST_TIMER5 -DIP_INST_TIMER6 -DIP_INST_TIMER7 -DIP_INST_TIMER8 -DIP_INST_UART0 -DIP_INST_UART1 -DIP_INST_UART2 -DIP_INST_WDT0 -DIP_INST_WDT1 -DIP_adcc -DIP_adcc_hv -DIP_cdm -DIP_csirx -DIP_csitx -DIP_dma -DIP_dp -DIP_edm -DIP_gpio -DIP_hxautoi2c_mst -DIP_i2s -DIP_i3c_mst -DIP_i3c_slv -DIP_iic -DIP_inp -DIP_inp1bitparser -DIP_inpovparser -DIP_isp -DIP_jpeg -DIP_mb -DIP_mpc -DIP_pdm -DIP_pmu -DIP_ppc -DIP_pwm -DIP_rtc -DIP_scu -DIP_sensorctrl -DIP_spi -DIP_swreg_aon -DIP_swreg_lsc -DIP_timer -DIP_tpg -DIP_u55 -DIP_uart -DIP_vad -DIP_watchdog -DIP_xdma -DLIB_CMSIS_NN -DLIB_COMMON -DLIB_I2C_COMM -DLIB_PWRMGMT -DLIB_QSPI_EEPROM -DLIB_SENSORDP -DLIB_SPI_EEPROM -DLIB_SPI_PTL -DMID_FATFS -DOS_FREERTOS_10_5_1 -DSPI_EEPROM_USE_WB_25Q128JW_INST_ -DTFLM2209_U55TAG2205 -DTF_LITE_MCU_DEBUG_LOG -DTF_LITE_STATIC_MEMORY -DTRUSTZONE -DTRUSTZONE_CFG -DTRUSTZONE_SEC -DTRUSTZONE_SEC_ONLY -DWW130_CLI -D__GNU__ -D__NEWLIB__ -DconfigENABLE_MPU=0 -Dseeed -I./CMSIS -I./CMSIS/Driver/Include -I./app -I./app/ww_projects -I./app/ww_projects/ww130_cli -I./app/ww_projects/ww130_cli/cis_sensor/cis_ov5647 -I./board -I./board/epii_evb -I./board/epii_evb/config -I./cmsis_drivers/SPI -I./customer/sec_inc/seeed -I./device -I./device/clib -I./device/inc -I./drivers -I./drivers/2x2 -I./drivers/5x5 -I./drivers/adcc -I./drivers/adcc_hv -I./drivers/cdm -I./drivers/csirx -I./drivers/csitx -I./drivers/dma -I./drivers/dp -I./drivers/edm -I./drivers/gpio -I./drivers/hxautoi2c_mst -I./drivers/i2s -I./drivers/i3c_mst -I./drivers/i3c_slv -I./drivers/iic -I./drivers/inc -I./drivers/inp -I./drivers/inp1bitparser -I./drivers/inpovparser -I./drivers/isp -I./drivers/jpeg -I./drivers/mb -I./drivers/mpc -I./drivers/pdm -I./drivers/pmu -I./drivers/ppc -I./drivers/pwm -I./drivers/rtc -I./drivers/scu -I./drivers/seconly_inc -I./drivers/sensorctrl -I./drivers/spi -I./drivers/swreg_aon -I./drivers/swreg_lsc -I./drivers/timer -I./drivers/tpg -I./drivers/u55 -I./drivers/uart -I./drivers/vad -I./drivers/watchdog -I./drivers/xdma -I./external -I./external/cis/ -I./external/cis/hm_common -I./external/inc -I./interface -I./library/cmsis_nn/cmsis_nn -I./library/cmsis_nn/cmsis_nn/Include -I./library/common -I./library/i2c_comm -I./library/inference/tflmtag2209_u55tag2205 -I./library/inference/tflmtag2209_u55tag2205/tensorflow/lite -I./library/inference/tflmtag2209_u55tag2205/tensorflow/lite/c -I./library/inference/tflmtag2209_u55tag2205/tensorflow/lite/core/api -I./library/inference/tflmtag2209_u55tag2205/tensorflow/lite/kernels -I./library/inference/tflmtag2209_u55tag2205/tensorflow/lite/kernels/internal -I./library/inference/tflmtag2209_u55tag2205/tensorflow/lite/kernels/internal/reference -I./library/inference/tflmtag2209_u55tag2205/tensorflow/lite/micro -I./library/inference/tflmtag2209_u55tag2205/tensorflow/lite/micro/kernels -I./library/inference/tflmtag2209_u55tag2205/tensorflow/lite/schema -I./library/inference/tflmtag2209_u55tag2205/third_party -I./library/inference/tflmtag2209_u55tag2205/third_party/ethos_u_core_driver/include -I./library/inference/tflmtag2209_u55tag2205/third_party/flatbuffers/include -I./library/inference/tflmtag2209_u55tag2205/third_party/gemmlowp -I./library/inference/tflmtag2209_u55tag2205/third_party/ruy -I./library/pwrmgmt -I./library/pwrmgmt/seconly_inc -I./library/sensordp/inc -I./library/sensordp/internal_inc -I./library/spi_eeprom -I./library/spi_eeprom/eeprom_param -I./library/spi_ptl -I./middleware/fatfs/port/mmc_spi -I./middleware/fatfs/source -I./os/freertos_10_5_1/NTZ/config -I./os/freertos_10_5_1/NTZ/freertos_kernel/include -I./os/freertos_10_5_1/NTZ/freertos_kernel/portable -I./os/freertos_10_5_1/NTZ/freertos_kernel/portable/GCC/ARM_CM55_NTZ/non_secure -I./os/freertos_10_5_1/NTZ/freertos_kernel/portable/MemMang -I./trustzone/tz_cfg -fmacro-prefix-map="../obj_epii_evb_icv30_bdv10/gnu_epii_evb_WLCSP65/app/ww_projects/ww130_cli/"=. -MMD -MP -MF"obj_epii_evb_icv30_bdv10/gnu_epii_evb_WLCSP65/app/ww_projects/ww130_cli/FreeRTOS_CLI.d" -MT"obj_epii_evb_icv30_bdv10/gnu_epii_evb_WLCSP65/app/ww_projects/ww130_cli/FreeRTOS_CLI.o" -MT"obj_epii_evb_icv30_bdv10/gnu_epii_evb_WLCSP65/app/ww_projects/ww130_cli/FreeRTOS_CLI.d" -std=gnu11 -o "obj_epii_evb_icv30_bdv10/gnu_epii_evb_WLCSP65/app/ww_projects/ww130_cli/FreeRTOS_CLI.o" "app/ww_projects/ww130_cli/FreeRTOS_CLI.c"
"Compiling             : " app/ww_projects/ww130_cli/if_task.c
arm-none-eabi-gcc -mthumb -mcpu=cortex-m55  -DARMCM55 -mfloat-abi=hard -c -ffunction-sections -fdata-sections -Wall   -fstack-usage -flax-vector-conversions  -mcmse      -O2 -g -DARM_MATH_DSP -DARM_MATH_LOOPUNROLL -DARM_MATH_MVEI -DCM55_BIG -DCMSIS_DRIVERS_SPI -DCMSIS_NN -DCOREV_0P9V -DDBG_MORE -DDEBUG -DENABLE_OS -DEPII_EVB -DETHOSU55 -DETHOSU_ARCH=u55 -DETHOSU_LOG_SEVERITY=ETHOSU_LOG_WARN -DETHOS_U -DFATFS_PORT_mmc_spi -DFREERTOS -DFREERTOS_SECONLY -DHM_COMMON -DIC_PACKAGE_WLCSP65 -DIC_VERSION=30 -DIP_2x2 -DIP_5x5 -DIP_INST_ADCC -DIP_INST_ADCC_HV -DIP_INST_AON_GPIO -DIP_INST_DMA0 -DIP_INST_DMA1 -DIP_INST_DMA2 -DIP_INST_DMA3 -DIP_INST_GPIO_G0 -DIP_INST_GPIO_G1 -DIP_INST_GPIO_G2 -DIP_INST_GPIO_G3 -DIP_INST_I2S_HOST -DIP_INST_I2S_SLAVE -DIP_INST_IIC_HOST -DIP_INST_IIC_HOST_MIPI -DIP_INST_IIC_HOST_SENSOR -DIP_INST_IIC_SLAVE0 -DIP_INST_IIC_SLAVE1 -DIP_INST_OSPI_HOST -DIP_INST_PWM0 -DIP_INST_PWM1 -DIP_INST_PWM2 -DIP_INST_QSPI_HOST -DIP_INST_RTC0 -DIP_INST_RTC1 -DIP_INST_RTC2 -DIP_INST_SB_GPIO -DIP_INST_SSPI_HOST -DIP_INST_SSPI_SLAVE -DIP_INST_TIMER0 -DIP_INST_TIMER1 -DIP_INST_TIMER2 -DIP_INST_TIMER3 -DIP_INST_TIMER4 -DIP_INST_TIMER5 -DIP_INST_TIMER6 -DIP_INST_TIMER7 -DIP_INST_TIMER8 -DIP_INST_UART0 -DIP_INST_UART1 -DIP_INST_UART2 -DIP_INST_WDT0 -DIP_INST_WDT1 -DIP_adcc -DIP_adcc_hv -DIP_cdm -DIP_csirx -DIP_csitx -DIP_dma -DIP_dp -DIP_edm -DIP_gpio -DIP_hxautoi2c_mst -DIP_i2s -DIP_i3c_mst -DIP_i3c_slv -DIP_iic -DIP_inp -DIP_inp1bitparser -DIP_inpovparser -DIP_isp -DIP_jpeg -DIP_mb -DIP_mpc -DIP_pdm -DIP_pmu -DIP_ppc -DIP_pwm -DIP_rtc -DIP_scu -DIP_sensorctrl -DIP_spi -DIP_swreg_aon -DIP_swreg_lsc -DIP_timer -DIP_tpg -DIP_u55 -DIP_uart -DIP_vad -DIP_watchdog -DIP_xdma -DLIB_CMSIS_NN -DLIB_COMMON -DLIB_I2C_COMM -DLIB_PWRMGMT -DLIB_QSPI_EEPROM -DLIB_SENSORDP -DLIB_SPI_EEPROM -DLIB_SPI_PTL -DMID_FATFS -DOS_FREERTOS_10_5_1 -DSPI_EEPROM_USE_WB_25Q128JW_INST_ -DTFLM2209_U55TAG2205 -DTF_LITE_MCU_DEBUG_LOG -DTF_LITE_STATIC_MEMORY -DTRUSTZONE -DTRUSTZONE_CFG -DTRUSTZONE_SEC -DTRUSTZONE_SEC_ONLY -DWW130_CLI -D__GNU__ -D__NEWLIB__ -DconfigENABLE_MPU=0 -Dseeed -I./CMSIS -I./CMSIS/Driver/Include -I./app -I./app/ww_projects -I./app/ww_projects/ww130_cli -I./app/ww_projects/ww130_cli/cis_sensor/cis_ov5647 -I./board -I./board/epii_evb -I./board/epii_evb/config -I./cmsis_drivers/SPI -I./customer/sec_inc/seeed -I./device -I./device/clib -I./device/inc -I./drivers -I./drivers/2x2 -I./drivers/5x5 -I./drivers/adcc -I./drivers/adcc_hv -I./drivers/cdm -I./drivers/csirx -I./drivers/csitx -I./drivers/dma -I./drivers/dp -I./drivers/edm -I./drivers/gpio -I./drivers/hxautoi2c_mst -I./drivers/i2s -I./drivers/i3c_mst -I./drivers/i3c_slv -I./drivers/iic -I./drivers/inc -I./drivers/inp -I./drivers/inp1bitparser -I./drivers/inpovparser -I./drivers/isp -I./drivers/jpeg -I./drivers/mb -I./drivers/mpc -I./drivers/pdm -I./drivers/pmu -I./drivers/ppc -I./drivers/pwm -I./drivers/rtc -I./drivers/scu -I./drivers/seconly_inc -I./drivers/sensorctrl -I./drivers/spi -I./drivers/swreg_aon -I./drivers/swreg_lsc -I./drivers/timer -I./drivers/tpg -I./drivers/u55 -I./drivers/uart -I./drivers/vad -I./drivers/watchdog -I./drivers/xdma -I./external -I./external/cis/ -I./external/cis/hm_common -I./external/inc -I./interface -I./library/cmsis_nn/cmsis_nn -I./library/cmsis_nn/cmsis_nn/Include -I./library/common -I./library/i2c_comm -I./library/inference/tflmtag2209_u55tag2205 -I./library/inference/tflmtag2209_u55tag2205/tensorflow/lite -I./library/inference/tflmtag2209_u55tag2205/tensorflow/lite/c -I./library/inference/tflmtag2209_u55tag2205/tensorflow/lite/core/api -I./library/inference/tflmtag2209_u55tag2205/tensorflow/lite/kernels -I./library/inference/tflmtag2209_u55tag2205/tensorflow/lite/kernels/internal -I./library/inference/tflmtag2209_u55tag2205/tensorflow/lite/kernels/internal/reference -I./library/inference/tflmtag2209_u55tag2205/tensorflow/lite/micro -I./library/inference/tflmtag2209_u55tag2205/tensorflow/lite/micro/kernels -I./library/inference/tflmtag2209_u55tag2205/tensorflow/lite/schema -I./library/inference/tflmtag2209_u55tag2205/third_party -I./library/inference/tflmtag2209_u55tag2205/third_party/ethos_u_core_driver/include -I./library/inference/tflmtag2209_u55tag2205/third_party/flatbuffers/include -I./library/inference/tflmtag2209_u55tag2205/third_party/gemmlowp -I./library/inference/tflmtag2209_u55tag2205/third_party/ruy -I./library/pwrmgmt -I./library/pwrmgmt/seconly_inc -I./library/sensordp/inc -I./library/sensordp/internal_inc -I./library/spi_eeprom -I./library/spi_eeprom/eeprom_param -I./library/spi_ptl -I./middleware/fatfs/port/mmc_spi -I./middleware/fatfs/source -I./os/freertos_10_5_1/NTZ/config -I./os/freertos_10_5_1/NTZ/freertos_kernel/include -I./os/freertos_10_5_1/NTZ/freertos_kernel/portable -I./os/freertos_10_5_1/NTZ/freertos_kernel/portable/GCC/ARM_CM55_NTZ/non_secure -I./os/freertos_10_5_1/NTZ/freertos_kernel/portable/MemMang -I./trustzone/tz_cfg -fmacro-prefix-map="../obj_epii_evb_icv30_bdv10/gnu_epii_evb_WLCSP65/app/ww_projects/ww130_cli/"=. -MMD -MP -MF"obj_epii_evb_icv30_bdv10/gnu_epii_evb_WLCSP65/app/ww_projects/ww130_cli/if_task.d" -MT"obj_epii_evb_icv30_bdv10/gnu_epii_evb_WLCSP65/app/ww_projects/ww130_cli/if_task.o" -MT"obj_epii_evb_icv30_bdv10/gnu_epii_evb_WLCSP65/app/ww_projects/ww130_cli/if_task.d" -std=gnu11 -o "obj_epii_evb_icv30_bdv10/gnu_epii_evb_WLCSP65/app/ww_projects/ww130_cli/if_task.o" "app/ww_projects/ww130_cli/if_task.c"
"Compiling             : " app/ww_projects/ww130_cli/ww130_cli.c
arm-none-eabi-gcc -mthumb -mcpu=cortex-m55  -DARMCM55 -mfloat-abi=hard -c -ffunction-sections -fdata-sections -Wall   -fstack-usage -flax-vector-conversions  -mcmse      -O2 -g -DARM_MATH_DSP -DARM_MATH_LOOPUNROLL -DARM_MATH_MVEI -DCM55_BIG -DCMSIS_DRIVERS_SPI -DCMSIS_NN -DCOREV_0P9V -DDBG_MORE -DDEBUG -DENABLE_OS -DEPII_EVB -DETHOSU55 -DETHOSU_ARCH=u55 -DETHOSU_LOG_SEVERITY=ETHOSU_LOG_WARN -DETHOS_U -DFATFS_PORT_mmc_spi -DFREERTOS -DFREERTOS_SECONLY -DHM_COMMON -DIC_PACKAGE_WLCSP65 -DIC_VERSION=30 -DIP_2x2 -DIP_5x5 -DIP_INST_ADCC -DIP_INST_ADCC_HV -DIP_INST_AON_GPIO -DIP_INST_DMA0 -DIP_INST_DMA1 -DIP_INST_DMA2 -DIP_INST_DMA3 -DIP_INST_GPIO_G0 -DIP_INST_GPIO_G1 -DIP_INST_GPIO_G2 -DIP_INST_GPIO_G3 -DIP_INST_I2S_HOST -DIP_INST_I2S_SLAVE -DIP_INST_IIC_HOST -DIP_INST_IIC_HOST_MIPI -DIP_INST_IIC_HOST_SENSOR -DIP_INST_IIC_SLAVE0 -DIP_INST_IIC_SLAVE1 -DIP_INST_OSPI_HOST -DIP_INST_PWM0 -DIP_INST_PWM1 -DIP_INST_PWM2 -DIP_INST_QSPI_HOST -DIP_INST_RTC0 -DIP_INST_RTC1 -DIP_INST_RTC2 -DIP_INST_SB_GPIO -DIP_INST_SSPI_HOST -DIP_INST_SSPI_SLAVE -DIP_INST_TIMER0 -DIP_INST_TIMER1 -DIP_INST_TIMER2 -DIP_INST_TIMER3 -DIP_INST_TIMER4 -DIP_INST_TIMER5 -DIP_INST_TIMER6 -DIP_INST_TIMER7 -DIP_INST_TIMER8 -DIP_INST_UART0 -DIP_INST_UART1 -DIP_INST_UART2 -DIP_INST_WDT0 -DIP_INST_WDT1 -DIP_adcc -DIP_adcc_hv -DIP_cdm -DIP_csirx -DIP_csitx -DIP_dma -DIP_dp -DIP_edm -DIP_gpio -DIP_hxautoi2c_mst -DIP_i2s -DIP_i3c_mst -DIP_i3c_slv -DIP_iic -DIP_inp -DIP_inp1bitparser -DIP_inpovparser -DIP_isp -DIP_jpeg -DIP_mb -DIP_mpc -DIP_pdm -DIP_pmu -DIP_ppc -DIP_pwm -DIP_rtc -DIP_scu -DIP_sensorctrl -DIP_spi -DIP_swreg_aon -DIP_swreg_lsc -DIP_timer -DIP_tpg -DIP_u55 -DIP_uart -DIP_vad -DIP_watchdog -DIP_xdma -DLIB_CMSIS_NN -DLIB_COMMON -DLIB_I2C_COMM -DLIB_PWRMGMT -DLIB_QSPI_EEPROM -DLIB_SENSORDP -DLIB_SPI_EEPROM -DLIB_SPI_PTL -DMID_FATFS -DOS_FREERTOS_10_5_1 -DSPI_EEPROM_USE_WB_25Q128JW_INST_ -DTFLM2209_U55TAG2205 -DTF_LITE_MCU_DEBUG_LOG -DTF_LITE_STATIC_MEMORY -DTRUSTZONE -DTRUSTZONE_CFG -DTRUSTZONE_SEC -DTRUSTZONE_SEC_ONLY -DWW130_CLI -D__GNU__ -D__NEWLIB__ -DconfigENABLE_MPU=0 -Dseeed -I./CMSIS -I./CMSIS/Driver/Include -I./app -I./app/ww_projects -I./app/ww_projects/ww130_cli -I./app/ww_projects/ww130_cli/cis_sensor/cis_ov5647 -I./board -I./board/epii_evb -I./board/epii_evb/config -I./cmsis_drivers/SPI -I./customer/sec_inc/seeed -I./device -I./device/clib -I./device/inc -I./drivers -I./drivers/2x2 -I./drivers/5x5 -I./drivers/adcc -I./drivers/adcc_hv -I./drivers/cdm -I./drivers/csirx -I./drivers/csitx -I./drivers/dma -I./drivers/dp -I./drivers/edm -I./drivers/gpio -I./drivers/hxautoi2c_mst -I./drivers/i2s -I./drivers/i3c_mst -I./drivers/i3c_slv -I./drivers/iic -I./drivers/inc -I./drivers/inp -I./drivers/inp1bitparser -I./drivers/inpovparser -I./drivers/isp -I./drivers/jpeg -I./drivers/mb -I./drivers/mpc -I./drivers/pdm -I./drivers/pmu -I./drivers/ppc -I./drivers/pwm -I./drivers/rtc -I./drivers/scu -I./drivers/seconly_inc -I./drivers/sensorctrl -I./drivers/spi -I./drivers/swreg_aon -I./drivers/swreg_lsc -I./drivers/timer -I./drivers/tpg -I./drivers/u55 -I./drivers/uart -I./drivers/vad -I./drivers/watchdog -I./drivers/xdma -I./external -I./external/cis/ -I./external/cis/hm_common -I./external/inc -I./interface -I./library/cmsis_nn/cmsis_nn -I./library/cmsis_nn/cmsis_nn/Include -I./library/common -I./library/i2c_comm -I./library/inference/tflmtag2209_u55tag2205 -I./library/inference/tflmtag2209_u55tag2205/tensorflow/lite -I./library/inference/tflmtag2209_u55tag2205/tensorflow/lite/c -I./library/inference/tflmtag2209_u55tag2205/tensorflow/lite/core/api -I./library/inference/tflmtag2209_u55tag2205/tensorflow/lite/kernels -I./library/inference/tflmtag2209_u55tag2205/tensorflow/lite/kernels/internal -I./library/inference/tflmtag2209_u55tag2205/tensorflow/lite/kernels/internal/reference -I./library/inference/tflmtag2209_u55tag2205/tensorflow/lite/micro -I./library/inference/tflmtag2209_u55tag2205/tensorflow/lite/micro/kernels -I./library/inference/tflmtag2209_u55tag2205/tensorflow/lite/schema -I./library/inference/tflmtag2209_u55tag2205/third_party -I./library/inference/tflmtag2209_u55tag2205/third_party/ethos_u_core_driver/include -I./library/inference/tflmtag2209_u55tag2205/third_party/flatbuffers/include -I./library/inference/tflmtag2209_u55tag2205/third_party/gemmlowp -I./library/inference/tflmtag2209_u55tag2205/third_party/ruy -I./library/pwrmgmt -I./library/pwrmgmt/seconly_inc -I./library/sensordp/inc -I./library/sensordp/internal_inc -I./library/spi_eeprom -I./library/spi_eeprom/eeprom_param -I./library/spi_ptl -I./middleware/fatfs/port/mmc_spi -I./middleware/fatfs/source -I./os/freertos_10_5_1/NTZ/config -I./os/freertos_10_5_1/NTZ/freertos_kernel/include -I./os/freertos_10_5_1/NTZ/freertos_kernel/portable -I./os/freertos_10_5_1/NTZ/freertos_kernel/portable/GCC/ARM_CM55_NTZ/non_secure -I./os/freertos_10_5_1/NTZ/freertos_kernel/portable/MemMang -I./trustzone/tz_cfg -fmacro-prefix-map="../obj_epii_evb_icv30_bdv10/gnu_epii_evb_WLCSP65/app/ww_projects/ww130_cli/"=. -MMD -MP -MF"obj_epii_evb_icv30_bdv10/gnu_epii_evb_WLCSP65/app/ww_projects/ww130_cli/ww130_cli.d" -MT"obj_epii_evb_icv30_bdv10/gnu_epii_evb_WLCSP65/app/ww_projects/ww130_cli/ww130_cli.o" -MT"obj_epii_evb_icv30_bdv10/gnu_epii_evb_WLCSP65/app/ww_projects/ww130_cli/ww130_cli.d" -std=gnu11 -o "obj_epii_evb_icv30_bdv10/gnu_epii_evb_WLCSP65/app/ww_projects/ww130_cli/ww130_cli.o" "app/ww_projects/ww130_cli/ww130_cli.c"
"Compiling             : " app/ww_projects/ww130_cli/ww130_cli.ld
arm-none-eabi-gcc -mthumb -mcpu=cortex-m55  -DARMCM55 -mfloat-abi=hard -DARM_MATH_DSP -DARM_MATH_LOOPUNROLL -DARM_MATH_MVEI -DCM55_BIG -DCMSIS_DRIVERS_SPI -DCMSIS_NN -DCOREV_0P9V -DDBG_MORE -DDEBUG -DENABLE_OS -DEPII_EVB -DETHOSU55 -DETHOSU_ARCH=u55 -DETHOSU_LOG_SEVERITY=ETHOSU_LOG_WARN -DETHOS_U -DFATFS_PORT_mmc_spi -DFREERTOS -DFREERTOS_SECONLY -DHM_COMMON -DIC_PACKAGE_WLCSP65 -DIC_VERSION=30 -DIP_2x2 -DIP_5x5 -DIP_INST_ADCC -DIP_INST_ADCC_HV -DIP_INST_AON_GPIO -DIP_INST_DMA0 -DIP_INST_DMA1 -DIP_INST_DMA2 -DIP_INST_DMA3 -DIP_INST_GPIO_G0 -DIP_INST_GPIO_G1 -DIP_INST_GPIO_G2 -DIP_INST_GPIO_G3 -DIP_INST_I2S_HOST -DIP_INST_I2S_SLAVE -DIP_INST_IIC_HOST -DIP_INST_IIC_HOST_MIPI -DIP_INST_IIC_HOST_SENSOR -DIP_INST_IIC_SLAVE0 -DIP_INST_IIC_SLAVE1 -DIP_INST_OSPI_HOST -DIP_INST_PWM0 -DIP_INST_PWM1 -DIP_INST_PWM2 -DIP_INST_QSPI_HOST -DIP_INST_RTC0 -DIP_INST_RTC1 -DIP_INST_RTC2 -DIP_INST_SB_GPIO -DIP_INST_SSPI_HOST -DIP_INST_SSPI_SLAVE -DIP_INST_TIMER0 -DIP_INST_TIMER1 -DIP_INST_TIMER2 -DIP_INST_TIMER3 -DIP_INST_TIMER4 -DIP_INST_TIMER5 -DIP_INST_TIMER6 -DIP_INST_TIMER7 -DIP_INST_TIMER8 -DIP_INST_UART0 -DIP_INST_UART1 -DIP_INST_UART2 -DIP_INST_WDT0 -DIP_INST_WDT1 -DIP_adcc -DIP_adcc_hv -DIP_cdm -DIP_csirx -DIP_csitx -DIP_dma -DIP_dp -DIP_edm -DIP_gpio -DIP_hxautoi2c_mst -DIP_i2s -DIP_i3c_mst -DIP_i3c_slv -DIP_iic -DIP_inp -DIP_inp1bitparser -DIP_inpovparser -DIP_isp -DIP_jpeg -DIP_mb -DIP_mpc -DIP_pdm -DIP_pmu -DIP_ppc -DIP_pwm -DIP_rtc -DIP_scu -DIP_sensorctrl -DIP_spi -DIP_swreg_aon -DIP_swreg_lsc -DIP_timer -DIP_tpg -DIP_u55 -DIP_uart -DIP_vad -DIP_watchdog -DIP_xdma -DLIB_CMSIS_NN -DLIB_COMMON -DLIB_I2C_COMM -DLIB_PWRMGMT -DLIB_QSPI_EEPROM -DLIB_SENSORDP -DLIB_SPI_EEPROM -DLIB_SPI_PTL -DMID_FATFS -DOS_FREERTOS_10_5_1 -DSPI_EEPROM_USE_WB_25Q128JW_INST_ -DTFLM2209_U55TAG2205 -DTF_LITE_MCU_DEBUG_LOG -DTF_LITE_STATIC_MEMORY -DTRUSTZONE -DTRUSTZONE_CFG -DTRUSTZONE_SEC -DTRUSTZONE_SEC_ONLY -DWW130_CLI -D__GNU__ -D__NEWLIB__ -DconfigENABLE_MPU=0 -Dseeed -I./CMSIS -I./CMSIS/Driver/Include -I./app -I./app/ww_projects -I./app/ww_projects/ww130_cli -I./app/ww_projects/ww130_cli/cis_sensor/cis_ov5647 -I./board -I./board/epii_evb -I./board/epii_evb/config -I./cmsis_drivers/SPI -I./customer/sec_inc/seeed -I./device -I./device/clib -I./device/inc -I./drivers -I./drivers/2x2 -I./drivers/5x5 -I./drivers/adcc -I./drivers/adcc_hv -I./drivers/cdm -I./drivers/csirx -I./drivers/csitx -I./drivers/dma -I./drivers/dp -I./drivers/edm -I./drivers/gpio -I./drivers/hxautoi2c_mst -I./drivers/i2s -I./drivers/i3c_mst -I./drivers/i3c_slv -I./drivers/iic -I./drivers/inc -I./drivers/inp -I./drivers/inp1bitparser -I./drivers/inpovparser -I./drivers/isp -I./drivers/jpeg -I./drivers/mb -I./drivers/mpc -I./drivers/pdm -I./drivers/pmu -I./drivers/ppc -I./drivers/pwm -I./drivers/rtc -I./drivers/scu -I./drivers/seconly_inc -I./drivers/sensorctrl -I./drivers/spi -I./drivers/swreg_aon -I./drivers/swreg_lsc -I./drivers/timer -I./drivers/tpg -I./drivers/u55 -I./drivers/uart -I./drivers/vad -I./drivers/watchdog -I./drivers/xdma -I./external -I./external/cis/ -I./external/cis/hm_common -I./external/inc -I./interface -I./library/cmsis_nn/cmsis_nn -I./library/cmsis_nn/cmsis_nn/Include -I./library/common -I./library/i2c_comm -I./library/inference/tflmtag2209_u55tag2205 -I./library/inference/tflmtag2209_u55tag2205/tensorflow/lite -I./library/inference/tflmtag2209_u55tag2205/tensorflow/lite/c -I./library/inference/tflmtag2209_u55tag2205/tensorflow/lite/core/api -I./library/inference/tflmtag2209_u55tag2205/tensorflow/lite/kernels -I./library/inference/tflmtag2209_u55tag2205/tensorflow/lite/kernels/internal -I./library/inference/tflmtag2209_u55tag2205/tensorflow/lite/kernels/internal/reference -I./library/inference/tflmtag2209_u55tag2205/tensorflow/lite/micro -I./library/inference/tflmtag2209_u55tag2205/tensorflow/lite/micro/kernels -I./library/inference/tflmtag2209_u55tag2205/tensorflow/lite/schema -I./library/inference/tflmtag2209_u55tag2205/third_party -I./library/inference/tflmtag2209_u55tag2205/third_party/ethos_u_core_driver/include -I./library/inference/tflmtag2209_u55tag2205/third_party/flatbuffers/include -I./library/inference/tflmtag2209_u55tag2205/third_party/gemmlowp -I./library/inference/tflmtag2209_u55tag2205/third_party/ruy -I./library/pwrmgmt -I./library/pwrmgmt/seconly_inc -I./library/sensordp/inc -I./library/sensordp/internal_inc -I./library/spi_eeprom -I./library/spi_eeprom/eeprom_param -I./library/spi_ptl -I./middleware/fatfs/port/mmc_spi -I./middleware/fatfs/source -I./os/freertos_10_5_1/NTZ/config -I./os/freertos_10_5_1/NTZ/freertos_kernel/include -I./os/freertos_10_5_1/NTZ/freertos_kernel/portable -I./os/freertos_10_5_1/NTZ/freertos_kernel/portable/GCC/ARM_CM55_NTZ/non_secure -I./os/freertos_10_5_1/NTZ/freertos_kernel/portable/MemMang -I./trustzone/tz_cfg -E -P -xc "app/ww_projects/ww130_cli/ww130_cli.ld" -MMD -MF"obj_epii_evb_icv30_bdv10/gnu_epii_evb_WLCSP65/EPII_CM55M_gnu_epii_evb_WLCSP65.d" -MT"obj_epii_evb_icv30_bdv10/gnu_epii_evb_WLCSP65/EPII_CM55M_gnu_epii_evb_WLCSP65.ld" -o "obj_epii_evb_icv30_bdv10/gnu_epii_evb_WLCSP65/EPII_CM55M_gnu_epii_evb_WLCSP65.ld"
"Linking               : " obj_epii_evb_icv30_bdv10/gnu_epii_evb_WLCSP65/EPII_CM55M_gnu_epii_evb_WLCSP65_s.elf
[...]
MER3 -DIP_INST_TIMER4 -DIP_INST_TIMER5 -DIP_INST_TIMER6 -DIP_INST_TIMER7 -DIP_INST_TIMER8 -DIP_INST_UART0 -DIP_INST_UART1 -DIP_INST_UART2 -DIP_INST_WDT0 -DIP_INST_WDT1 -DIP_adcc -DIP_adcc_hv -DIP_cdm -DIP_csirx -DIP_csitx -DIP_dma -DIP_dp -DIP_edm -DIP_gpio -DIP_hxautoi2c_mst -DIP_i2s -DIP_i3c_mst -DIP_i3c_slv -DIP_iic -DIP_inp -DIP_inp1bitparser -DIP_inpovparser -DIP_isp -DIP_jpeg -DIP_mb -DIP_mpc -DIP_pdm -DIP_pmu -DIP_ppc -DIP_pwm -DIP_rtc -DIP_scu -DIP_sensorctrl -DIP_spi -DIP_swreg_aon -DIP_swreg_lsc -DIP_timer -DIP_tpg -DIP_u55 -DIP_uart -DIP_vad -DIP_watchdog -DIP_xdma -DLIB_CMSIS_NN -DLIB_COMMON -DLIB_I2C_COMM -DLIB_PWRMGMT -DLIB_QSPI_EEPROM -DLIB_SENSORDP -DLIB_SPI_EEPROM -DLIB_SPI_PTL -DMID_FATFS -DOS_FREERTOS_10_5_1 -DSPI_EEPROM_USE_WB_25Q128JW_INST_ -DTFLM2209_U55TAG2205 -DTF_LITE_MCU_DEBUG_LOG -DTF_LITE_STATIC_MEMORY -DTRUSTZONE -DTRUSTZONE_CFG -DTRUSTZONE_SEC -DTRUSTZONE_SEC_ONLY -DWW130_CLI -D__GNU__ -D__NEWLIB__ -DconfigENABLE_MPU=0 -Dseeed -I./CMSIS -I./CMSIS/Driver/Include -I./app -I./app/ww_projects -I./app/ww_projects/ww130_cli -I./app/ww_projects/ww130_cli/cis_sensor/cis_ov5647 -I./board -I./board/epii_evb -I./board/epii_evb/config -I./cmsis_drivers/SPI -I./customer/sec_inc/seeed -I./device -I./device/clib -I./device/inc -I./drivers -I./drivers/2x2 -I./drivers/5x5 -I./drivers/adcc -I./drivers/adcc_hv -I./drivers/cdm -I./drivers/csirx -I./drivers/csitx -I./drivers/dma -I./drivers/dp -I./drivers/edm -I./drivers/gpio -I./drivers/hxautoi2c_mst -I./drivers/i2s -I./drivers/i3c_mst -I./drivers/i3c_slv -I./drivers/iic -I./drivers/inc -I./drivers/inp -I./drivers/inp1bitparser -I./drivers/inpovparser -I./drivers/isp -I./drivers/jpeg -I./drivers/mb -I./drivers/mpc -I./drivers/pdm -I./drivers/pmu -I./drivers/ppc -I./drivers/pwm -I./drivers/rtc -I./drivers/scu -I./drivers/seconly_inc -I./drivers/sensorctrl -I./drivers/spi -I./drivers/swreg_aon -I./drivers/swreg_lsc -I./drivers/timer -I./drivers/tpg -I./drivers/u55 -I./drivers/uart -I./drivers/vad -I./drivers/watchdog -I./drivers/xdma -I./external -I./external/cis/ -I./external/cis/hm_common -I./external/inc -I./interface -I./library/cmsis_nn/cmsis_nn -I./library/cmsis_nn/cmsis_nn/Include -I./library/common -I./library/i2c_comm -I./library/inference/tflmtag2209_u55tag2205 -I./library/inference/tflmtag2209_u55tag2205/tensorflow/lite -I./library/inference/tflmtag2209_u55tag2205/tensorflow/lite/c -I./library/inference/tflmtag2209_u55tag2205/tensorflow/lite/core/api -I./library/inference/tflmtag2209_u55tag2205/tensorflow/lite/kernels -I./library/inference/tflmtag2209_u55tag2205/tensorflow/lite/kernels/internal -I./library/inference/tflmtag2209_u55tag2205/tensorflow/lite/kernels/internal/reference -I./library/inference/tflmtag2209_u55tag2205/tensorflow/lite/micro -I./library/inference/tflmtag2209_u55tag2205/tensorflow/lite/micro/kernels -I./library/inference/tflmtag2209_u55tag2205/tensorflow/lite/schema -I./library/inference/tflmtag2209_u55tag2205/third_party -I./library/inference/tflmtag2209_u55tag2205/third_party/ethos_u_core_driver/include -I./library/inference/tflmtag2209_u55tag2205/third_party/flatbuffers/include -I./library/inference/tflmtag2209_u55tag2205/third_party/gemmlowp -I./library/inference/tflmtag2209_u55tag2205/third_party/ruy -I./library/pwrmgmt -I./library/pwrmgmt/seconly_inc -I./library/sensordp/inc -I./library/sensordp/internal_inc -I./library/spi_eeprom -I./library/spi_eeprom/eeprom_param -I./library/spi_ptl -I./middleware/fatfs/port/mmc_spi -I./middleware/fatfs/source -I./os/freertos_10_5_1/NTZ/config -I./os/freertos_10_5_1/NTZ/freertos_kernel/include -I./os/freertos_10_5_1/NTZ/freertos_kernel/portable -I./os/freertos_10_5_1/NTZ/freertos_kernel/portable/GCC/ARM_CM55_NTZ/non_secure -I./os/freertos_10_5_1/NTZ/freertos_kernel/portable/MemMang -I./trustzone/tz_cfg -fmacro-prefix-map="../obj_epii_evb_icv30_bdv10/gnu_epii_evb_WLCSP65/app/ww_projects/ww130_cli/"=. -MMD -MP -MF"obj_epii_evb_icv30_bdv10/gnu_epii_evb_WLCSP65/app/ww_projects/ww130_cli/fatfs_task.d" -MT"obj_epii_evb_icv30_bdv10/gnu_epii_evb_WLCSP65/app/ww_projects/ww130_cli/fatfs_task.o" -MT"obj_epii_evb_icv30_bdv10/gnu_epii_evb_WLCSP65/app/ww_projects/ww130_cli/fatfs_task.d" -std=gnu11 -o "obj_epii_evb_icv30_bdv10/gnu_epii_evb_WLCSP65/app/ww_projects/ww130_cli/fatfs_task.o" "app/ww_projects/ww130_cli/fatfs_task.c"
"Linking               : " obj_epii_evb_icv30_bdv10/gnu_epii_evb_WLCSP65/EPII_CM55M_gnu_epii_evb_WLCSP65_s.elf
arm-none-eabi-gcc -DARM_MATH_DSP -DARM_MATH_LOOPUNROLL -DARM_MATH_MVEI -DCM55_BIG -DCMSIS_DRIVERS_SPI -DCMSIS_NN -DCOREV_0P9V -DDBG_MORE -DDEBUG -DENABLE_OS -DEPII_EVB -DETHOSU55 -DETHOSU_ARCH=u55 -DETHOSU_LOG_SEVERITY=ETHOSU_LOG_WARN -DETHOS_U -DFATFS_PORT_mmc_spi -DFREERTOS -DFREERTOS_SECONLY -DHM_COMMON -DIC_PACKAGE_WLCSP65 -DIC_VERSION=30 -DIP_2x2 -DIP_5x5 -DIP_INST_ADCC -DIP_INST_ADCC_HV -DIP_INST_AON_GPIO -DIP_INST_DMA0 -DIP_INST_DMA1 -DIP_INST_DMA2 -DIP_INST_DMA3 -DIP_INST_GPIO_G0 -DIP_INST_GPIO_G1 -DIP_INST_GPIO_G2 -DIP_INST_GPIO_G3 -DIP_INST_I2S_HOST -DIP_INST_I2S_SLAVE -DIP_INST_IIC_HOST -DIP_INST_IIC_HOST_MIPI -DIP_INST_IIC_HOST_SENSOR -DIP_INST_IIC_SLAVE0 -DIP_INST_IIC_SLAVE1 -DIP_INST_OSPI_HOST -DIP_INST_PWM0 -DIP_INST_PWM1 -DIP_INST_PWM2 -DIP_INST_QSPI_HOST -DIP_INST_RTC0 -DIP_INST_RTC1 -DIP_INST_RTC2 -DIP_INST_SB_GPIO -DIP_INST_SSPI_HOST -DIP_INST_SSPI_SLAVE -DIP_INST_TIMER0 -DIP_INST_TIMER1 -DIP_INST_TIMER2 -DIP_INST_TIMER3 -DIP_INST_TIMER4 -DIP_INST_TIMER5 -DIP_INST_TIMER6 -DIP_INST_TIMER7 -DIP_INST_TIMER8 -DIP_INST_UART0 -DIP_INST_UART1 -DIP_INST_UART2 -DIP_INST_WDT0 -DIP_INST_WDT1 -DIP_adcc -DIP_adcc_hv -DIP_cdm -DIP_csirx -DIP_csitx -DIP_dma -DIP_dp -DIP_edm -DIP_gpio -DIP_hxautoi2c_mst -DIP_i2s -DIP_i3c_mst -DIP_i3c_slv -DIP_iic -DIP_inp -DIP_inp1bitparser -DIP_inpovparser -DIP_isp -DIP_jpeg -DIP_mb -DIP_mpc -DIP_pdm -DIP_pmu -DIP_ppc -DIP_pwm -DIP_rtc -DIP_scu -DIP_sensorctrl -DIP_spi -DIP_swreg_aon -DIP_swreg_lsc -DIP_timer -DIP_tpg -DIP_u55 -DIP_uart -DIP_vad -DIP_watchdog -DIP_xdma -DLIB_CMSIS_NN -DLIB_COMMON -DLIB_I2C_COMM -DLIB_PWRMGMT -DLIB_QSPI_EEPROM -DLIB_SENSORDP -DLIB_SPI_EEPROM -DLIB_SPI_PTL -DMID_FATFS -DOS_FREERTOS_10_5_1 -DSPI_EEPROM_USE_WB_25Q128JW_INST_ -DTFLM2209_U55TAG2205 -DTF_LITE_MCU_DEBUG_LOG -DTF_LITE_STATIC_MEMORY -DTRUSTZONE -DTRUSTZONE_CFG -DTRUSTZONE_SEC -DTRUSTZONE_SEC_ONLY -DWW130_CLI -D__GNU__ -D__NEWLIB__ -DconfigENABLE_MPU=0 -Dseeed -L"./linker_script/" -L"./linker_script/gcc" -L"./libs" -Xlinker --gc-sections -Xlinker -print-memory-usage -Xlinker --sort-section=alignment -Xlinker --cref -mthumb -mcpu=cortex-m55  -DARMCM55 -mfloat-abi=hard -L"./linker_script/gcc/" -L"obj_epii_evb_icv30_bdv10/gnu_epii_evb_WLCSP65" -Xlinker --cmse-implib  -Wl,-M,-Map=obj_epii_evb_icv30_bdv10/gnu_epii_evb_WLCSP65/EPII_CM55M_gnu_epii_evb_WLCSP65_s.map  -T obj_epii_evb_icv30_bdv10/gnu_epii_evb_WLCSP65/EPII_CM55M_gnu_epii_evb_WLCSP65.ld  @objs.in -Wl,--start-group  obj_epii_evb_icv30_bdv10\gnu_epii_evb_WLCSP65\libtrustzone_cfg.a  obj_epii_evb_icv30_bdv10\gnu_epii_evb_WLCSP65\libdriver.a   obj_epii_evb_icv30_bdv10\gnu_epii_evb_WLCSP65\libcommon.a  obj_epii_evb_icv30_bdv10\gnu_epii_evb_WLCSP65\lib_i2c_comm.a  obj_epii_evb_icv30_bdv10\gnu_epii_evb_WLCSP65\libpwrmgmt.a  obj_epii_evb_icv30_bdv10\gnu_epii_evb_WLCSP65\libsensordp.a  obj_epii_evb_icv30_bdv10\gnu_epii_evb_WLCSP65\lib_spi_eeprom.a  obj_epii_evb_icv30_bdv10\gnu_epii_evb_WLCSP65\lib_spi_ptl.a  obj_epii_evb_icv30_bdv10\gnu_epii_evb_WLCSP65\lib_cmsis_nn.a  obj_epii_evb_icv30_bdv10\gnu_epii_evb_WLCSP65\libextdevice.a   obj_epii_evb_icv30_bdv10\gnu_epii_evb_WLCSP65\libfatfs.a obj_epii_evb_icv30_bdv10/gnu_epii_evb_WLCSP65/libcmsis_drivers.a  obj_epii_evb_icv30_bdv10\gnu_epii_evb_WLCSP65\libcustomer.a  obj_epii_evb_icv30_bdv10\gnu_epii_evb_WLCSP65\libtflmtag2209_u55tag2205_cmsisnn_gnu.a     -lm -lc -lgcc -lstdc++ -Wl,--end-group -o obj_epii_evb_icv30_bdv10/gnu_epii_evb_WLCSP65/EPII_CM55M_gnu_epii_evb_WLCSP65_s.elf
Memory region         Used Size  Region Size  %age Used
 CM55M_S_APP_ROM:      122472 B       256 KB     46.72%
CM55M_S_APP_DATA:       87624 B       256 KB     33.43%
    CM55M_S_SRAM:          0 GB      1924 KB      0.00%
arm-none-eabi-size obj_epii_evb_icv30_bdv10/gnu_epii_evb_WLCSP65/EPII_CM55M_gnu_epii_evb_WLCSP65_s.elf
   text	   data	    bss	    dec	    hex	filename
 134864	   3100	  72128	 210092	  334ac	obj_epii_evb_icv30_bdv10/gnu_epii_evb_WLCSP65/EPII_CM55M_gnu_epii_evb_WLCSP65_s.elf
C:\Windows\system32\cmd.exe /C del /Q /F objs.in
18:42:34 **** Incremental Build of configuration Debug for project EPII_CM55M_APP_S ****
make all 
Choosing PROJECT_FOLDER='ww_projects' for our projects 
In ww130.mk TOOLCHAIN='gnu', SCENARIO_APP_ROOT='./app/ww_projects',  APP_TYPE='ww130_cli'
In ww130.mk LINKER_SCRIPT_FILE='./app/ww_projects/ww130_cli/ww130_cli.ld'
In ww130.mk CIS_SUPPORT_INAPP_MODEL='cis_ov5647' SCENARIO_APP_INCDIR=''
In ww.mk OUT_DIR=''
In ww.mk CIS_SUPPORT_INAPP='cis_sensor' SCENARIO_APP_INCDIR='./app/ww_projects  ./app/ww_projects/ww130_cli ./app/ww_projects/ww130_cli/cis_sensor/cis_ov5647'
using /NTZ/NTZ.mk
In os.mk OS_SEL='OS_FREERTOS_10_5_1' OS_ID='OS_FREERTOS_10_5_1' OS_DEFINES='-DconfigENABLE_MPU=0 -DFREERTOS -DFREERTOS_SECONLY -DOS_FREERTOS_10_5_1 -DENABLE_OS'
OSES_ROOT_DIR='./os/freertos_10_5_1' FREERTOS_OSHAL=''
In makefile APP_TYPE='ww130_cli' SCENARIO_APP_INCDIR='./app/ww_projects  ./app/ww_projects/ww130_cli ./app/ww_projects/ww130_cli/cis_sensor/cis_ov5647'
"Compiling             : " app/ww_projects/ww130_cli/ww130_cli.c
arm-none-eabi-gcc -mthumb -mcpu=cortex-m55  -DARMCM55 -mfloat-abi=hard -c -ffunction-sections -fdata-sections -Wall   -fstack-usage -flax-vector-conversions  -mcmse      -O2 -g -DARM_MATH_DSP -DARM_MATH_LOOPUNROLL -DARM_MATH_MVEI -DCM55_BIG -DCMSIS_DRIVERS_SPI -DCMSIS_NN -DCOREV_0P9V -DDBG_MORE -DDEBUG -DENABLE_OS -DEPII_EVB -DETHOSU55 -DETHOSU_ARCH=u55 -DETHOSU_LOG_SEVERITY=ETHOSU_LOG_WARN -DETHOS_U -DFATFS_PORT_mmc_spi -DFREERTOS -DFREERTOS_SECONLY -DHM_COMMON -DIC_PACKAGE_WLCSP65 -DIC_VERSION=30 -DIP_2x2 -DIP_5x5 -DIP_INST_ADCC -DIP_INST_ADCC_HV -DIP_INST_AON_GPIO -DIP_INST_DMA0 -DIP_INST_DMA1 -DIP_INST_DMA2 -DIP_INST_DMA3 -DIP_INST_GPIO_G0 -DIP_INST_GPIO_G1 -DIP_INST_GPIO_G2 -DIP_INST_GPIO_G3 -DIP_INST_I2S_HOST -DIP_INST_I2S_SLAVE -DIP_INST_IIC_HOST -DIP_INST_IIC_HOST_MIPI -DIP_INST_IIC_HOST_SENSOR -DIP_INST_IIC_SLAVE0 -DIP_INST_IIC_SLAVE1 -DIP_INST_OSPI_HOST -DIP_INST_PWM0 -DIP_INST_PWM1 -DIP_INST_PWM2 -DIP_INST_QSPI_HOST -DIP_INST_RTC0 -DIP_INST_RTC1 -DIP_INST_RTC2 -DIP_INST_SB_GPIO -DIP_INST_SSPI_HOST -DIP_INST_SSPI_SLAVE -DIP_INST_TIMER0 -DIP_INST_TIMER1 -DIP_INST_TIMER2 -DIP_INST_TIMER3 -DIP_INST_TIMER4 -DIP_INST_TIMER5 -DIP_INST_TIMER6 -DIP_INST_TIMER7 -DIP_INST_TIMER8 -DIP_INST_UART0 -DIP_INST_UART1 -DIP_INST_UART2 -DIP_INST_WDT0 -DIP_INST_WDT1 -DIP_adcc -DIP_adcc_hv -DIP_cdm -DIP_csirx -DIP_csitx -DIP_dma -DIP_dp -DIP_edm -DIP_gpio -DIP_hxautoi2c_mst -DIP_i2s -DIP_i3c_mst -DIP_i3c_slv -DIP_iic -DIP_inp -DIP_inp1bitparser -DIP_inpovparser -DIP_isp -DIP_jpeg -DIP_mb -DIP_mpc -DIP_pdm -DIP_pmu -DIP_ppc -DIP_pwm -DIP_rtc -DIP_scu -DIP_sensorctrl -DIP_spi -DIP_swreg_aon -DIP_swreg_lsc -DIP_timer -DIP_tpg -DIP_u55 -DIP_uart -DIP_vad -DIP_watchdog -DIP_xdma -DLIB_CMSIS_NN -DLIB_COMMON -DLIB_I2C_COMM -DLIB_PWRMGMT -DLIB_QSPI_EEPROM -DLIB_SENSORDP -DLIB_SPI_EEPROM -DLIB_SPI_PTL -DMID_FATFS -DOS_FREERTOS_10_5_1 -DSPI_EEPROM_USE_WB_25Q128JW_INST_ -DTFLM2209_U55TAG2205 -DTF_LITE_MCU_DEBUG_LOG -DTF_LITE_STATIC_MEMORY -DTRUSTZONE -DTRUSTZONE_CFG -DTRUSTZONE_SEC -DTRUSTZONE_SEC_ONLY -DWW130_CLI -D__GNU__ -D__NEWLIB__ -DconfigENABLE_MPU=0 -Dseeed -I./CMSIS -I./CMSIS/Driver/Include -I./app -I./app/ww_projects -I./app/ww_projects/ww130_cli -I./app/ww_projects/ww130_cli/cis_sensor/cis_ov5647 -I./board -I./board/epii_evb -I./board/epii_evb/config -I./cmsis_drivers/SPI -I./customer/sec_inc/seeed -I./device -I./device/clib -I./device/inc -I./drivers -I./drivers/2x2 -I./drivers/5x5 -I./drivers/adcc -I./drivers/adcc_hv -I./drivers/cdm -I./drivers/csirx -I./drivers/csitx -I./drivers/dma -I./drivers/dp -I./drivers/edm -I./drivers/gpio -I./drivers/hxautoi2c_mst -I./drivers/i2s -I./drivers/i3c_mst -I./drivers/i3c_slv -I./drivers/iic -I./drivers/inc -I./drivers/inp -I./drivers/inp1bitparser -I./drivers/inpovparser -I./drivers/isp -I./drivers/jpeg -I./drivers/mb -I./drivers/mpc -I./drivers/pdm -I./drivers/pmu -I./drivers/ppc -I./drivers/pwm -I./drivers/rtc -I./drivers/scu -I./drivers/seconly_inc -I./drivers/sensorctrl -I./drivers/spi -I./drivers/swreg_aon -I./drivers/swreg_lsc -I./drivers/timer -I./drivers/tpg -I./drivers/u55 -I./drivers/uart -I./drivers/vad -I./drivers/watchdog -I./drivers/xdma -I./external -I./external/cis/ -I./external/cis/hm_common -I./external/inc -I./interface -I./library/cmsis_nn/cmsis_nn -I./library/cmsis_nn/cmsis_nn/Include -I./library/common -I./library/i2c_comm -I./library/inference/tflmtag2209_u55tag2205 -I./library/inference/tflmtag2209_u55tag2205/tensorflow/lite -I./library/inference/tflmtag2209_u55tag2205/tensorflow/lite/c -I./library/inference/tflmtag2209_u55tag2205/tensorflow/lite/core/api -I./library/inference/tflmtag2209_u55tag2205/tensorflow/lite/kernels -I./library/inference/tflmtag2209_u55tag2205/tensorflow/lite/kernels/internal -I./library/inference/tflmtag2209_u55tag2205/tensorflow/lite/kernels/internal/reference -I./library/inference/tflmtag2209_u55tag2205/tensorflow/lite/micro -I./library/inference/tflmtag2209_u55tag2205/tensorflow/lite/micro/kernels -I./library/inference/tflmtag2209_u55tag2205/tensorflow/lite/schema -I./library/inference/tflmtag2209_u55tag2205/third_party -I./library/inference/tflmtag2209_u55tag2205/third_party/ethos_u_core_driver/include -I./library/inference/tflmtag2209_u55tag2205/third_party/flatbuffers/include -I./library/inference/tflmtag2209_u55tag2205/third_party/gemmlowp -I./library/inference/tflmtag2209_u55tag2205/third_party/ruy -I./library/pwrmgmt -I./library/pwrmgmt/seconly_inc -I./library/sensordp/inc -I./library/sensordp/internal_inc -I./library/spi_eeprom -I./library/spi_eeprom/eeprom_param -I./library/spi_ptl -I./middleware/fatfs/port/mmc_spi -I./middleware/fatfs/source -I./os/freertos_10_5_1/NTZ/config -I./os/freertos_10_5_1/NTZ/freertos_kernel/include -I./os/freertos_10_5_1/NTZ/freertos_kernel/portable -I./os/freertos_10_5_1/NTZ/freertos_kernel/portable/GCC/ARM_CM55_NTZ/non_secure -I./os/freertos_10_5_1/NTZ/freertos_kernel/portable/MemMang -I./trustzone/tz_cfg -fmacro-prefix-map="../obj_epii_evb_icv30_bdv10/gnu_epii_evb_WLCSP65/app/ww_projects/ww130_cli/"=. -MMD -MP -MF"obj_epii_evb_icv30_bdv10/gnu_epii_evb_WLCSP65/app/ww_projects/ww130_cli/ww130_cli.d" -MT"obj_epii_evb_icv30_bdv10/gnu_epii_evb_WLCSP65/app/ww_projects/ww130_cli/ww130_cli.o" -MT"obj_epii_evb_icv30_bdv10/gnu_epii_evb_WLCSP65/app/ww_projects/ww130_cli/ww130_cli.d" -std=gnu11 -o "obj_epii_evb_icv30_bdv10/gnu_epii_evb_WLCSP65/app/ww_projects/ww130_cli/ww130_cli.o" "app/ww_projects/ww130_cli/ww130_cli.c"
"Linking               : " obj_epii_evb_icv30_bdv10/gnu_epii_evb_WLCSP65/EPII_CM55M_gnu_epii_evb_WLCSP65_s.elf
arm-none-eabi-gcc -DARM_MATH_DSP -DARM_MATH_LOOPUNROLL -DARM_MATH_MVEI -DCM55_BIG -DCMSIS_DRIVERS_SPI -DCMSIS_NN -DCOREV_0P9V -DDBG_MORE -DDEBUG -DENABLE_OS -DEPII_EVB -DETHOSU55 -DETHOSU_ARCH=u55 -DETHOSU_LOG_SEVERITY=ETHOSU_LOG_WARN -DETHOS_U -DFATFS_PORT_mmc_spi -DFREERTOS -DFREERTOS_SECONLY -DHM_COMMON -DIC_PACKAGE_WLCSP65 -DIC_VERSION=30 -DIP_2x2 -DIP_5x5 -DIP_INST_ADCC -DIP_INST_ADCC_HV -DIP_INST_AON_GPIO -DIP_INST_DMA0 -DIP_INST_DMA1 -DIP_INST_DMA2 -DIP_INST_DMA3 -DIP_INST_GPIO_G0 -DIP_INST_GPIO_G1 -DIP_INST_GPIO_G2 -DIP_INST_GPIO_G3 -DIP_INST_I2S_HOST -DIP_INST_I2S_SLAVE -DIP_INST_IIC_HOST -DIP_INST_IIC_HOST_MIPI -DIP_INST_IIC_HOST_SENSOR -DIP_INST_IIC_SLAVE0 -DIP_INST_IIC_SLAVE1 -DIP_INST_OSPI_HOST -DIP_INST_PWM0 -DIP_INST_PWM1 -DIP_INST_PWM2 -DIP_INST_QSPI_HOST -DIP_INST_RTC0 -DIP_INST_RTC1 -DIP_INST_RTC2 -DIP_INST_SB_GPIO -DIP_INST_SSPI_HOST -DIP_INST_SSPI_SLAVE -DIP_INST_TIMER0 -DIP_INST_TIMER1 -DIP_INST_TIMER2 -DIP_INST_TIMER3 -DIP_INST_TIMER4 -DIP_INST_TIMER5 -DIP_INST_TIMER6 -DIP_INST_TIMER7 -DIP_INST_TIMER8 -DIP_INST_UART0 -DIP_INST_UART1 -DIP_INST_UART2 -DIP_INST_WDT0 -DIP_INST_WDT1 -DIP_adcc -DIP_adcc_hv -DIP_cdm -DIP_csirx -DIP_csitx -DIP_dma -DIP_dp -DIP_edm -DIP_gpio -DIP_hxautoi2c_mst -DIP_i2s -DIP_i3c_mst -DIP_i3c_slv -DIP_iic -DIP_inp -DIP_inp1bitparser -DIP_inpovparser -DIP_isp -DIP_jpeg -DIP_mb -DIP_mpc -DIP_pdm -DIP_pmu -DIP_ppc -DIP_pwm -DIP_rtc -DIP_scu -DIP_sensorctrl -DIP_spi -DIP_swreg_aon -DIP_swreg_lsc -DIP_timer -DIP_tpg -DIP_u55 -DIP_uart -DIP_vad -DIP_watchdog -DIP_xdma -DLIB_CMSIS_NN -DLIB_COMMON -DLIB_I2C_COMM -DLIB_PWRMGMT -DLIB_QSPI_EEPROM -DLIB_SENSORDP -DLIB_SPI_EEPROM -DLIB_SPI_PTL -DMID_FATFS -DOS_FREERTOS_10_5_1 -DSPI_EEPROM_USE_WB_25Q128JW_INST_ -DTFLM2209_U55TAG2205 -DTF_LITE_MCU_DEBUG_LOG -DTF_LITE_STATIC_MEMORY -DTRUSTZONE -DTRUSTZONE_CFG -DTRUSTZONE_SEC -DTRUSTZONE_SEC_ONLY -DWW130_CLI -D__GNU__ -D__NEWLIB__ -DconfigENABLE_MPU=0 -Dseeed -L"./linker_script/" -L"./linker_script/gcc" -L"./libs" -Xlinker --gc-sections -Xlinker -print-memory-usage -Xlinker --sort-section=alignment -Xlinker --cref -mthumb -mcpu=cortex-m55  -DARMCM55 -mfloat-abi=hard -L"./linker_script/gcc/" -L"obj_epii_evb_icv30_bdv10/gnu_epii_evb_WLCSP65" -Xlinker --cmse-implib  -Wl,-M,-Map=obj_epii_evb_icv30_bdv10/gnu_epii_evb_WLCSP65/EPII_CM55M_gnu_epii_evb_WLCSP65_s.map  -T obj_epii_evb_icv30_bdv10/gnu_epii_evb_WLCSP65/EPII_CM55M_gnu_epii_evb_WLCSP65.ld  @objs.in -Wl,--start-group  obj_epii_evb_icv30_bdv10\gnu_epii_evb_WLCSP65\libtrustzone_cfg.a  obj_epii_evb_icv30_bdv10\gnu_epii_evb_WLCSP65\libdriver.a   obj_epii_evb_icv30_bdv10\gnu_epii_evb_WLCSP65\libcommon.a  obj_epii_evb_icv30_bdv10\gnu_epii_evb_WLCSP65\lib_i2c_comm.a  obj_epii_evb_icv30_bdv10\gnu_epii_evb_WLCSP65\libpwrmgmt.a  obj_epii_evb_icv30_bdv10\gnu_epii_evb_WLCSP65\libsensordp.a  obj_epii_evb_icv30_bdv10\gnu_epii_evb_WLCSP65\lib_spi_eeprom.a  obj_epii_evb_icv30_bdv10\gnu_epii_evb_WLCSP65\lib_spi_ptl.a  obj_epii_evb_icv30_bdv10\gnu_epii_evb_WLCSP65\lib_cmsis_nn.a  obj_epii_evb_icv30_bdv10\gnu_epii_evb_WLCSP65\libextdevice.a   obj_epii_evb_icv30_bdv10\gnu_epii_evb_WLCSP65\libfatfs.a obj_epii_evb_icv30_bdv10/gnu_epii_evb_WLCSP65/libcmsis_drivers.a  obj_epii_evb_icv30_bdv10\gnu_epii_evb_WLCSP65\libcustomer.a  obj_epii_evb_icv30_bdv10\gnu_epii_evb_WLCSP65\libtflmtag2209_u55tag2205_cmsisnn_gnu.a     -lm -lc -lgcc -lstdc++ -Wl,--end-group -o obj_epii_evb_icv30_bdv10/gnu_epii_evb_WLCSP65/EPII_CM55M_gnu_epii_evb_WLCSP65_s.elf
Memory region         Used Size  Region Size  %age Used
 CM55M_S_APP_ROM:      122472 B       256 KB     46.72%
CM55M_S_APP_DATA:       87624 B       256 KB     33.43%
    CM55M_S_SRAM:          0 GB      1924 KB      0.00%
arm-none-eabi-size obj_epii_evb_icv30_bdv10/gnu_epii_evb_WLCSP65/EPII_CM55M_gnu_epii_evb_WLCSP65_s.elf
   text	   data	    bss	    dec	    hex	filename
 134864	   3100	  72128	 210092	  334ac	obj_epii_evb_icv30_bdv10/gnu_epii_evb_WLCSP65/EPII_CM55M_gnu_epii_evb_WLCSP65_s.elf
C:\Windows\system32\cmd.exe /C del /Q /F objs.in
08:24:59 **** Incremental Build of configuration Debug for project EPII_CM55M_APP_S ****
make all 
Choosing PROJECT_FOLDER='ww_projects' for our projects 
In ww130.mk TOOLCHAIN='gnu', SCENARIO_APP_ROOT='./app/ww_projects',  APP_TYPE='ww130_cli'
In ww130.mk LINKER_SCRIPT_FILE='./app/ww_projects/ww130_cli/ww130_cli.ld'
In ww130.mk CIS_SUPPORT_INAPP_MODEL='cis_ov5647' SCENARIO_APP_INCDIR=''
In ww.mk OUT_DIR=''
In ww.mk CIS_SUPPORT_INAPP='cis_sensor' SCENARIO_APP_INCDIR='./app/ww_projects  ./app/ww_projects/ww130_cli ./app/ww_projects/ww130_cli/cis_sensor/cis_ov5647'
using /NTZ/NTZ.mk
In os.mk OS_SEL='OS_FREERTOS_10_5_1' OS_ID='OS_FREERTOS_10_5_1' OS_DEFINES='-DconfigENABLE_MPU=0 -DFREERTOS -DFREERTOS_SECONLY -DOS_FREERTOS_10_5_1 -DENABLE_OS'
OSES_ROOT_DIR='./os/freertos_10_5_1' FREERTOS_OSHAL=''
In makefile APP_TYPE='ww130_cli' SCENARIO_APP_INCDIR='./app/ww_projects  ./app/ww_projects/ww130_cli ./app/ww_projects/ww130_cli/cis_sensor/cis_ov5647'
make: Nothing to be done for 'all'.
